Archive member included to satisfy reference by file (symbol)

/usr/lib/gcc/arm-none-eabi/12.2.1/thumb/v6-m/nofp/libgcc.a(_dvmd_tls.o)
                              CMakeFiles/main.dir/home/omar/pico-sdk/src/rp2_common/pico_divider/divider_hardware.S.obj (__aeabi_idiv0)
/usr/lib/gcc/arm-none-eabi/12.2.1/../../../arm-none-eabi/lib/thumb/v6-m/nofp/libg.a(lib_a-atexit.o)
                              /usr/lib/gcc/arm-none-eabi/12.2.1/../../../arm-none-eabi/lib/thumb/v6-m/nofp/crt0.o (atexit)
/usr/lib/gcc/arm-none-eabi/12.2.1/../../../arm-none-eabi/lib/thumb/v6-m/nofp/libg.a(lib_a-calloc.o)
                              CMakeFiles/main.dir/home/omar/pico-sdk/src/rp2_common/pico_malloc/malloc.c.obj (calloc)
/usr/lib/gcc/arm-none-eabi/12.2.1/../../../arm-none-eabi/lib/thumb/v6-m/nofp/libg.a(lib_a-callocr.o)
                              /usr/lib/gcc/arm-none-eabi/12.2.1/../../../arm-none-eabi/lib/thumb/v6-m/nofp/libg.a(lib_a-calloc.o) (_calloc_r)
/usr/lib/gcc/arm-none-eabi/12.2.1/../../../arm-none-eabi/lib/thumb/v6-m/nofp/libg.a(lib_a-fini.o)
                              /usr/lib/gcc/arm-none-eabi/12.2.1/../../../arm-none-eabi/lib/thumb/v6-m/nofp/crt0.o (__libc_fini_array)
/usr/lib/gcc/arm-none-eabi/12.2.1/../../../arm-none-eabi/lib/thumb/v6-m/nofp/libg.a(lib_a-impure.o)
                              /usr/lib/gcc/arm-none-eabi/12.2.1/../../../arm-none-eabi/lib/thumb/v6-m/nofp/libg.a(lib_a-calloc.o) (_impure_ptr)
/usr/lib/gcc/arm-none-eabi/12.2.1/../../../arm-none-eabi/lib/thumb/v6-m/nofp/libg.a(lib_a-init.o)
                              /usr/lib/gcc/arm-none-eabi/12.2.1/../../../arm-none-eabi/lib/thumb/v6-m/nofp/crt0.o (__libc_init_array)
/usr/lib/gcc/arm-none-eabi/12.2.1/../../../arm-none-eabi/lib/thumb/v6-m/nofp/libg.a(lib_a-lcltime_r.o)
                              CMakeFiles/main.dir/home/omar/pico-sdk/src/common/pico_util/datetime.c.obj (localtime_r)
/usr/lib/gcc/arm-none-eabi/12.2.1/../../../arm-none-eabi/lib/thumb/v6-m/nofp/libg.a(lib_a-malloc.o)
                              CMakeFiles/main.dir/home/omar/pico-sdk/src/rp2_common/pico_malloc/malloc.c.obj (malloc)
/usr/lib/gcc/arm-none-eabi/12.2.1/../../../arm-none-eabi/lib/thumb/v6-m/nofp/libg.a(lib_a-mallocr.o)
                              /usr/lib/gcc/arm-none-eabi/12.2.1/../../../arm-none-eabi/lib/thumb/v6-m/nofp/libg.a(lib_a-callocr.o) (_malloc_r)
/usr/lib/gcc/arm-none-eabi/12.2.1/../../../arm-none-eabi/lib/thumb/v6-m/nofp/libg.a(lib_a-memcmp.o)
                              CMakeFiles/main.dir/home/omar/pico-sdk/src/rp2_common/pico_atomic/atomic.c.obj (memcmp)
/usr/lib/gcc/arm-none-eabi/12.2.1/../../../arm-none-eabi/lib/thumb/v6-m/nofp/libg.a(lib_a-mktime.o)
                              CMakeFiles/main.dir/home/omar/pico-sdk/src/common/pico_util/datetime.c.obj (mktime)
/usr/lib/gcc/arm-none-eabi/12.2.1/../../../arm-none-eabi/lib/thumb/v6-m/nofp/libg.a(lib_a-mlock.o)
                              /usr/lib/gcc/arm-none-eabi/12.2.1/../../../arm-none-eabi/lib/thumb/v6-m/nofp/libg.a(lib_a-mallocr.o) (__malloc_lock)
/usr/lib/gcc/arm-none-eabi/12.2.1/../../../arm-none-eabi/lib/thumb/v6-m/nofp/libg.a(lib_a-month_lengths.o)
                              /usr/lib/gcc/arm-none-eabi/12.2.1/../../../arm-none-eabi/lib/thumb/v6-m/nofp/libg.a(lib_a-lcltime_r.o) (__month_lengths)
/usr/lib/gcc/arm-none-eabi/12.2.1/../../../arm-none-eabi/lib/thumb/v6-m/nofp/libg.a(lib_a-realloc.o)
                              CMakeFiles/main.dir/home/omar/pico-sdk/src/rp2_common/pico_malloc/malloc.c.obj (realloc)
/usr/lib/gcc/arm-none-eabi/12.2.1/../../../arm-none-eabi/lib/thumb/v6-m/nofp/libg.a(lib_a-reallocr.o)
                              /usr/lib/gcc/arm-none-eabi/12.2.1/../../../arm-none-eabi/lib/thumb/v6-m/nofp/libg.a(lib_a-realloc.o) (_realloc_r)
/usr/lib/gcc/arm-none-eabi/12.2.1/../../../arm-none-eabi/lib/thumb/v6-m/nofp/libg.a(lib_a-sbrkr.o)
                              /usr/lib/gcc/arm-none-eabi/12.2.1/../../../arm-none-eabi/lib/thumb/v6-m/nofp/libg.a(lib_a-mallocr.o) (_sbrk_r)
/usr/lib/gcc/arm-none-eabi/12.2.1/../../../arm-none-eabi/lib/thumb/v6-m/nofp/libg.a(lib_a-strlen-stub.o)
                              CMakeFiles/main.dir/home/omar/pico-sdk/src/rp2_common/pico_stdio/stdio.c.obj (strlen)
/usr/lib/gcc/arm-none-eabi/12.2.1/../../../arm-none-eabi/lib/thumb/v6-m/nofp/libg.a(lib_a-tzcalc_limits.o)
                              /usr/lib/gcc/arm-none-eabi/12.2.1/../../../arm-none-eabi/lib/thumb/v6-m/nofp/libg.a(lib_a-lcltime_r.o) (__tzcalc_limits)
/usr/lib/gcc/arm-none-eabi/12.2.1/../../../arm-none-eabi/lib/thumb/v6-m/nofp/libg.a(lib_a-tzlock.o)
                              /usr/lib/gcc/arm-none-eabi/12.2.1/../../../arm-none-eabi/lib/thumb/v6-m/nofp/libg.a(lib_a-lcltime_r.o) (__tz_lock)
/usr/lib/gcc/arm-none-eabi/12.2.1/../../../arm-none-eabi/lib/thumb/v6-m/nofp/libg.a(lib_a-tzset.o)
                              /usr/lib/gcc/arm-none-eabi/12.2.1/../../../arm-none-eabi/lib/thumb/v6-m/nofp/libg.a(lib_a-lcltime_r.o) (_tzset_unlocked)
[...]
Memory Configuration

Name             Origin             Length             Attributes
FLASH            0x0000000010000000 0x0000000000200000 xr
RAM              0x0000000020000000 0x0000000000040000 xrw
SCRATCH_X        0x0000000020040000 0x0000000000001000 xrw
SCRATCH_Y        0x0000000020041000 0x0000000000001000 xrw
*default*        0x0000000000000000 0xffffffffffffffff

Linker script and memory map

LOAD /usr/lib/gcc/arm-none-eabi/12.2.1/thumb/v6-m/nofp/crti.o
LOAD /usr/lib/gcc/arm-none-eabi/12.2.1/thumb/v6-m/nofp/crtbegin.o
LOAD /usr/lib/gcc/arm-none-eabi/12.2.1/../../../arm-none-eabi/lib/thumb/v6-m/nofp/crt0.o

.flash_begin    0x0000000010000000        0x0
                0x0000000010000000                __flash_binary_start = .

.boot2          0x0000000010000000      0x100
                0x0000000010000000                __boot2_start__ = .
 *(.boot2)
 .boot2         0x0000000010000000      0x100 /tmp/cc5jBNQF.o
                0x0000000010000100                __boot2_end__ = .
                0x0000000000000001                ASSERT (((__boot2_end__ - __boot2_start__) == 0x100), ERROR: Pico second stage bootloader must be 256 bytes in size)

.text           0x0000000010000100     0x3548
                0x0000000010000100                __logical_binary_start = .
 *(.vectors)
 .vectors       0x0000000010000100       0xd4 CMakeFiles/main.dir/home/omar/pico-sdk/src/rp2_common/pico_crt0/crt0.S.obj
                0x0000000010000100                __vectors
                0x0000000010000100                __VECTOR_TABLE
                0x00000000100001c0                isr_invalid
                0x00000000100001c0                __default_isrs_start
                0x00000000100001c2                isr_nmi
                0x00000000100001c4                isr_hardfault
                0x00000000100001c6                isr_svcall
                0x00000000100001c8                isr_pendsv
                0x00000000100001ca                isr_systick
                0x00000000100001cc                isr_irq30
                0x00000000100001cc                __unhandled_user_irq
                0x00000000100001cc                isr_irq13
                0x00000000100001cc                isr_irq27
                0x00000000100001cc                isr_irq31
                0x00000000100001cc                isr_irq5
                0x00000000100001cc                isr_irq11
                0x00000000100001cc                isr_irq23
                0x00000000100001cc                isr_irq18
                0x00000000100001cc                isr_irq28
                0x00000000100001cc                isr_irq19
                0x00000000100001cc                isr_irq0
                0x00000000100001cc                isr_irq6
                0x00000000100001cc                isr_irq22
                0x00000000100001cc                isr_irq17
                0x00000000100001cc                isr_irq14
                0x00000000100001cc                isr_irq2
                0x00000000100001cc                isr_irq10
                0x00000000100001cc                isr_irq8
                0x00000000100001cc                isr_irq24
                0x00000000100001cc                isr_irq1
                0x00000000100001cc                isr_irq7
                0x00000000100001cc                isr_irq21
                0x00000000100001cc                isr_irq20
                0x00000000100001cc                isr_irq15
                0x00000000100001cc                isr_irq25
                0x00000000100001cc                isr_irq4
                0x00000000100001cc                isr_irq16
                0x00000000100001cc                isr_irq29
                0x00000000100001cc                isr_irq26
                0x00000000100001cc                __default_isrs_end
                0x00000000100001cc                isr_irq3
                0x00000000100001cc                isr_irq12
                0x00000000100001cc                isr_irq9
                0x00000000100001d2                unhandled_user_irq_num_in_r0
 *(.binary_info_header)
 .binary_info_header
                0x00000000100001d4       0x14 CMakeFiles/main.dir/home/omar/pico-sdk/src/rp2_common/pico_crt0/crt0.S.obj
                0x00000000100001e8                __binary_info_header_end = .
 *(.embedded_block)
                0x00000000100001e8                __embedded_block_end = .
 *(.reset)
 .reset         0x00000000100001e8       0x9c CMakeFiles/main.dir/home/omar/pico-sdk/src/rp2_common/pico_crt0/crt0.S.obj
                0x00000000100001e8                _entry_point
 *(.init)
 .init          0x0000000010000284        0x4 /usr/lib/gcc/arm-none-eabi/12.2.1/thumb/v6-m/nofp/crti.o
                0x0000000010000284                _init
 *(EXCLUDE_FILE(*libm.a: *libc.a:*lib_a-mem*.o *libgcc.a:) .text*)
 .text          0x0000000010000288       0x98 /usr/lib/gcc/arm-none-eabi/12.2.1/thumb/v6-m/nofp/crtbegin.o
 .text.main     0x0000000010000320       0x88 CMakeFiles/main.dir/main.c.obj
                0x0000000010000320                main
 .text.gpio_set_function
                0x00000000100003a8       0x34 CMakeFiles/main.dir/home/omar/pico-sdk/src/rp2_common/hardware_gpio/gpio.c.obj
                0x00000000100003a8                gpio_set_function
 .text.gpio_init
                0x00000000100003dc       0x16 CMakeFiles/main.dir/home/omar/pico-sdk/src/rp2_common/hardware_gpio/gpio.c.obj
                0x00000000100003dc                gpio_init
 *fill*         0x00000000100003f2        0x2 
 .text.panic    0x00000000100003f4       0x30 CMakeFiles/main.dir/home/omar/pico-sdk/src/rp2_common/pico_platform_panic/panic.c.obj
                0x00000000100003f4                panic
 .text.hw_claim_lock
                0x0000000010000424       0x18 CMakeFiles/main.dir/home/omar/pico-sdk/src/common/hardware_claim/claim.c.obj
                0x0000000010000424                hw_claim_lock
 .text.hw_claim_unlock
                0x000000001000043c       0x14 CMakeFiles/main.dir/home/omar/pico-sdk/src/common/hardware_claim/claim.c.obj
                0x000000001000043c                hw_claim_unlock
 .text.hw_claim_or_assert
                0x0000000010000450       0x32 CMakeFiles/main.dir/home/omar/pico-sdk/src/common/hardware_claim/claim.c.obj
                0x0000000010000450                hw_claim_or_assert
 *fill*         0x0000000010000482        0x2 
 .text.next_striped_spin_lock_num
                0x0000000010000484       0x1c CMakeFiles/main.dir/home/omar/pico-sdk/src/rp2_common/hardware_sync/sync.c.obj
                0x0000000010000484                next_striped_spin_lock_num
 .text.spin_locks_reset
                0x00000000100004a0       0x20 CMakeFiles/main.dir/home/omar/pico-sdk/src/rp2_common/hardware_sync_spin_lock/sync_spin_lock.c.obj
                0x00000000100004a0                spin_locks_reset
 .text.set_raw_irq_handler_and_unlock
                0x00000000100004c0       0x28 CMakeFiles/main.dir/home/omar/pico-sdk/src/rp2_common/hardware_irq/irq.c.obj
 .text.nvic_ipr0
                0x00000000100004e8        0x8 CMakeFiles/main.dir/home/omar/pico-sdk/src/rp2_common/hardware_irq/irq.c.obj
 .text.runtime_init_per_core_irq_priorities
                0x00000000100004f0       0x1c CMakeFiles/main.dir/home/omar/pico-sdk/src/rp2_common/hardware_irq/irq.c.obj
                0x00000000100004f0                runtime_init_per_core_irq_priorities
 .text.irq_set_mask_n_enabled
                0x000000001000050c       0x1c CMakeFiles/main.dir/home/omar/pico-sdk/src/rp2_common/hardware_irq/irq.c.obj
                0x000000001000050c                irq_set_mask_n_enabled
 .text.irq_set_enabled
                0x0000000010000528       0x14 CMakeFiles/main.dir/home/omar/pico-sdk/src/rp2_common/hardware_irq/irq.c.obj
                0x0000000010000528                irq_set_enabled
 .text.irq_get_vtable_handler
                0x000000001000053c       0x10 CMakeFiles/main.dir/home/omar/pico-sdk/src/rp2_common/hardware_irq/irq.c.obj
                0x000000001000053c                irq_get_vtable_handler
 .text.irq_set_exclusive_handler
                0x000000001000054c       0x54 CMakeFiles/main.dir/home/omar/pico-sdk/src/rp2_common/hardware_irq/irq.c.obj
                0x000000001000054c                irq_set_exclusive_handler
 .text.lock_init
                0x00000000100005a0       0x10 CMakeFiles/main.dir/home/omar/pico-sdk/src/common/pico_sync/lock_core.c.obj
                0x00000000100005a0                lock_init
 .text.mutex_init
                0x00000000100005b0       0x1a CMakeFiles/main.dir/home/omar/pico-sdk/src/common/pico_sync/mutex.c.obj
                0x00000000100005b0                mutex_init
 .text.recursive_mutex_init
                0x00000000100005ca       0x1e CMakeFiles/main.dir/home/omar/pico-sdk/src/common/pico_sync/mutex.c.obj
                0x00000000100005ca                recursive_mutex_init
 .text.runtime_init_mutex
                0x00000000100005e8       0x4c CMakeFiles/main.dir/home/omar/pico-sdk/src/common/pico_sync/mutex.c.obj
                0x00000000100005e8                runtime_init_mutex
 .text.make_alarm_id
                0x0000000010000634        0x6 CMakeFiles/main.dir/home/omar/pico-sdk/src/common/pico_time/time.c.obj
 *fill*         0x000000001000063a        0x2 
 .text.sleep_until_callback
                0x000000001000063c       0x30 CMakeFiles/main.dir/home/omar/pico-sdk/src/common/pico_time/time.c.obj
 .text.alarm_pool_irq_handler
                0x000000001000066c      0x2e0 CMakeFiles/main.dir/home/omar/pico-sdk/src/common/pico_time/time.c.obj
 .text.ta_enable_irq_handler
                0x000000001000094c       0x2c CMakeFiles/main.dir/home/omar/pico-sdk/src/common/pico_time/time.c.obj
 .text.alarm_pool_post_alloc_init
                0x0000000010000978       0x78 CMakeFiles/main.dir/home/omar/pico-sdk/src/common/pico_time/time.c.obj
 .text.alarm_pool_get_default
                0x00000000100009f0       0x2c CMakeFiles/main.dir/home/omar/pico-sdk/src/common/pico_time/time.c.obj
                0x00000000100009f0                alarm_pool_get_default
 .text.alarm_pool_add_alarm_at_force_in_context
                0x0000000010000a1c       0xa4 CMakeFiles/main.dir/home/omar/pico-sdk/src/common/pico_time/time.c.obj
                0x0000000010000a1c                alarm_pool_add_alarm_at_force_in_context
 .text.alarm_pool_add_alarm_at
                0x0000000010000ac0       0x3c CMakeFiles/main.dir/home/omar/pico-sdk/src/common/pico_time/time.c.obj
                0x0000000010000ac0                alarm_pool_add_alarm_at
 .text.add_alarm_at
                0x0000000010000afc       0x2e CMakeFiles/main.dir/home/omar/pico-sdk/src/common/pico_time/time.c.obj
 *fill*         0x0000000010000b2a        0x2 
 .text.alarm_pool_cancel_alarm
                0x0000000010000b2c       0x78 CMakeFiles/main.dir/home/omar/pico-sdk/src/common/pico_time/time.c.obj
                0x0000000010000b2c                alarm_pool_cancel_alarm
 .text.cancel_alarm
                0x0000000010000ba4       0x10 CMakeFiles/main.dir/home/omar/pico-sdk/src/common/pico_time/time.c.obj
 .text.sleep_until
                0x0000000010000bb4       0xc0 CMakeFiles/main.dir/home/omar/pico-sdk/src/common/pico_time/time.c.obj
                0x0000000010000bb4                sleep_until
 .text.sleep_us
                0x0000000010000c74       0x24 CMakeFiles/main.dir/home/omar/pico-sdk/src/common/pico_time/time.c.obj
                0x0000000010000c74                sleep_us
 .text.sleep_ms
                0x0000000010000c98       0x14 CMakeFiles/main.dir/home/omar/pico-sdk/src/common/pico_time/time.c.obj
                0x0000000010000c98                sleep_ms
 .text.best_effort_wfe_or_timeout
                0x0000000010000cac       0xc4 CMakeFiles/main.dir/home/omar/pico-sdk/src/common/pico_time/time.c.obj
                0x0000000010000cac                best_effort_wfe_or_timeout
 .text.alarm_pool_get_default_timer
                0x0000000010000d70        0x8 CMakeFiles/main.dir/home/omar/pico-sdk/src/common/pico_time/time.c.obj
                0x0000000010000d70                alarm_pool_get_default_timer
 .text.runtime_init_default_alarm_pool
                0x0000000010000d78       0x38 CMakeFiles/main.dir/home/omar/pico-sdk/src/common/pico_time/time.c.obj
                0x0000000010000d78                runtime_init_default_alarm_pool
 .text.timer_hardware_alarm_claim
                0x0000000010000db0       0x14 CMakeFiles/main.dir/home/omar/pico-sdk/src/rp2_common/hardware_timer/timer.c.obj
                0x0000000010000db0                timer_hardware_alarm_claim
 .text.timer_time_us_64
                0x0000000010000dc4       0x10 CMakeFiles/main.dir/home/omar/pico-sdk/src/rp2_common/hardware_timer/timer.c.obj
                0x0000000010000dc4                timer_time_us_64
 .text.timer_busy_wait_until
                0x0000000010000dd4       0x1a CMakeFiles/main.dir/home/omar/pico-sdk/src/rp2_common/hardware_timer/timer.c.obj
                0x0000000010000dd4                timer_busy_wait_until
 *fill*         0x0000000010000dee        0x2 
 .text.time_us_64
                0x0000000010000df0       0x10 CMakeFiles/main.dir/home/omar/pico-sdk/src/rp2_common/hardware_timer/timer.c.obj
                0x0000000010000df0                time_us_64
 .text.busy_wait_until
                0x0000000010000e00       0x14 CMakeFiles/main.dir/home/omar/pico-sdk/src/rp2_common/hardware_timer/timer.c.obj
                0x0000000010000e00                busy_wait_until
 .text.clock_configure_internal
                0x0000000010000e14       0xc4 CMakeFiles/main.dir/home/omar/pico-sdk/src/rp2_common/hardware_clocks/clocks.c.obj
 .text.clock_configure_int_divider
                0x0000000010000ed8       0x28 CMakeFiles/main.dir/home/omar/pico-sdk/src/rp2_common/hardware_clocks/clocks.c.obj
                0x0000000010000ed8                clock_configure_int_divider
 .text.clock_configure_undivided
                0x0000000010000f00       0x12 CMakeFiles/main.dir/home/omar/pico-sdk/src/rp2_common/hardware_clocks/clocks.c.obj
                0x0000000010000f00                clock_configure_undivided
 *fill*         0x0000000010000f12        0x2 
 .text.clock_get_hz
                0x0000000010000f14        0xc CMakeFiles/main.dir/home/omar/pico-sdk/src/rp2_common/hardware_clocks/clocks.c.obj
                0x0000000010000f14                clock_get_hz
 .text.pll_init
                0x0000000010000f20      0x124 CMakeFiles/main.dir/home/omar/pico-sdk/src/rp2_common/hardware_pll/pll.c.obj
                0x0000000010000f20                pll_init
 .text.tick_start
                0x0000000010001044       0x10 CMakeFiles/main.dir/home/omar/pico-sdk/src/rp2_common/hardware_ticks/ticks.c.obj
                0x0000000010001044                tick_start
 .text.xosc_init
                0x0000000010001054       0x28 CMakeFiles/main.dir/home/omar/pico-sdk/src/rp2_common/hardware_xosc/xosc.c.obj
                0x0000000010001054                xosc_init
 .text.runtime_run_initializers_from
                0x000000001000107c       0x18 CMakeFiles/main.dir/home/omar/pico-sdk/src/rp2_common/pico_runtime/runtime.c.obj
 .text.first_per_core_initializer
                0x0000000010001094        0x2 CMakeFiles/main.dir/home/omar/pico-sdk/src/rp2_common/pico_runtime/runtime.c.obj
 *fill*         0x0000000010001096        0x2 
 .text.runtime_run_initializers
                0x0000000010001098       0x10 CMakeFiles/main.dir/home/omar/pico-sdk/src/rp2_common/pico_runtime/runtime.c.obj
                0x0000000010001098                runtime_run_initializers
 .text.runtime_init_early_resets
                0x00000000100010a8       0x2c CMakeFiles/main.dir/home/omar/pico-sdk/src/rp2_common/pico_runtime_init/runtime_init.c.obj
                0x00000000100010a8                runtime_init_early_resets
 .text.runtime_init_usb_power_down
                0x00000000100010d4       0x1c CMakeFiles/main.dir/home/omar/pico-sdk/src/rp2_common/pico_runtime_init/runtime_init.c.obj
                0x00000000100010d4                runtime_init_usb_power_down
 .text.runtime_init_post_clock_resets
                0x00000000100010f0       0x20 CMakeFiles/main.dir/home/omar/pico-sdk/src/rp2_common/pico_runtime_init/runtime_init.c.obj
                0x00000000100010f0                runtime_init_post_clock_resets
 .text.runtime_init_rp2040_gpio_ie_disable
                0x0000000010001110       0x14 CMakeFiles/main.dir/home/omar/pico-sdk/src/rp2_common/pico_runtime_init/runtime_init.c.obj
                0x0000000010001110                runtime_init_rp2040_gpio_ie_disable
 .text.runtime_init_spin_locks_reset
                0x0000000010001124        0x8 CMakeFiles/main.dir/home/omar/pico-sdk/src/rp2_common/pico_runtime_init/runtime_init.c.obj
                0x0000000010001124                runtime_init_spin_locks_reset
 .text.runtime_init_install_ram_vector_table
                0x000000001000112c       0x1c CMakeFiles/main.dir/home/omar/pico-sdk/src/rp2_common/pico_runtime_init/runtime_init.c.obj
                0x000000001000112c                runtime_init_install_ram_vector_table
 .text.start_all_ticks
                0x0000000010001148       0x28 CMakeFiles/main.dir/home/omar/pico-sdk/src/rp2_common/pico_runtime_init/runtime_init_clocks.c.obj
 .text.runtime_init_clocks
                0x0000000010001170       0xcc CMakeFiles/main.dir/home/omar/pico-sdk/src/rp2_common/pico_runtime_init/runtime_init_clocks.c.obj
                0x0000000010001170                runtime_init_clocks
 .text          0x000000001000123c       0x10 CMakeFiles/main.dir/home/omar/pico-sdk/src/rp2_common/pico_bit_ops/bit_ops_aeabi.S.obj
 .text.rom_func_lookup
                0x000000001000124c       0x10 CMakeFiles/main.dir/home/omar/pico-sdk/src/rp2_common/pico_bootrom/bootrom.c.obj
                0x000000001000124c                rom_func_lookup
 .text.rom_data_lookup
                0x000000001000125c       0x10 CMakeFiles/main.dir/home/omar/pico-sdk/src/rp2_common/pico_bootrom/bootrom.c.obj
                0x000000001000125c                rom_data_lookup
 .text.rom_funcs_lookup
                0x000000001000126c       0x36 CMakeFiles/main.dir/home/omar/pico-sdk/src/rp2_common/pico_bootrom/bootrom.c.obj
                0x000000001000126c                rom_funcs_lookup
 *fill*         0x00000000100012a2        0x2 
 .text.__wrap___aeabi_idiv
                0x00000000100012a4       0x50 CMakeFiles/main.dir/home/omar/pico-sdk/src/rp2_common/pico_divider/divider_hardware.S.obj
                0x00000000100012a4                __wrap___aeabi_idivmod
                0x00000000100012a4                divmod_s32s32
                0x00000000100012a4                div_s32s32
                0x00000000100012a4                __wrap___aeabi_idiv
                0x00000000100012ac                divmod_s32s32_unsafe
                0x00000000100012d8                divmod_s32s32_savestate
 .text.__wrap___aeabi_uidiv
                0x00000000100012f4       0x4c CMakeFiles/main.dir/home/omar/pico-sdk/src/rp2_common/pico_divider/divider_hardware.S.obj
                0x00000000100012f4                __wrap___aeabi_uidiv
                0x00000000100012f4                __wrap___aeabi_uidivmod
                0x00000000100012f4                div_u32u32
                0x00000000100012f4                divmod_u32u32
                0x00000000100012fc                divmod_u32u32_unsafe
                0x0000000010001324                divmod_u32u32_savestate
 .text.__wrap___aeabi_ldiv
                0x0000000010001340      0x424 CMakeFiles/main.dir/home/omar/pico-sdk/src/rp2_common/pico_divider/divider_hardware.S.obj
                0x0000000010001340                div_s64s64
                0x0000000010001340                divmod_s64s64
                0x0000000010001340                __wrap___aeabi_ldivmod
                0x0000000010001370                div_u64u64
                0x0000000010001370                divmod_u64u64
                0x0000000010001370                __wrap___aeabi_uldivmod
                0x0000000010001380                divmod_u64u64_savestate
                0x00000000100013a0                divmod_s64s64_unsafe
                0x0000000010001428                divmod_u64u64_unsafe
 .text.__wrap___aeabi_darithmetic
                0x0000000010001764       0x80 CMakeFiles/main.dir/home/omar/pico-sdk/src/rp2_common/pico_double/double_aeabi_rp2040.S.obj
                0x0000000010001764                __wrap___aeabi_drsub
                0x000000001000176a                __wrap___aeabi_dsub
                0x000000001000177c                __wrap___aeabi_dadd
                0x000000001000178e                __wrap___aeabi_ddiv
                0x00000000100017ca                __wrap___aeabi_dmul
 .text.__wrap___aeabi_cdcmple
                0x00000000100017e4       0x6c CMakeFiles/main.dir/home/omar/pico-sdk/src/rp2_common/pico_double/double_aeabi_rp2040.S.obj
                0x00000000100017e4                __wrap___aeabi_cdrcmple
                0x00000000100017f4                __wrap___aeabi_cdcmple
                0x00000000100017f4                __wrap___aeabi_cdcmpeq
 .text.__wrap___aeabi_dcmplt
                0x0000000010001850        0xc CMakeFiles/main.dir/home/omar/pico-sdk/src/rp2_common/pico_double/double_aeabi_rp2040.S.obj
                0x0000000010001850                __wrap___aeabi_dcmplt
 .text.__wrap___aeabi_dcmple
                0x000000001000185c       0x10 CMakeFiles/main.dir/home/omar/pico-sdk/src/rp2_common/pico_double/double_aeabi_rp2040.S.obj
                0x000000001000185c                __wrap___aeabi_dcmple
 .text.__wrap___aeabi_dcmpge
                0x000000001000186c       0x10 CMakeFiles/main.dir/home/omar/pico-sdk/src/rp2_common/pico_double/double_aeabi_rp2040.S.obj
                0x000000001000186c                __wrap___aeabi_dcmpge
 .text.__wrap___aeabi_dcmpgt
                0x000000001000187c        0xa CMakeFiles/main.dir/home/omar/pico-sdk/src/rp2_common/pico_double/double_aeabi_rp2040.S.obj
                0x000000001000187c                __wrap___aeabi_dcmpgt
 .text.__wrap___aeabi_dcmpun
                0x0000000010001886       0x18 CMakeFiles/main.dir/home/omar/pico-sdk/src/rp2_common/pico_double/double_aeabi_rp2040.S.obj
                0x0000000010001886                __wrap___aeabi_dcmpun
 *fill*         0x000000001000189e        0x2 
 .text.__wrap___aeabi_i2d
                0x00000000100018a0       0x38 CMakeFiles/main.dir/home/omar/pico-sdk/src/rp2_common/pico_double/double_aeabi_rp2040.S.obj
                0x00000000100018a0                __wrap___aeabi_ui2d
                0x00000000100018a8                __wrap___aeabi_i2d
 .text.__wrap___aeabi_d2iz
                0x00000000100018d8       0x48 CMakeFiles/main.dir/home/omar/pico-sdk/src/rp2_common/pico_double/double_aeabi_rp2040.S.obj
                0x00000000100018d8                __wrap___aeabi_d2iz
                0x00000000100018d8                double2int_z
 .text.__wrap___aeabi_d2uiz
                0x0000000010001920       0x18 CMakeFiles/main.dir/home/omar/pico-sdk/src/rp2_common/pico_double/double_aeabi_rp2040.S.obj
                0x0000000010001920                double2uint
                0x0000000010001920                __wrap___aeabi_d2uiz
 .text.__aeabi_double_init
                0x0000000010001938       0xcc CMakeFiles/main.dir/home/omar/pico-sdk/src/rp2_common/pico_double/double_init_rom_rp2040.c.obj
                0x0000000010001938                __aeabi_double_init
 .text.double_table_shim_on_use_helper
                0x0000000010001a04       0x34 CMakeFiles/main.dir/home/omar/pico-sdk/src/rp2_common/pico_double/double_v1_rom_shim_rp2040.S.obj
                0x0000000010001a04                double_table_shim_on_use_helper
 .text.__wrap___aeabi_dsub
                0x0000000010001a38       0x10 CMakeFiles/main.dir/home/omar/pico-sdk/src/rp2_common/pico_double/double_v1_rom_shim_rp2040.S.obj
                0x0000000010001a38                drsub_shim
                0x0000000010001a3e                dsub_shim
 .text.dadd_shim
                0x0000000010001a48      0x15c CMakeFiles/main.dir/home/omar/pico-sdk/src/rp2_common/pico_double/double_v1_rom_shim_rp2040.S.obj
                0x0000000010001a48                dadd_shim
 .text.dmul_shim
                0x0000000010001ba4      0x15c CMakeFiles/main.dir/home/omar/pico-sdk/src/rp2_common/pico_double/double_v1_rom_shim_rp2040.S.obj
                0x0000000010001ba4                dmul_shim
 .text.ddiv_shim
                0x0000000010001d00      0x1b0 CMakeFiles/main.dir/home/omar/pico-sdk/src/rp2_common/pico_double/double_v1_rom_shim_rp2040.S.obj
                0x0000000010001d00                ddiv_shim
 .text.double2uint_shim
                0x0000000010001eb0        0xe CMakeFiles/main.dir/home/omar/pico-sdk/src/rp2_common/pico_double/double_v1_rom_shim_rp2040.S.obj
                0x0000000010001eb0                double2uint_shim
                0x0000000010001eb2                double2ufix_shim
 *fill*         0x0000000010001ebe        0x2 
 .text.double2uint64_shim
                0x0000000010001ec0       0x70 CMakeFiles/main.dir/home/omar/pico-sdk/src/rp2_common/pico_double/double_v1_rom_shim_rp2040.S.obj
                0x0000000010001ec0                double2uint64_shim
                0x0000000010001ec2                double2ufix64_shim
                0x0000000010001ee2                d2fix_a
 .text.dunpacks
                0x0000000010001f30       0x3c CMakeFiles/main.dir/home/omar/pico-sdk/src/rp2_common/pico_double/double_v1_rom_shim_rp2040.S.obj
                0x0000000010001f30                dunpacks
 .text.__aeabi_lmul
                0x0000000010001f6c       0x32 CMakeFiles/main.dir/home/omar/pico-sdk/src/rp2_common/pico_int64_ops/pico_int64_ops_aeabi.S.obj
                0x0000000010001f6c                __wrap___aeabi_lmul
 *fill*         0x0000000010001f9e        0x2 
 .text.__aeabi_float_init
                0x0000000010001fa0       0xfc CMakeFiles/main.dir/home/omar/pico-sdk/src/rp2_common/pico_float/float_init_rom_rp2040.c.obj
                0x0000000010001fa0                __aeabi_float_init
 .text.float_table_shim_on_use_helper
                0x000000001000209c       0x34 CMakeFiles/main.dir/home/omar/pico-sdk/src/rp2_common/pico_float/float_v1_rom_shim_rp2040.S.obj
                0x000000001000209c                float_table_shim_on_use_helper
 .text          0x00000000100020d0       0x10 CMakeFiles/main.dir/home/omar/pico-sdk/src/rp2_common/pico_mem_ops/mem_ops_aeabi.S.obj
                0x00000000100020d0                __aeabi_mem_init
 .text.memcpy   0x00000000100020e0        0xc CMakeFiles/main.dir/home/omar/pico-sdk/src/rp2_common/pico_mem_ops/mem_ops_aeabi.S.obj
                0x00000000100020e0                __wrap___aeabi_memcpy
                0x00000000100020e0                __wrap_memcpy
 .text._out_null
                0x00000000100020ec        0x2 CMakeFiles/main.dir/home/omar/pico-sdk/src/rp2_common/pico_printf/printf.c.obj
 .text._out_fct
                0x00000000100020ee        0xe CMakeFiles/main.dir/home/omar/pico-sdk/src/rp2_common/pico_printf/printf.c.obj
 .text._atoi    0x00000000100020fc       0x24 CMakeFiles/main.dir/home/omar/pico-sdk/src/rp2_common/pico_printf/printf.c.obj
 .text._out_rev
                0x0000000010002120       0xae CMakeFiles/main.dir/home/omar/pico-sdk/src/rp2_common/pico_printf/printf.c.obj
 .text._ntoa_format
                0x00000000100021ce      0x110 CMakeFiles/main.dir/home/omar/pico-sdk/src/rp2_common/pico_printf/printf.c.obj
 .text._ntoa_long
                0x00000000100022de       0xbc CMakeFiles/main.dir/home/omar/pico-sdk/src/rp2_common/pico_printf/printf.c.obj
 .text._ntoa_long_long
                0x000000001000239a      0x10e CMakeFiles/main.dir/home/omar/pico-sdk/src/rp2_common/pico_printf/printf.c.obj
 .text._etoa    0x00000000100024a8      0x420 CMakeFiles/main.dir/home/omar/pico-sdk/src/rp2_common/pico_printf/printf.c.obj
 .text._ftoa    0x00000000100028c8      0x354 CMakeFiles/main.dir/home/omar/pico-sdk/src/rp2_common/pico_printf/printf.c.obj
 .text._vsnprintf
                0x0000000010002c1c      0x65c CMakeFiles/main.dir/home/omar/pico-sdk/src/rp2_common/pico_printf/printf.c.obj
 .text.vfctprintf
                0x0000000010003278       0x20 CMakeFiles/main.dir/home/omar/pico-sdk/src/rp2_common/pico_printf/printf.c.obj
                0x0000000010003278                vfctprintf
 .text._exit    0x0000000010003298        0x4 CMakeFiles/main.dir/home/omar/pico-sdk/src/rp2_common/pico_clib_interface/newlib_interface.c.obj
                0x0000000010003298                _exit
 .text.exit     0x000000001000329c        0x6 CMakeFiles/main.dir/home/omar/pico-sdk/src/rp2_common/pico_clib_interface/newlib_interface.c.obj
                0x000000001000329c                exit
 *fill*         0x00000000100032a2        0x2 
 .text.__assert_func
                0x00000000100032a4       0x38 CMakeFiles/main.dir/home/omar/pico-sdk/src/rp2_common/pico_clib_interface/newlib_interface.c.obj
                0x00000000100032a4                __assert_func
 .text.runtime_init
                0x00000000100032dc       0x28 CMakeFiles/main.dir/home/omar/pico-sdk/src/rp2_common/pico_clib_interface/newlib_interface.c.obj
                0x00000000100032dc                runtime_init
 .text.stdio_out_chars_no_crlf
                0x0000000010003304        0xe CMakeFiles/main.dir/home/omar/pico-sdk/src/rp2_common/pico_stdio/stdio.c.obj
 *fill*         0x0000000010003312        0x2 
 .text.stdio_out_chars_crlf
                0x0000000010003314       0x80 CMakeFiles/main.dir/home/omar/pico-sdk/src/rp2_common/pico_stdio/stdio.c.obj
 .text.stdio_stack_buffer_flush
                0x0000000010003394       0x44 CMakeFiles/main.dir/home/omar/pico-sdk/src/rp2_common/pico_stdio/stdio.c.obj
 .text.stdio_buffered_printer
                0x00000000100033d8       0x20 CMakeFiles/main.dir/home/omar/pico-sdk/src/rp2_common/pico_stdio/stdio.c.obj
 .text.stdout_serialize_begin
                0x00000000100033f8       0x30 CMakeFiles/main.dir/home/omar/pico-sdk/src/rp2_common/pico_stdio/stdio.c.obj
                0x00000000100033f8                stdout_serialize_begin
 .text.stdout_serialize_end
                0x0000000010003428       0x10 CMakeFiles/main.dir/home/omar/pico-sdk/src/rp2_common/pico_stdio/stdio.c.obj
                0x0000000010003428                stdout_serialize_end
 .text.stdio_put_string
                0x0000000010003438       0x94 CMakeFiles/main.dir/home/omar/pico-sdk/src/rp2_common/pico_stdio/stdio.c.obj
                0x0000000010003438                stdio_put_string
 .text.stdio_flush
                0x00000000100034cc       0x20 CMakeFiles/main.dir/home/omar/pico-sdk/src/rp2_common/pico_stdio/stdio.c.obj
                0x00000000100034cc                stdio_flush
 .text.stdio_init_all
                0x00000000100034ec        0x4 CMakeFiles/main.dir/home/omar/pico-sdk/src/rp2_common/pico_stdio/stdio.c.obj
                0x00000000100034ec                stdio_init_all
 .text.__wrap_puts
                0x00000000100034f0       0x1e CMakeFiles/main.dir/home/omar/pico-sdk/src/rp2_common/pico_stdio/stdio.c.obj
                0x00000000100034f0                __wrap_puts
                0x00000000100034f0                stdio_puts
 *fill*         0x000000001000350e        0x2 
 .text.__wrap_vprintf
                0x0000000010003510       0x40 CMakeFiles/main.dir/home/omar/pico-sdk/src/rp2_common/pico_stdio/stdio.c.obj
                0x0000000010003510                __wrap_vprintf
                0x0000000010003510                stdio_vprintf
 .text.__wrap_printf
                0x0000000010003550       0x18 CMakeFiles/main.dir/home/omar/pico-sdk/src/rp2_common/pico_stdio/stdio.c.obj
                0x0000000010003550                stdio_printf
                0x0000000010003550                __wrap_printf
 .text          0x0000000010003568       0x5c /usr/lib/gcc/arm-none-eabi/12.2.1/../../../arm-none-eabi/lib/thumb/v6-m/nofp/libg.a(lib_a-strlen-stub.o)
                0x0000000010003568                strlen
 *(.fini)
 .fini          0x00000000100035c4        0x4 /usr/lib/gcc/arm-none-eabi/12.2.1/thumb/v6-m/nofp/crti.o
                0x00000000100035c4                _fini
 .fini.__stub   0x00000000100035c8       0x40 linker stubs
 *crtbegin.o(.ctors)
 *crtbegin?.o(.ctors)
 *(EXCLUDE_FILE(*crtend.o *crtend?.o) .ctors)
 *(SORT_BY_NAME(.ctors.*))
 *(.ctors)
 *crtbegin.o(.dtors)
 *crtbegin?.o(.dtors)
 *(EXCLUDE_FILE(*crtend.o *crtend?.o) .dtors)
 *(SORT_BY_NAME(.dtors.*))
 *(.dtors)
                0x0000000010003608                . = ALIGN (0x4)
                0x0000000010003608                PROVIDE (__preinit_array_start = .)
 *(SORT_BY_NAME(.preinit_array.*))
 .preinit_array.00100
                0x0000000010003608        0x4 CMakeFiles/main.dir/home/omar/pico-sdk/src/rp2_common/pico_runtime_init/runtime_init.c.obj
                0x0000000010003608                __pre_init_runtime_init_early_resets
 .preinit_array.00101
                0x000000001000360c        0x4 CMakeFiles/main.dir/home/omar/pico-sdk/src/rp2_common/pico_runtime_init/runtime_init.c.obj
                0x000000001000360c                __pre_init_runtime_init_usb_power_down
 .preinit_array.00275
                0x0000000010003610        0x4 CMakeFiles/main.dir/home/omar/pico-sdk/src/rp2_common/pico_bit_ops/bit_ops_aeabi.S.obj
 .preinit_array.00300
                0x0000000010003614        0x4 CMakeFiles/main.dir/home/omar/pico-sdk/src/rp2_common/pico_mem_ops/mem_ops_aeabi.S.obj
 .preinit_array.00350
                0x0000000010003618        0x4 CMakeFiles/main.dir/home/omar/pico-sdk/src/rp2_common/pico_double/double_aeabi_rp2040.S.obj
 .preinit_array.00350
                0x000000001000361c        0x4 CMakeFiles/main.dir/home/omar/pico-sdk/src/rp2_common/pico_float/float_aeabi_rp2040.S.obj
 .preinit_array.00500
                0x0000000010003620        0x4 CMakeFiles/main.dir/home/omar/pico-sdk/src/rp2_common/pico_runtime_init/runtime_init.c.obj
                0x0000000010003620                __pre_init_runtime_init_clocks
 .preinit_array.00600
                0x0000000010003624        0x4 CMakeFiles/main.dir/home/omar/pico-sdk/src/rp2_common/pico_runtime_init/runtime_init.c.obj
                0x0000000010003624                __pre_init_runtime_init_post_clock_resets
 .preinit_array.00700
                0x0000000010003628        0x4 CMakeFiles/main.dir/home/omar/pico-sdk/src/rp2_common/pico_runtime_init/runtime_init.c.obj
                0x0000000010003628                __pre_init_runtime_init_rp2040_gpio_ie_disable
 .preinit_array.01000
                0x000000001000362c        0x4 CMakeFiles/main.dir/home/omar/pico-sdk/src/rp2_common/pico_runtime_init/runtime_init.c.obj
                0x000000001000362c                __pre_init_runtime_init_spin_locks_reset
 .preinit_array.01100
                0x0000000010003630        0x4 CMakeFiles/main.dir/home/omar/pico-sdk/src/common/pico_sync/mutex.c.obj
                0x0000000010003630                __pre_init_runtime_init_mutex
 .preinit_array.10080
                0x0000000010003634        0x4 CMakeFiles/main.dir/home/omar/pico-sdk/src/rp2_common/pico_runtime_init/runtime_init.c.obj
                0x0000000010003634                __pre_init_runtime_init_install_ram_vector_table
 .preinit_array.11000
                0x0000000010003638        0x4 CMakeFiles/main.dir/home/omar/pico-sdk/src/common/pico_time/time.c.obj
                0x0000000010003638                __pre_init_runtime_init_default_alarm_pool
 .preinit_array.YYYYY
                0x000000001000363c        0x4 CMakeFiles/main.dir/home/omar/pico-sdk/src/rp2_common/pico_runtime/runtime.c.obj
                0x000000001000363c                __pre_init_first_per_core_initializer
 .preinit_array.ZZZZZ.01200
                0x0000000010003640        0x4 CMakeFiles/main.dir/home/omar/pico-sdk/src/rp2_common/hardware_irq/irq.c.obj
                0x0000000010003640                __pre_init_runtime_init_per_core_irq_priorities
 *(.preinit_array)
                0x0000000010003644                PROVIDE (__preinit_array_end = .)
                0x0000000010003644                . = ALIGN (0x4)
                0x0000000010003644                PROVIDE (__init_array_start = .)
 *(SORT_BY_NAME(.init_array.*))
 *(.init_array)
 .init_array    0x0000000010003644        0x4 /usr/lib/gcc/arm-none-eabi/12.2.1/thumb/v6-m/nofp/crtbegin.o
                0x0000000010003648                PROVIDE (__init_array_end = .)
                0x0000000010003648                . = ALIGN (0x4)
                0x0000000010003648                PROVIDE (__fini_array_start = .)
 *(SORT_BY_NAME(.fini_array.*))
 *(.fini_array)
                0x0000000010003648                PROVIDE (__fini_array_end = .)
 *(.eh_frame*)
 .eh_frame      0x0000000010003648        0x0 /usr/lib/gcc/arm-none-eabi/12.2.1/thumb/v6-m/nofp/crtbegin.o
                0x0000000010003648                . = ALIGN (0x4)

.glue_7         0x0000000010003648        0x0
 .glue_7        0x0000000010003648        0x0 linker stubs

.glue_7t        0x0000000010003648        0x0
 .glue_7t       0x0000000010003648        0x0 linker stubs

.vfp11_veneer   0x0000000010003648        0x0
 .vfp11_veneer  0x0000000010003648        0x0 linker stubs

.v4_bx          0x0000000010003648        0x0
 .v4_bx         0x0000000010003648        0x0 linker stubs

.iplt           0x0000000010003648        0x0
 .iplt          0x0000000010003648        0x0 /usr/lib/gcc/arm-none-eabi/12.2.1/thumb/v6-m/nofp/crtbegin.o

.rodata         0x0000000010003648      0x7cc
 *(EXCLUDE_FILE(*libm.a: *libc.a:*lib_a-mem*.o *libgcc.a:) .rodata*)
 .rodata.main.str1.4
                0x0000000010003648        0xb CMakeFiles/main.dir/main.c.obj
 *fill*         0x0000000010003653        0x1 
 .rodata.panic.str1.4
                0x0000000010003654       0x12 CMakeFiles/main.dir/home/omar/pico-sdk/src/rp2_common/pico_platform_panic/panic.c.obj
 *fill*         0x0000000010003666        0x2 
 .rodata.resolve_j_16.str1.4
                0x0000000010003668       0x4e CMakeFiles/main.dir/home/omar/pico-sdk/src/rp2_common/hardware_irq/irq.c.obj
 *fill*         0x00000000100036b6        0x2 
 .rodata.irq_set_exclusive_handler.str1.4
                0x00000000100036b8       0x36 CMakeFiles/main.dir/home/omar/pico-sdk/src/rp2_common/hardware_irq/irq.c.obj
 *fill*         0x00000000100036ee        0x2 
 .rodata.__func__.6
                0x00000000100036f0       0x1a CMakeFiles/main.dir/home/omar/pico-sdk/src/rp2_common/hardware_irq/irq.c.obj
 *fill*         0x000000001000370a        0x2 
 .rodata.runtime_init_mutex.str1.4
                0x000000001000370c       0x51 CMakeFiles/main.dir/home/omar/pico-sdk/src/common/pico_sync/mutex.c.obj
 *fill*         0x000000001000375d        0x3 
 .rodata.str1.4
                0x0000000010003760       0x51 CMakeFiles/main.dir/home/omar/pico-sdk/src/common/pico_sync/mutex.c.obj
 *fill*         0x00000000100037b1        0x3 
 .rodata.__func__.1
                0x00000000100037b4        0xb CMakeFiles/main.dir/home/omar/pico-sdk/src/common/pico_sync/mutex.c.obj
 *fill*         0x00000000100037bf        0x1 
 .rodata.__func__.3
                0x00000000100037c0       0x18 CMakeFiles/main.dir/home/omar/pico-sdk/src/common/pico_sync/mutex.c.obj
 .rodata.__func__.6
                0x00000000100037d8       0x13 CMakeFiles/main.dir/home/omar/pico-sdk/src/common/pico_sync/mutex.c.obj
 *fill*         0x00000000100037eb        0x1 
 .rodata.alarm_pool_irq_handler.str1.4
                0x00000000100037ec       0x5c CMakeFiles/main.dir/home/omar/pico-sdk/src/common/pico_time/time.c.obj
 .rodata.alarm_pool_get_default.str1.4
                0x0000000010003848       0x21 CMakeFiles/main.dir/home/omar/pico-sdk/src/common/pico_time/time.c.obj
 *fill*         0x0000000010003869        0x3 
 .rodata.sleep_until.str1.4
                0x000000001000386c       0x4d CMakeFiles/main.dir/home/omar/pico-sdk/src/common/pico_time/time.c.obj
 *fill*         0x00000000100038b9        0x3 
 .rodata.__func__.1
                0x00000000100038bc       0x17 CMakeFiles/main.dir/home/omar/pico-sdk/src/common/pico_time/time.c.obj
 *fill*         0x00000000100038d3        0x1 
 .rodata.__func__.2
                0x00000000100038d4       0x17 CMakeFiles/main.dir/home/omar/pico-sdk/src/common/pico_time/time.c.obj
 *fill*         0x00000000100038eb        0x1 
 .rodata.timer_hardware_alarm_claim.str1.4
                0x00000000100038ec       0x22 CMakeFiles/main.dir/home/omar/pico-sdk/src/rp2_common/hardware_timer/timer.c.obj
 *fill*         0x000000001000390e        0x2 
 .rodata.pll_init.str1.4
                0x0000000010003910      0x10c CMakeFiles/main.dir/home/omar/pico-sdk/src/rp2_common/hardware_pll/pll.c.obj
 .rodata.__func__.0
                0x0000000010003a1c        0x9 CMakeFiles/main.dir/home/omar/pico-sdk/src/rp2_common/hardware_pll/pll.c.obj
 *fill*         0x0000000010003a25        0x3 
 .rodata.__aeabi_double_init.str1.4
                0x0000000010003a28       0x8c CMakeFiles/main.dir/home/omar/pico-sdk/src/rp2_common/pico_double/double_init_rom_rp2040.c.obj
 .rodata.__func__.0
                0x0000000010003ab4       0x14 CMakeFiles/main.dir/home/omar/pico-sdk/src/rp2_common/pico_double/double_init_rom_rp2040.c.obj
 .rodata.__aeabi_float_init.str1.4
                0x0000000010003ac8       0x7a CMakeFiles/main.dir/home/omar/pico-sdk/src/rp2_common/pico_float/float_init_rom_rp2040.c.obj
                                         0x7e (size before relaxing)
 *fill*         0x0000000010003b42        0x2 
 .rodata.__func__.0
                0x0000000010003b44       0x13 CMakeFiles/main.dir/home/omar/pico-sdk/src/rp2_common/pico_float/float_init_rom_rp2040.c.obj
 *fill*         0x0000000010003b57        0x1 
 .rodata.str1.4
                0x0000000010003b58       0x2c CMakeFiles/main.dir/home/omar/pico-sdk/src/rp2_common/pico_standard_binary_info/standard_binary_info.c.obj
 .rodata.__bi_84
                0x0000000010003b84        0xc CMakeFiles/main.dir/home/omar/pico-sdk/src/rp2_common/pico_standard_binary_info/standard_binary_info.c.obj
 .rodata.__bi_54
                0x0000000010003b90        0xc CMakeFiles/main.dir/home/omar/pico-sdk/src/rp2_common/pico_standard_binary_info/standard_binary_info.c.obj
 .rodata.__bi_48
                0x0000000010003b9c        0xc CMakeFiles/main.dir/home/omar/pico-sdk/src/rp2_common/pico_standard_binary_info/standard_binary_info.c.obj
 .rodata.__bi_42
                0x0000000010003ba8        0xc CMakeFiles/main.dir/home/omar/pico-sdk/src/rp2_common/pico_standard_binary_info/standard_binary_info.c.obj
 .rodata.__bi_34
                0x0000000010003bb4        0xc CMakeFiles/main.dir/home/omar/pico-sdk/src/rp2_common/pico_standard_binary_info/standard_binary_info.c.obj
 .rodata.__bi_26
                0x0000000010003bc0        0xc CMakeFiles/main.dir/home/omar/pico-sdk/src/rp2_common/pico_standard_binary_info/standard_binary_info.c.obj
 .rodata._ftoa.str1.4
                0x0000000010003bcc       0x15 CMakeFiles/main.dir/home/omar/pico-sdk/src/rp2_common/pico_printf/printf.c.obj
 *fill*         0x0000000010003be1        0x3 
 .rodata._vsnprintf
                0x0000000010003be4      0x19c CMakeFiles/main.dir/home/omar/pico-sdk/src/rp2_common/pico_printf/printf.c.obj
 .rodata.pow10.0
                0x0000000010003d80       0x50 CMakeFiles/main.dir/home/omar/pico-sdk/src/rp2_common/pico_printf/printf.c.obj
 .rodata.__assert_func.str1.4
                0x0000000010003dd0       0x3f CMakeFiles/main.dir/home/omar/pico-sdk/src/rp2_common/pico_clib_interface/newlib_interface.c.obj
                                         0x43 (size before relaxing)
 *fill*         0x0000000010003e0f        0x1 
 .rodata.crlf_str.0
                0x0000000010003e10        0x2 CMakeFiles/main.dir/home/omar/pico-sdk/src/rp2_common/pico_stdio/stdio.c.obj
                0x0000000010003e14                . = ALIGN (0x4)
 *fill*         0x0000000010003e12        0x2 
 *(SORT_BY_ALIGNMENT(SORT_BY_NAME(.flashdata*)))
                0x0000000010003e14                . = ALIGN (0x4)

.ARM.extab
 *(.ARM.extab* .gnu.linkonce.armextab.*)
                0x0000000010003e14                __exidx_start = .

.ARM.exidx
 *(.ARM.exidx* .gnu.linkonce.armexidx.*)
                0x0000000010003e14                __exidx_end = .
                0x0000000010003e14                . = ALIGN (0x4)
                0x0000000010003e14                __binary_info_start = .

.binary_info    0x0000000010003e14       0x18
 *(.binary_info.keep.*)
 .binary_info.keep.__bi_ptr84
                0x0000000010003e14        0x4 CMakeFiles/main.dir/home/omar/pico-sdk/src/rp2_common/pico_standard_binary_info/standard_binary_info.c.obj
 .binary_info.keep.__bi_ptr54
                0x0000000010003e18        0x4 CMakeFiles/main.dir/home/omar/pico-sdk/src/rp2_common/pico_standard_binary_info/standard_binary_info.c.obj
 .binary_info.keep.__bi_ptr48
                0x0000000010003e1c        0x4 CMakeFiles/main.dir/home/omar/pico-sdk/src/rp2_common/pico_standard_binary_info/standard_binary_info.c.obj
 .binary_info.keep.__bi_ptr42
                0x0000000010003e20        0x4 CMakeFiles/main.dir/home/omar/pico-sdk/src/rp2_common/pico_standard_binary_info/standard_binary_info.c.obj
 .binary_info.keep.__bi_ptr34
                0x0000000010003e24        0x4 CMakeFiles/main.dir/home/omar/pico-sdk/src/rp2_common/pico_standard_binary_info/standard_binary_info.c.obj
 .binary_info.keep.__bi_ptr26
                0x0000000010003e28        0x4 CMakeFiles/main.dir/home/omar/pico-sdk/src/rp2_common/pico_standard_binary_info/standard_binary_info.c.obj
 *(.binary_info.*)
                0x0000000010003e2c                __binary_info_end = .

.rel.dyn        0x0000000010003e2c        0x0
 .rel.iplt      0x0000000010003e2c        0x0 /usr/lib/gcc/arm-none-eabi/12.2.1/thumb/v6-m/nofp/crtbegin.o
                0x0000000010003e2c                . = ALIGN (0x4)

.ram_vector_table
                0x0000000020000000       0xc0
 *(.ram_vector_table)
 .ram_vector_table
                0x0000000020000000       0xc0 CMakeFiles/main.dir/home/omar/pico-sdk/src/rp2_common/pico_runtime_init/runtime_init.c.obj
                0x0000000020000000                ram_vector_table

.uninitialized_data
                0x00000000200000c0        0x0
                0x00000000200000c0                . = ALIGN (0x4)
 *(.uninitialized_data*)

.data           0x00000000200000c0      0x1c8 load address 0x0000000010003e2c
                0x00000000200000c0                __data_start__ = .
 *(vtable)
 *(.time_critical*)
 .time_critical.mutex_try_enter
                0x00000000200000c0       0x48 CMakeFiles/main.dir/home/omar/pico-sdk/src/common/pico_sync/mutex.c.obj
                0x00000000200000c0                mutex_try_enter
 .time_critical.mutex_enter_block_until
                0x0000000020000108       0x90 CMakeFiles/main.dir/home/omar/pico-sdk/src/common/pico_sync/mutex.c.obj
                0x0000000020000108                mutex_enter_block_until
 .time_critical.mutex_try_enter_block_until
                0x0000000020000198       0x34 CMakeFiles/main.dir/home/omar/pico-sdk/src/common/pico_sync/mutex.c.obj
                0x0000000020000198                mutex_try_enter_block_until
 .time_critical.mutex_exit
                0x00000000200001cc       0x4c CMakeFiles/main.dir/home/omar/pico-sdk/src/common/pico_sync/mutex.c.obj
                0x00000000200001cc                mutex_exit
 *(.text*)
 .text          0x0000000020000218        0x4 /usr/lib/gcc/arm-none-eabi/12.2.1/thumb/v6-m/nofp/libgcc.a(_dvmd_tls.o)
                0x0000000020000218                __aeabi_ldiv0
                0x0000000020000218                __aeabi_idiv0
 *fill*         0x000000002000021c        0x4 
 .text.__stub   0x0000000020000220       0x20 linker stubs
                0x0000000020000240                . = ALIGN (0x4)
 *(.rodata*)
                0x0000000020000240                . = ALIGN (0x4)
 *(.data*)
 .data.striped_spin_lock_num
                0x0000000020000240        0x1 CMakeFiles/main.dir/home/omar/pico-sdk/src/rp2_common/hardware_sync/sync.c.obj
 *fill*         0x0000000020000241        0x3 
 .data.default_alarm_pool
                0x0000000020000244       0x18 CMakeFiles/main.dir/home/omar/pico-sdk/src/common/pico_time/time.c.obj
 *fill*         0x000000002000025c        0x4 
 .data.aeabi_bits_funcs
                0x0000000020000260       0x10 CMakeFiles/main.dir/home/omar/pico-sdk/src/rp2_common/pico_bit_ops/bit_ops_aeabi.S.obj
                0x0000000020000260                aeabi_bits_funcs
                0x0000000020000270                aeabi_bits_funcs_end
 .data.aeabi_mem_funcs
                0x0000000020000270       0x10 CMakeFiles/main.dir/home/omar/pico-sdk/src/rp2_common/pico_mem_ops/mem_ops_aeabi.S.obj
                0x0000000020000270                aeabi_mem_funcs
                0x0000000020000280                aeabi_mem_funcs_end
                0x0000000020000280                . = ALIGN (0x4)
 *(.after_data.*)
                0x0000000020000280                . = ALIGN (0x4)
                0x0000000020000280                PROVIDE (__mutex_array_start = .)
 *(SORT_BY_NAME(.mutex_array.*))
 *(.mutex_array)
 .mutex_array   0x0000000020000280        0x8 CMakeFiles/main.dir/home/omar/pico-sdk/src/rp2_common/pico_stdio/stdio.c.obj
                0x0000000020000288                PROVIDE (__mutex_array_end = .)
                0x0000000020000288                . = ALIGN (0x4)
 *(.jcr)
                0x0000000020000288                . = ALIGN (0x4)

.tm_clone_table
                0x0000000020000288        0x0 load address 0x0000000010003ff4
 .tm_clone_table
                0x0000000020000288        0x0 /usr/lib/gcc/arm-none-eabi/12.2.1/thumb/v6-m/nofp/crtbegin.o
 .tm_clone_table
                0x0000000020000288        0x0 /usr/lib/gcc/arm-none-eabi/12.2.1/thumb/v6-m/nofp/crtend.o

.igot.plt       0x0000000020000288        0x0 load address 0x0000000010003ff4
 .igot.plt      0x0000000020000288        0x0 /usr/lib/gcc/arm-none-eabi/12.2.1/thumb/v6-m/nofp/crtbegin.o

.tdata          0x0000000020000288        0x0 load address 0x0000000010003ff4
                0x0000000020000288                . = ALIGN (0x4)
 *(.tdata .tdata.* .gnu.linkonce.td.*)
                0x0000000020000288                __tdata_end = .
                0x0000000020000288                PROVIDE (__data_end__ = .)
                0x0000000010003e2c                __etext = LOADADDR (.data)

.tbss           0x0000000020000288        0x0 load address 0x0000000010003ff4
                0x0000000020000288                . = ALIGN (0x4)
                0x0000000020000288                __bss_start__ = .
                0x0000000020000288                __tls_base = .
 *(.tbss .tbss.* .gnu.linkonce.tb.*)
 *(.tcommon)
                0x0000000020000288                __tls_end = .

.bss            0x0000000020000288      0x3e8 load address 0x0000000010003ff4
                0x0000000020000288                . = ALIGN (0x4)
                0x0000000020000288                __tbss_end = .
 *(SORT_BY_ALIGNMENT(SORT_BY_NAME(.bss*)))
 .bss.default_alarm_pool_entries
                0x0000000020000288      0x180 CMakeFiles/main.dir/home/omar/pico-sdk/src/common/pico_time/time.c.obj
 .bss           0x0000000020000408       0x1c /usr/lib/gcc/arm-none-eabi/12.2.1/thumb/v6-m/nofp/crtbegin.o
 .bss.claimed   0x0000000020000424        0x1 CMakeFiles/main.dir/home/omar/pico-sdk/src/rp2_common/hardware_timer/timer.c.obj
 *fill*         0x0000000020000425        0x3 
 .bss.configured_freq
                0x0000000020000428       0x28 CMakeFiles/main.dir/home/omar/pico-sdk/src/rp2_common/hardware_clocks/clocks.c.obj
 .bss.drivers   0x0000000020000450        0x4 CMakeFiles/main.dir/home/omar/pico-sdk/src/rp2_common/pico_stdio/stdio.c.obj
 .bss.filter    0x0000000020000454        0x4 CMakeFiles/main.dir/home/omar/pico-sdk/src/rp2_common/pico_stdio/stdio.c.obj
 .bss.pools     0x0000000020000458       0x10 CMakeFiles/main.dir/home/omar/pico-sdk/src/common/pico_time/time.c.obj
 .bss.sd_table  0x0000000020000468      0x100 CMakeFiles/main.dir/home/omar/pico-sdk/src/rp2_common/pico_double/double_init_rom_rp2040.c.obj
                0x0000000020000468                sd_table
 .bss.sf_clz_func
                0x0000000020000568        0x4 CMakeFiles/main.dir/home/omar/pico-sdk/src/rp2_common/pico_double/double_init_rom_rp2040.c.obj
                0x0000000020000568                sf_clz_func
 .bss.sf_table  0x000000002000056c      0x100 CMakeFiles/main.dir/home/omar/pico-sdk/src/rp2_common/pico_float/float_init_rom_rp2040.c.obj
                0x000000002000056c                sf_table
 .bss.sleep_notifier
                0x000000002000066c        0x4 CMakeFiles/main.dir/home/omar/pico-sdk/src/common/pico_time/time.c.obj
 *(COMMON)
                0x0000000020000670                . = ALIGN (0x4)
                0x0000000020000670                __bss_end__ = .

.heap           0x0000000020000670    0x3f990 load address 0x0000000010003ff4
                0x0000000020000670                __end__ = .
                0x0000000020000670                end = __end__
 *(.heap*)
 .heap          0x0000000020000670      0x800 CMakeFiles/main.dir/home/omar/pico-sdk/src/rp2_common/pico_crt0/crt0.S.obj
                0x0000000020040000                . = (ORIGIN (RAM) + LENGTH (RAM))
 *fill*         0x0000000020000e70    0x3f190 
                0x0000000020040000                __HeapLimit = .

.scratch_x      0x0000000020040000        0x0 load address 0x0000000010003ff4
                0x0000000020040000                __scratch_x_start__ = .
 *(.scratch_x.*)
                0x0000000020040000                . = ALIGN (0x4)
                0x0000000020040000                __scratch_x_end__ = .
                0x0000000010003ff4                __scratch_x_source__ = LOADADDR (.scratch_x)

.scratch_y      0x0000000020041000        0x0 load address 0x0000000010003ff4
                0x0000000020041000                __scratch_y_start__ = .
 *(.scratch_y.*)
                0x0000000020041000                . = ALIGN (0x4)
                0x0000000020041000                __scratch_y_end__ = .
                0x0000000010003ff4                __scratch_y_source__ = LOADADDR (.scratch_y)

.stack1_dummy
 *(.stack1*)

.stack_dummy    0x0000000020041000      0x800
 *(.stack*)
 .stack         0x0000000020041000      0x800 CMakeFiles/main.dir/home/omar/pico-sdk/src/rp2_common/pico_crt0/crt0.S.obj

.flash_end      0x0000000010003ff4        0x0
 *(.embedded_end_block*)
                0x0000000010003ff4                PROVIDE (__flash_binary_end = .)
                0x0000000020040000                __StackLimit = (ORIGIN (RAM) + LENGTH (RAM))
                0x0000000020041000                __StackOneTop = (ORIGIN (SCRATCH_X) + LENGTH (SCRATCH_X))
                0x0000000020042000                __StackTop = (ORIGIN (SCRATCH_Y) + LENGTH (SCRATCH_Y))
                0x0000000020041000                __StackOneBottom = (__StackOneTop - SIZEOF (.stack1_dummy))
                0x0000000020041800                __StackBottom = (__StackTop - SIZEOF (.stack_dummy))
                0x0000000020042000                PROVIDE (__stack = __StackTop)
                [!provide]                        PROVIDE (__heap_start = __end__)
                [!provide]                        PROVIDE (__heap_end = __HeapLimit)
                [!provide]                        PROVIDE (__tls_align = MAX (ALIGNOF (.tdata), ALIGNOF (.tbss)))
                [!provide]                        PROVIDE (__tls_size_align = (((__tls_size + __tls_align) - 0x1) & ~ ((__tls_align - 0x1))))
                [!provide]                        PROVIDE (__arm32_tls_tcb_offset = MAX (0x8, __tls_align))
                [!provide]                        PROVIDE (_end = __end__)
                [!provide]                        PROVIDE (__llvm_libc_heap_limit = __HeapLimit)
                0x0000000000000001                ASSERT ((__StackLimit >= __HeapLimit), region RAM overflowed)
                0x0000000000000001                ASSERT (((__binary_info_header_end - __logical_binary_start) <= 0x100), Binary info must be in first 256 bytes of the binary)
LOAD CMakeFiles/main.dir/main.c.obj
LOAD CMakeFiles/main.dir/home/omar/pico-sdk/src/rp2_common/pico_stdlib/stdlib.c.obj
LOAD CMakeFiles/main.dir/home/omar/pico-sdk/src/rp2_common/hardware_gpio/gpio.c.obj
LOAD CMakeFiles/main.dir/home/omar/pico-sdk/src/rp2040/pico_platform/platform.c.obj
LOAD CMakeFiles/main.dir/home/omar/pico-sdk/src/rp2_common/pico_platform_panic/panic.c.obj
LOAD CMakeFiles/main.dir/home/omar/pico-sdk/src/common/hardware_claim/claim.c.obj
LOAD CMakeFiles/main.dir/home/omar/pico-sdk/src/rp2_common/hardware_sync/sync.c.obj
LOAD CMakeFiles/main.dir/home/omar/pico-sdk/src/rp2_common/hardware_sync_spin_lock/sync_spin_lock.c.obj
LOAD CMakeFiles/main.dir/home/omar/pico-sdk/src/rp2_common/hardware_irq/irq.c.obj
LOAD CMakeFiles/main.dir/home/omar/pico-sdk/src/rp2_common/hardware_irq/irq_handler_chain.S.obj
LOAD CMakeFiles/main.dir/home/omar/pico-sdk/src/common/pico_sync/sem.c.obj
LOAD CMakeFiles/main.dir/home/omar/pico-sdk/src/common/pico_sync/lock_core.c.obj
LOAD CMakeFiles/main.dir/home/omar/pico-sdk/src/common/pico_sync/mutex.c.obj
LOAD CMakeFiles/main.dir/home/omar/pico-sdk/src/common/pico_sync/critical_section.c.obj
LOAD CMakeFiles/main.dir/home/omar/pico-sdk/src/common/pico_time/time.c.obj
LOAD CMakeFiles/main.dir/home/omar/pico-sdk/src/common/pico_time/timeout_helper.c.obj
LOAD CMakeFiles/main.dir/home/omar/pico-sdk/src/rp2_common/hardware_timer/timer.c.obj
LOAD CMakeFiles/main.dir/home/omar/pico-sdk/src/common/pico_util/datetime.c.obj
LOAD CMakeFiles/main.dir/home/omar/pico-sdk/src/common/pico_util/pheap.c.obj
LOAD CMakeFiles/main.dir/home/omar/pico-sdk/src/common/pico_util/queue.c.obj
LOAD CMakeFiles/main.dir/home/omar/pico-sdk/src/rp2_common/hardware_uart/uart.c.obj
LOAD CMakeFiles/main.dir/home/omar/pico-sdk/src/rp2_common/hardware_clocks/clocks.c.obj
LOAD CMakeFiles/main.dir/home/omar/pico-sdk/src/rp2_common/hardware_pll/pll.c.obj
LOAD CMakeFiles/main.dir/home/omar/pico-sdk/src/rp2_common/hardware_vreg/vreg.c.obj
LOAD CMakeFiles/main.dir/home/omar/pico-sdk/src/rp2_common/hardware_watchdog/watchdog.c.obj
LOAD CMakeFiles/main.dir/home/omar/pico-sdk/src/rp2_common/hardware_ticks/ticks.c.obj
LOAD CMakeFiles/main.dir/home/omar/pico-sdk/src/rp2_common/hardware_xosc/xosc.c.obj
LOAD CMakeFiles/main.dir/home/omar/pico-sdk/src/rp2_common/hardware_divider/divider.S.obj
LOAD CMakeFiles/main.dir/home/omar/pico-sdk/src/rp2_common/pico_runtime/runtime.c.obj
LOAD CMakeFiles/main.dir/home/omar/pico-sdk/src/rp2_common/pico_runtime_init/runtime_init.c.obj
LOAD CMakeFiles/main.dir/home/omar/pico-sdk/src/rp2_common/pico_runtime_init/runtime_init_clocks.c.obj
LOAD CMakeFiles/main.dir/home/omar/pico-sdk/src/rp2_common/pico_runtime_init/runtime_init_stack_guard.c.obj
LOAD CMakeFiles/main.dir/home/omar/pico-sdk/src/rp2_common/pico_bit_ops/bit_ops_aeabi.S.obj
LOAD CMakeFiles/main.dir/home/omar/pico-sdk/src/rp2_common/pico_bootrom/bootrom.c.obj
LOAD CMakeFiles/main.dir/home/omar/pico-sdk/src/rp2_common/pico_bootrom/bootrom_lock.c.obj
LOAD CMakeFiles/main.dir/home/omar/pico-sdk/src/rp2_common/hardware_boot_lock/boot_lock.c.obj
LOAD CMakeFiles/main.dir/home/omar/pico-sdk/src/rp2_common/pico_divider/divider_hardware.S.obj
LOAD CMakeFiles/main.dir/home/omar/pico-sdk/src/rp2_common/pico_double/double_aeabi_rp2040.S.obj
LOAD CMakeFiles/main.dir/home/omar/pico-sdk/src/rp2_common/pico_double/double_init_rom_rp2040.c.obj
LOAD CMakeFiles/main.dir/home/omar/pico-sdk/src/rp2_common/pico_double/double_math.c.obj
LOAD CMakeFiles/main.dir/home/omar/pico-sdk/src/rp2_common/pico_double/double_v1_rom_shim_rp2040.S.obj
LOAD CMakeFiles/main.dir/home/omar/pico-sdk/src/rp2_common/pico_int64_ops/pico_int64_ops_aeabi.S.obj
LOAD CMakeFiles/main.dir/home/omar/pico-sdk/src/rp2_common/pico_float/float_aeabi_rp2040.S.obj
LOAD CMakeFiles/main.dir/home/omar/pico-sdk/src/rp2_common/pico_float/float_init_rom_rp2040.c.obj
LOAD CMakeFiles/main.dir/home/omar/pico-sdk/src/rp2_common/pico_float/float_math.c.obj
LOAD CMakeFiles/main.dir/home/omar/pico-sdk/src/rp2_common/pico_float/float_v1_rom_shim_rp2040.S.obj
LOAD CMakeFiles/main.dir/home/omar/pico-sdk/src/rp2_common/pico_malloc/malloc.c.obj
LOAD CMakeFiles/main.dir/home/omar/pico-sdk/src/rp2_common/pico_mem_ops/mem_ops_aeabi.S.obj
LOAD CMakeFiles/main.dir/home/omar/pico-sdk/src/rp2_common/pico_atomic/atomic.c.obj
LOAD CMakeFiles/main.dir/home/omar/pico-sdk/src/rp2_common/pico_cxx_options/new_delete.cpp.obj
LOAD CMakeFiles/main.dir/home/omar/pico-sdk/src/rp2_common/pico_standard_binary_info/standard_binary_info.c.obj
LOAD CMakeFiles/main.dir/home/omar/pico-sdk/src/rp2_common/pico_printf/printf.c.obj
LOAD CMakeFiles/main.dir/home/omar/pico-sdk/src/rp2_common/pico_crt0/crt0.S.obj
LOAD CMakeFiles/main.dir/home/omar/pico-sdk/src/rp2_common/pico_clib_interface/newlib_interface.c.obj
LOAD CMakeFiles/main.dir/home/omar/pico-sdk/src/rp2_common/pico_stdio/stdio.c.obj
LOAD /tmp/cc5jBNQF.o
LOAD /usr/lib/gcc/arm-none-eabi/12.2.1/../../../arm-none-eabi/lib/thumb/v6-m/nofp/libstdc++.a
LOAD /usr/lib/gcc/arm-none-eabi/12.2.1/../../../arm-none-eabi/lib/thumb/v6-m/nofp/libm.a
START GROUP
LOAD /usr/lib/gcc/arm-none-eabi/12.2.1/thumb/v6-m/nofp/libgcc.a
LOAD /usr/lib/gcc/arm-none-eabi/12.2.1/../../../arm-none-eabi/lib/thumb/v6-m/nofp/libg.a
LOAD /usr/lib/gcc/arm-none-eabi/12.2.1/../../../arm-none-eabi/lib/thumb/v6-m/nofp/libc.a
END GROUP
START GROUP
LOAD /usr/lib/gcc/arm-none-eabi/12.2.1/thumb/v6-m/nofp/libgcc.a
LOAD /usr/lib/gcc/arm-none-eabi/12.2.1/../../../arm-none-eabi/lib/thumb/v6-m/nofp/libc.a
LOAD /usr/lib/gcc/arm-none-eabi/12.2.1/../../../arm-none-eabi/lib/thumb/v6-m/nofp/libnosys.a
END GROUP
LOAD /usr/lib/gcc/arm-none-eabi/12.2.1/thumb/v6-m/nofp/crtend.o
LOAD /usr/lib/gcc/arm-none-eabi/12.2.1/thumb/v6-m/nofp/crtn.o
OUTPUT(main.elf elf32-littlearm)
LOAD linker stubs

.ARM.attributes
                0x0000000000000000       0x28
 .ARM.attributes
                0x0000000000000000       0x1e /usr/lib/gcc/arm-none-eabi/12.2.1/thumb/v6-m/nofp/crti.o
 .ARM.attributes
                0x000000000000001e       0x2c /usr/lib/gcc/arm-none-eabi/12.2.1/thumb/v6-m/nofp/crtbegin.o
 .ARM.attributes
                0x000000000000004a       0x2c CMakeFiles/main.dir/main.c.obj
 .ARM.attributes
                0x0000000000000076       0x2c CMakeFiles/main.dir/home/omar/pico-sdk/src/rp2_common/hardware_gpio/gpio.c.obj
 .ARM.attributes
                0x00000000000000a2       0x2c CMakeFiles/main.dir/home/omar/pico-sdk/src/rp2_common/pico_platform_panic/panic.c.obj
 .ARM.attributes
                0x00000000000000ce       0x2c CMakeFiles/main.dir/home/omar/pico-sdk/src/common/hardware_claim/claim.c.obj
 .ARM.attributes
                0x00000000000000fa       0x2c CMakeFiles/main.dir/home/omar/pico-sdk/src/rp2_common/hardware_sync/sync.c.obj
 .ARM.attributes
                0x0000000000000126       0x2c CMakeFiles/main.dir/home/omar/pico-sdk/src/rp2_common/hardware_sync_spin_lock/sync_spin_lock.c.obj
 .ARM.attributes
                0x0000000000000152       0x2c CMakeFiles/main.dir/home/omar/pico-sdk/src/rp2_common/hardware_irq/irq.c.obj
 .ARM.attributes
                0x000000000000017e       0x2c CMakeFiles/main.dir/home/omar/pico-sdk/src/common/pico_sync/lock_core.c.obj
 .ARM.attributes
                0x00000000000001aa       0x2c CMakeFiles/main.dir/home/omar/pico-sdk/src/common/pico_sync/mutex.c.obj
 .ARM.attributes
                0x00000000000001d6       0x2c CMakeFiles/main.dir/home/omar/pico-sdk/src/common/pico_time/time.c.obj
 .ARM.attributes
                0x0000000000000202       0x2c CMakeFiles/main.dir/home/omar/pico-sdk/src/rp2_common/hardware_timer/timer.c.obj
 .ARM.attributes
                0x000000000000022e       0x2c CMakeFiles/main.dir/home/omar/pico-sdk/src/rp2_common/hardware_clocks/clocks.c.obj
 .ARM.attributes
                0x000000000000025a       0x2c CMakeFiles/main.dir/home/omar/pico-sdk/src/rp2_common/hardware_pll/pll.c.obj
 .ARM.attributes
                0x0000000000000286       0x2c CMakeFiles/main.dir/home/omar/pico-sdk/src/rp2_common/hardware_ticks/ticks.c.obj
 .ARM.attributes
                0x00000000000002b2       0x2c CMakeFiles/main.dir/home/omar/pico-sdk/src/rp2_common/hardware_xosc/xosc.c.obj
 .ARM.attributes
                0x00000000000002de       0x2c CMakeFiles/main.dir/home/omar/pico-sdk/src/rp2_common/pico_runtime/runtime.c.obj
 .ARM.attributes
                0x000000000000030a       0x2c CMakeFiles/main.dir/home/omar/pico-sdk/src/rp2_common/pico_runtime_init/runtime_init.c.obj
 .ARM.attributes
                0x0000000000000336       0x2c CMakeFiles/main.dir/home/omar/pico-sdk/src/rp2_common/pico_runtime_init/runtime_init_clocks.c.obj
 .ARM.attributes
                0x0000000000000362       0x22 CMakeFiles/main.dir/home/omar/pico-sdk/src/rp2_common/pico_bit_ops/bit_ops_aeabi.S.obj
 .ARM.attributes
                0x0000000000000384       0x2c CMakeFiles/main.dir/home/omar/pico-sdk/src/rp2_common/pico_bootrom/bootrom.c.obj
 .ARM.attributes
                0x00000000000003b0       0x22 CMakeFiles/main.dir/home/omar/pico-sdk/src/rp2_common/pico_divider/divider_hardware.S.obj
 .ARM.attributes
                0x00000000000003d2       0x22 CMakeFiles/main.dir/home/omar/pico-sdk/src/rp2_common/pico_double/double_aeabi_rp2040.S.obj
 .ARM.attributes
                0x00000000000003f4       0x2c CMakeFiles/main.dir/home/omar/pico-sdk/src/rp2_common/pico_double/double_init_rom_rp2040.c.obj
 .ARM.attributes
                0x0000000000000420       0x22 CMakeFiles/main.dir/home/omar/pico-sdk/src/rp2_common/pico_double/double_v1_rom_shim_rp2040.S.obj
 .ARM.attributes
                0x0000000000000442       0x22 CMakeFiles/main.dir/home/omar/pico-sdk/src/rp2_common/pico_int64_ops/pico_int64_ops_aeabi.S.obj
 .ARM.attributes
                0x0000000000000464       0x22 CMakeFiles/main.dir/home/omar/pico-sdk/src/rp2_common/pico_float/float_aeabi_rp2040.S.obj
 .ARM.attributes
                0x0000000000000486       0x2c CMakeFiles/main.dir/home/omar/pico-sdk/src/rp2_common/pico_float/float_init_rom_rp2040.c.obj
 .ARM.attributes
                0x00000000000004b2       0x22 CMakeFiles/main.dir/home/omar/pico-sdk/src/rp2_common/pico_float/float_v1_rom_shim_rp2040.S.obj
 .ARM.attributes
                0x00000000000004d4       0x22 CMakeFiles/main.dir/home/omar/pico-sdk/src/rp2_common/pico_mem_ops/mem_ops_aeabi.S.obj
 .ARM.attributes
                0x00000000000004f6       0x2c CMakeFiles/main.dir/home/omar/pico-sdk/src/rp2_common/pico_standard_binary_info/standard_binary_info.c.obj
 .ARM.attributes
                0x0000000000000522       0x2c CMakeFiles/main.dir/home/omar/pico-sdk/src/rp2_common/pico_printf/printf.c.obj
 .ARM.attributes
                0x000000000000054e       0x22 CMakeFiles/main.dir/home/omar/pico-sdk/src/rp2_common/pico_crt0/crt0.S.obj
 .ARM.attributes
                0x0000000000000570       0x2c CMakeFiles/main.dir/home/omar/pico-sdk/src/rp2_common/pico_clib_interface/newlib_interface.c.obj
 .ARM.attributes
                0x000000000000059c       0x2c CMakeFiles/main.dir/home/omar/pico-sdk/src/rp2_common/pico_stdio/stdio.c.obj
 .ARM.attributes
                0x00000000000005c8       0x22 /tmp/cc5jBNQF.o
 .ARM.attributes
                0x00000000000005ea       0x1e /usr/lib/gcc/arm-none-eabi/12.2.1/thumb/v6-m/nofp/libgcc.a(_dvmd_tls.o)
 .ARM.attributes
                0x0000000000000608       0x2c /usr/lib/gcc/arm-none-eabi/12.2.1/../../../arm-none-eabi/lib/thumb/v6-m/nofp/libg.a(lib_a-strlen-stub.o)
 .ARM.attributes
                0x0000000000000634       0x2c /usr/lib/gcc/arm-none-eabi/12.2.1/thumb/v6-m/nofp/crtend.o

.comment        0x0000000000000000       0x59
 .comment       0x0000000000000000       0x26 /usr/lib/gcc/arm-none-eabi/12.2.1/thumb/v6-m/nofp/crtbegin.o
                                         0x27 (size before relaxing)
 .comment       0x0000000000000026       0x27 CMakeFiles/main.dir/main.c.obj
 .comment       0x0000000000000026       0x27 CMakeFiles/main.dir/home/omar/pico-sdk/src/rp2_common/hardware_gpio/gpio.c.obj
 .comment       0x0000000000000026       0x27 CMakeFiles/main.dir/home/omar/pico-sdk/src/rp2_common/pico_platform_panic/panic.c.obj
 .comment       0x0000000000000026       0x27 CMakeFiles/main.dir/home/omar/pico-sdk/src/common/hardware_claim/claim.c.obj
 .comment       0x0000000000000026       0x27 CMakeFiles/main.dir/home/omar/pico-sdk/src/rp2_common/hardware_sync/sync.c.obj
 .comment       0x0000000000000026       0x27 CMakeFiles/main.dir/home/omar/pico-sdk/src/rp2_common/hardware_sync_spin_lock/sync_spin_lock.c.obj
 .comment       0x0000000000000026       0x27 CMakeFiles/main.dir/home/omar/pico-sdk/src/rp2_common/hardware_irq/irq.c.obj
 .comment       0x0000000000000026       0x27 CMakeFiles/main.dir/home/omar/pico-sdk/src/common/pico_sync/lock_core.c.obj
 .comment       0x0000000000000026       0x27 CMakeFiles/main.dir/home/omar/pico-sdk/src/common/pico_sync/mutex.c.obj
 .comment       0x0000000000000026       0x27 CMakeFiles/main.dir/home/omar/pico-sdk/src/common/pico_time/time.c.obj
 .comment       0x0000000000000026       0x27 CMakeFiles/main.dir/home/omar/pico-sdk/src/rp2_common/hardware_timer/timer.c.obj
 .comment       0x0000000000000026       0x27 CMakeFiles/main.dir/home/omar/pico-sdk/src/rp2_common/hardware_clocks/clocks.c.obj
 .comment       0x0000000000000026       0x27 CMakeFiles/main.dir/home/omar/pico-sdk/src/rp2_common/hardware_pll/pll.c.obj
 .comment       0x0000000000000026       0x27 CMakeFiles/main.dir/home/omar/pico-sdk/src/rp2_common/hardware_ticks/ticks.c.obj
 .comment       0x0000000000000026       0x27 CMakeFiles/main.dir/home/omar/pico-sdk/src/rp2_common/hardware_xosc/xosc.c.obj
 .comment       0x0000000000000026       0x27 CMakeFiles/main.dir/home/omar/pico-sdk/src/rp2_common/pico_runtime/runtime.c.obj
 .comment       0x0000000000000026       0x27 CMakeFiles/main.dir/home/omar/pico-sdk/src/rp2_common/pico_runtime_init/runtime_init.c.obj
 .comment       0x0000000000000026       0x27 CMakeFiles/main.dir/home/omar/pico-sdk/src/rp2_common/pico_runtime_init/runtime_init_clocks.c.obj
 .comment       0x0000000000000026       0x27 CMakeFiles/main.dir/home/omar/pico-sdk/src/rp2_common/pico_bootrom/bootrom.c.obj
 .comment       0x0000000000000026       0x27 CMakeFiles/main.dir/home/omar/pico-sdk/src/rp2_common/pico_double/double_init_rom_rp2040.c.obj
 .comment       0x0000000000000026       0x27 CMakeFiles/main.dir/home/omar/pico-sdk/src/rp2_common/pico_float/float_init_rom_rp2040.c.obj
 .comment       0x0000000000000026       0x27 CMakeFiles/main.dir/home/omar/pico-sdk/src/rp2_common/pico_standard_binary_info/standard_binary_info.c.obj
 .comment       0x0000000000000026       0x27 CMakeFiles/main.dir/home/omar/pico-sdk/src/rp2_common/pico_printf/printf.c.obj
 .comment       0x0000000000000026       0x27 CMakeFiles/main.dir/home/omar/pico-sdk/src/rp2_common/pico_clib_interface/newlib_interface.c.obj
 .comment       0x0000000000000026       0x27 CMakeFiles/main.dir/home/omar/pico-sdk/src/rp2_common/pico_stdio/stdio.c.obj
 .comment       0x0000000000000026       0x33 /usr/lib/gcc/arm-none-eabi/12.2.1/../../../arm-none-eabi/lib/thumb/v6-m/nofp/libg.a(lib_a-strlen-stub.o)
                                         0x34 (size before relaxing)
 .comment       0x0000000000000059       0x27 /usr/lib/gcc/arm-none-eabi/12.2.1/thumb/v6-m/nofp/crtend.o

.debug_info     0x0000000000000000    0x13859
 .debug_info    0x0000000000000000      0xa12 CMakeFiles/main.dir/main.c.obj
 .debug_info    0x0000000000000a12     0x1ca0 CMakeFiles/main.dir/home/omar/pico-sdk/src/rp2_common/hardware_gpio/gpio.c.obj
 .debug_info    0x00000000000026b2      0x1b4 CMakeFiles/main.dir/home/omar/pico-sdk/src/rp2_common/pico_platform_panic/panic.c.obj
 .debug_info    0x0000000000002866      0x699 CMakeFiles/main.dir/home/omar/pico-sdk/src/common/hardware_claim/claim.c.obj
 .debug_info    0x0000000000002eff      0x42e CMakeFiles/main.dir/home/omar/pico-sdk/src/rp2_common/hardware_sync/sync.c.obj
 .debug_info    0x000000000000332d      0x2eb CMakeFiles/main.dir/home/omar/pico-sdk/src/rp2_common/hardware_sync_spin_lock/sync_spin_lock.c.obj
 .debug_info    0x0000000000003618     0x1f34 CMakeFiles/main.dir/home/omar/pico-sdk/src/rp2_common/hardware_irq/irq.c.obj
 .debug_info    0x000000000000554c      0x1a3 CMakeFiles/main.dir/home/omar/pico-sdk/src/common/pico_sync/lock_core.c.obj
 .debug_info    0x00000000000056ef     0x1e3c CMakeFiles/main.dir/home/omar/pico-sdk/src/common/pico_sync/mutex.c.obj
 .debug_info    0x000000000000752b     0x32e1 CMakeFiles/main.dir/home/omar/pico-sdk/src/common/pico_time/time.c.obj
 .debug_info    0x000000000000a80c     0x18fa CMakeFiles/main.dir/home/omar/pico-sdk/src/rp2_common/hardware_timer/timer.c.obj
 .debug_info    0x000000000000c106     0x14ba CMakeFiles/main.dir/home/omar/pico-sdk/src/rp2_common/hardware_clocks/clocks.c.obj
 .debug_info    0x000000000000d5c0      0x637 CMakeFiles/main.dir/home/omar/pico-sdk/src/rp2_common/hardware_pll/pll.c.obj
 .debug_info    0x000000000000dbf7      0x29a CMakeFiles/main.dir/home/omar/pico-sdk/src/rp2_common/hardware_ticks/ticks.c.obj
 .debug_info    0x000000000000de91      0x1b8 CMakeFiles/main.dir/home/omar/pico-sdk/src/rp2_common/hardware_xosc/xosc.c.obj
 .debug_info    0x000000000000e049      0x1b0 CMakeFiles/main.dir/home/omar/pico-sdk/src/rp2_common/pico_runtime/runtime.c.obj
 .debug_info    0x000000000000e1f9      0x795 CMakeFiles/main.dir/home/omar/pico-sdk/src/rp2_common/pico_runtime_init/runtime_init.c.obj
 .debug_info    0x000000000000e98e      0x74d CMakeFiles/main.dir/home/omar/pico-sdk/src/rp2_common/pico_runtime_init/runtime_init_clocks.c.obj
 .debug_info    0x000000000000f0db       0x23 CMakeFiles/main.dir/home/omar/pico-sdk/src/rp2_common/pico_bit_ops/bit_ops_aeabi.S.obj
 .debug_info    0x000000000000f0fe      0x3a6 CMakeFiles/main.dir/home/omar/pico-sdk/src/rp2_common/pico_bootrom/bootrom.c.obj
 .debug_info    0x000000000000f4a4       0x23 CMakeFiles/main.dir/home/omar/pico-sdk/src/rp2_common/pico_divider/divider_hardware.S.obj
 .debug_info    0x000000000000f4c7       0x23 CMakeFiles/main.dir/home/omar/pico-sdk/src/rp2_common/pico_double/double_aeabi_rp2040.S.obj
 .debug_info    0x000000000000f4ea      0x31c CMakeFiles/main.dir/home/omar/pico-sdk/src/rp2_common/pico_double/double_init_rom_rp2040.c.obj
 .debug_info    0x000000000000f806       0x23 CMakeFiles/main.dir/home/omar/pico-sdk/src/rp2_common/pico_double/double_v1_rom_shim_rp2040.S.obj
 .debug_info    0x000000000000f829       0x24 CMakeFiles/main.dir/home/omar/pico-sdk/src/rp2_common/pico_int64_ops/pico_int64_ops_aeabi.S.obj
 .debug_info    0x000000000000f84d       0x23 CMakeFiles/main.dir/home/omar/pico-sdk/src/rp2_common/pico_float/float_aeabi_rp2040.S.obj
 .debug_info    0x000000000000f870      0x31d CMakeFiles/main.dir/home/omar/pico-sdk/src/rp2_common/pico_float/float_init_rom_rp2040.c.obj
 .debug_info    0x000000000000fb8d       0x23 CMakeFiles/main.dir/home/omar/pico-sdk/src/rp2_common/pico_float/float_v1_rom_shim_rp2040.S.obj
 .debug_info    0x000000000000fbb0       0x23 CMakeFiles/main.dir/home/omar/pico-sdk/src/rp2_common/pico_mem_ops/mem_ops_aeabi.S.obj
 .debug_info    0x000000000000fbd3      0x25e CMakeFiles/main.dir/home/omar/pico-sdk/src/rp2_common/pico_standard_binary_info/standard_binary_info.c.obj
 .debug_info    0x000000000000fe31     0x198b CMakeFiles/main.dir/home/omar/pico-sdk/src/rp2_common/pico_printf/printf.c.obj
 .debug_info    0x00000000000117bc       0x23 CMakeFiles/main.dir/home/omar/pico-sdk/src/rp2_common/pico_crt0/crt0.S.obj
 .debug_info    0x00000000000117df      0xb9a CMakeFiles/main.dir/home/omar/pico-sdk/src/rp2_common/pico_clib_interface/newlib_interface.c.obj
 .debug_info    0x0000000000012379     0x13b9 CMakeFiles/main.dir/home/omar/pico-sdk/src/rp2_common/pico_stdio/stdio.c.obj
 .debug_info    0x0000000000013732       0x39 /usr/lib/gcc/arm-none-eabi/12.2.1/thumb/v6-m/nofp/libgcc.a(_dvmd_tls.o)
 .debug_info    0x000000000001376b       0xee /usr/lib/gcc/arm-none-eabi/12.2.1/../../../arm-none-eabi/lib/thumb/v6-m/nofp/libg.a(lib_a-strlen-stub.o)

.debug_abbrev   0x0000000000000000     0x456f
 .debug_abbrev  0x0000000000000000      0x1ee CMakeFiles/main.dir/main.c.obj
 .debug_abbrev  0x00000000000001ee      0x42d CMakeFiles/main.dir/home/omar/pico-sdk/src/rp2_common/hardware_gpio/gpio.c.obj
 .debug_abbrev  0x000000000000061b      0x12d CMakeFiles/main.dir/home/omar/pico-sdk/src/rp2_common/pico_platform_panic/panic.c.obj
 .debug_abbrev  0x0000000000000748      0x2b4 CMakeFiles/main.dir/home/omar/pico-sdk/src/common/hardware_claim/claim.c.obj
 .debug_abbrev  0x00000000000009fc      0x1f4 CMakeFiles/main.dir/home/omar/pico-sdk/src/rp2_common/hardware_sync/sync.c.obj
 .debug_abbrev  0x0000000000000bf0      0x1f0 CMakeFiles/main.dir/home/omar/pico-sdk/src/rp2_common/hardware_sync_spin_lock/sync_spin_lock.c.obj
 .debug_abbrev  0x0000000000000de0      0x5d8 CMakeFiles/main.dir/home/omar/pico-sdk/src/rp2_common/hardware_irq/irq.c.obj
 .debug_abbrev  0x00000000000013b8      0x116 CMakeFiles/main.dir/home/omar/pico-sdk/src/common/pico_sync/lock_core.c.obj
 .debug_abbrev  0x00000000000014ce      0x41b CMakeFiles/main.dir/home/omar/pico-sdk/src/common/pico_sync/mutex.c.obj
 .debug_abbrev  0x00000000000018e9      0x632 CMakeFiles/main.dir/home/omar/pico-sdk/src/common/pico_time/time.c.obj
 .debug_abbrev  0x0000000000001f1b      0x473 CMakeFiles/main.dir/home/omar/pico-sdk/src/rp2_common/hardware_timer/timer.c.obj
 .debug_abbrev  0x000000000000238e      0x431 CMakeFiles/main.dir/home/omar/pico-sdk/src/rp2_common/hardware_clocks/clocks.c.obj
 .debug_abbrev  0x00000000000027bf      0x20e CMakeFiles/main.dir/home/omar/pico-sdk/src/rp2_common/hardware_pll/pll.c.obj
 .debug_abbrev  0x00000000000029cd      0x152 CMakeFiles/main.dir/home/omar/pico-sdk/src/rp2_common/hardware_ticks/ticks.c.obj
 .debug_abbrev  0x0000000000002b1f      0x11d CMakeFiles/main.dir/home/omar/pico-sdk/src/rp2_common/hardware_xosc/xosc.c.obj
 .debug_abbrev  0x0000000000002c3c      0x149 CMakeFiles/main.dir/home/omar/pico-sdk/src/rp2_common/pico_runtime/runtime.c.obj
 .debug_abbrev  0x0000000000002d85      0x20f CMakeFiles/main.dir/home/omar/pico-sdk/src/rp2_common/pico_runtime_init/runtime_init.c.obj
 .debug_abbrev  0x0000000000002f94      0x2b3 CMakeFiles/main.dir/home/omar/pico-sdk/src/rp2_common/pico_runtime_init/runtime_init_clocks.c.obj
 .debug_abbrev  0x0000000000003247       0x12 CMakeFiles/main.dir/home/omar/pico-sdk/src/rp2_common/pico_bit_ops/bit_ops_aeabi.S.obj
 .debug_abbrev  0x0000000000003259      0x1a0 CMakeFiles/main.dir/home/omar/pico-sdk/src/rp2_common/pico_bootrom/bootrom.c.obj
 .debug_abbrev  0x00000000000033f9       0x12 CMakeFiles/main.dir/home/omar/pico-sdk/src/rp2_common/pico_divider/divider_hardware.S.obj
 .debug_abbrev  0x000000000000340b       0x12 CMakeFiles/main.dir/home/omar/pico-sdk/src/rp2_common/pico_double/double_aeabi_rp2040.S.obj
 .debug_abbrev  0x000000000000341d      0x1ab CMakeFiles/main.dir/home/omar/pico-sdk/src/rp2_common/pico_double/double_init_rom_rp2040.c.obj
 .debug_abbrev  0x00000000000035c8       0x12 CMakeFiles/main.dir/home/omar/pico-sdk/src/rp2_common/pico_double/double_v1_rom_shim_rp2040.S.obj
 .debug_abbrev  0x00000000000035da       0x14 CMakeFiles/main.dir/home/omar/pico-sdk/src/rp2_common/pico_int64_ops/pico_int64_ops_aeabi.S.obj
 .debug_abbrev  0x00000000000035ee       0x12 CMakeFiles/main.dir/home/omar/pico-sdk/src/rp2_common/pico_float/float_aeabi_rp2040.S.obj
 .debug_abbrev  0x0000000000003600      0x1ae CMakeFiles/main.dir/home/omar/pico-sdk/src/rp2_common/pico_float/float_init_rom_rp2040.c.obj
 .debug_abbrev  0x00000000000037ae       0x12 CMakeFiles/main.dir/home/omar/pico-sdk/src/rp2_common/pico_float/float_v1_rom_shim_rp2040.S.obj
 .debug_abbrev  0x00000000000037c0       0x12 CMakeFiles/main.dir/home/omar/pico-sdk/src/rp2_common/pico_mem_ops/mem_ops_aeabi.S.obj
 .debug_abbrev  0x00000000000037d2       0xb8 CMakeFiles/main.dir/home/omar/pico-sdk/src/rp2_common/pico_standard_binary_info/standard_binary_info.c.obj
 .debug_abbrev  0x000000000000388a      0x3a7 CMakeFiles/main.dir/home/omar/pico-sdk/src/rp2_common/pico_printf/printf.c.obj
 .debug_abbrev  0x0000000000003c31       0x12 CMakeFiles/main.dir/home/omar/pico-sdk/src/rp2_common/pico_crt0/crt0.S.obj
 .debug_abbrev  0x0000000000003c43      0x35f CMakeFiles/main.dir/home/omar/pico-sdk/src/rp2_common/pico_clib_interface/newlib_interface.c.obj
 .debug_abbrev  0x0000000000003fa2      0x51f CMakeFiles/main.dir/home/omar/pico-sdk/src/rp2_common/pico_stdio/stdio.c.obj
 .debug_abbrev  0x00000000000044c1       0x1f /usr/lib/gcc/arm-none-eabi/12.2.1/thumb/v6-m/nofp/libgcc.a(_dvmd_tls.o)
 .debug_abbrev  0x00000000000044e0       0x8f /usr/lib/gcc/arm-none-eabi/12.2.1/../../../arm-none-eabi/lib/thumb/v6-m/nofp/libg.a(lib_a-strlen-stub.o)

.debug_loclists
                0x0000000000000000     0x7845
 .debug_loclists
                0x0000000000000000      0x276 CMakeFiles/main.dir/main.c.obj
 .debug_loclists
                0x0000000000000276      0xd35 CMakeFiles/main.dir/home/omar/pico-sdk/src/rp2_common/hardware_gpio/gpio.c.obj
 .debug_loclists
                0x0000000000000fab      0x27b CMakeFiles/main.dir/home/omar/pico-sdk/src/common/hardware_claim/claim.c.obj
 .debug_loclists
                0x0000000000001226       0xc7 CMakeFiles/main.dir/home/omar/pico-sdk/src/rp2_common/hardware_sync/sync.c.obj
 .debug_loclists
                0x00000000000012ed       0x9c CMakeFiles/main.dir/home/omar/pico-sdk/src/rp2_common/hardware_sync_spin_lock/sync_spin_lock.c.obj
 .debug_loclists
                0x0000000000001389      0xc13 CMakeFiles/main.dir/home/omar/pico-sdk/src/rp2_common/hardware_irq/irq.c.obj
 .debug_loclists
                0x0000000000001f9c       0x4a CMakeFiles/main.dir/home/omar/pico-sdk/src/common/pico_sync/lock_core.c.obj
 .debug_loclists
                0x0000000000001fe6      0xa50 CMakeFiles/main.dir/home/omar/pico-sdk/src/common/pico_sync/mutex.c.obj
 .debug_loclists
                0x0000000000002a36     0x15b9 CMakeFiles/main.dir/home/omar/pico-sdk/src/common/pico_time/time.c.obj
 .debug_loclists
                0x0000000000003fef      0x892 CMakeFiles/main.dir/home/omar/pico-sdk/src/rp2_common/hardware_timer/timer.c.obj
 .debug_loclists
                0x0000000000004881      0x89f CMakeFiles/main.dir/home/omar/pico-sdk/src/rp2_common/hardware_clocks/clocks.c.obj
 .debug_loclists
                0x0000000000005120      0x217 CMakeFiles/main.dir/home/omar/pico-sdk/src/rp2_common/hardware_pll/pll.c.obj
 .debug_loclists
                0x0000000000005337       0x41 CMakeFiles/main.dir/home/omar/pico-sdk/src/rp2_common/hardware_ticks/ticks.c.obj
 .debug_loclists
                0x0000000000005378       0x48 CMakeFiles/main.dir/home/omar/pico-sdk/src/rp2_common/hardware_xosc/xosc.c.obj
 .debug_loclists
                0x00000000000053c0       0x52 CMakeFiles/main.dir/home/omar/pico-sdk/src/rp2_common/pico_runtime/runtime.c.obj
 .debug_loclists
                0x0000000000005412       0xba CMakeFiles/main.dir/home/omar/pico-sdk/src/rp2_common/pico_runtime_init/runtime_init.c.obj
 .debug_loclists
                0x00000000000054cc       0x7b CMakeFiles/main.dir/home/omar/pico-sdk/src/rp2_common/pico_runtime_init/runtime_init_clocks.c.obj
 .debug_loclists
                0x0000000000005547      0x16b CMakeFiles/main.dir/home/omar/pico-sdk/src/rp2_common/pico_bootrom/bootrom.c.obj
 .debug_loclists
                0x00000000000056b2       0x60 CMakeFiles/main.dir/home/omar/pico-sdk/src/rp2_common/pico_double/double_init_rom_rp2040.c.obj
 .debug_loclists
                0x0000000000005712       0x4f CMakeFiles/main.dir/home/omar/pico-sdk/src/rp2_common/pico_float/float_init_rom_rp2040.c.obj
 .debug_loclists
                0x0000000000005761     0x1640 CMakeFiles/main.dir/home/omar/pico-sdk/src/rp2_common/pico_printf/printf.c.obj
 .debug_loclists
                0x0000000000006da1      0x387 CMakeFiles/main.dir/home/omar/pico-sdk/src/rp2_common/pico_clib_interface/newlib_interface.c.obj
 .debug_loclists
                0x0000000000007128      0x71d CMakeFiles/main.dir/home/omar/pico-sdk/src/rp2_common/pico_stdio/stdio.c.obj

.debug_aranges  0x0000000000000000      0xf10
 .debug_aranges
                0x0000000000000000       0x20 CMakeFiles/main.dir/main.c.obj
 .debug_aranges
                0x0000000000000020      0x128 CMakeFiles/main.dir/home/omar/pico-sdk/src/rp2_common/hardware_gpio/gpio.c.obj
 .debug_aranges
                0x0000000000000148       0x28 CMakeFiles/main.dir/home/omar/pico-sdk/src/rp2_common/pico_platform_panic/panic.c.obj
 .debug_aranges
                0x0000000000000170       0x48 CMakeFiles/main.dir/home/omar/pico-sdk/src/common/hardware_claim/claim.c.obj
 .debug_aranges
                0x00000000000001b8       0x48 CMakeFiles/main.dir/home/omar/pico-sdk/src/rp2_common/hardware_sync/sync.c.obj
 .debug_aranges
                0x0000000000000200       0x28 CMakeFiles/main.dir/home/omar/pico-sdk/src/rp2_common/hardware_sync_spin_lock/sync_spin_lock.c.obj
 .debug_aranges
                0x0000000000000228       0xe0 CMakeFiles/main.dir/home/omar/pico-sdk/src/rp2_common/hardware_irq/irq.c.obj
 .debug_aranges
                0x0000000000000308       0x20 CMakeFiles/main.dir/home/omar/pico-sdk/src/common/pico_sync/lock_core.c.obj
 .debug_aranges
                0x0000000000000328       0x98 CMakeFiles/main.dir/home/omar/pico-sdk/src/common/pico_sync/mutex.c.obj
 .debug_aranges
                0x00000000000003c0      0x110 CMakeFiles/main.dir/home/omar/pico-sdk/src/common/pico_time/time.c.obj
 .debug_aranges
                0x00000000000004d0       0xf0 CMakeFiles/main.dir/home/omar/pico-sdk/src/rp2_common/hardware_timer/timer.c.obj
 .debug_aranges
                0x00000000000005c0       0xa0 CMakeFiles/main.dir/home/omar/pico-sdk/src/rp2_common/hardware_clocks/clocks.c.obj
 .debug_aranges
                0x0000000000000660       0x28 CMakeFiles/main.dir/home/omar/pico-sdk/src/rp2_common/hardware_pll/pll.c.obj
 .debug_aranges
                0x0000000000000688       0x30 CMakeFiles/main.dir/home/omar/pico-sdk/src/rp2_common/hardware_ticks/ticks.c.obj
 .debug_aranges
                0x00000000000006b8       0x30 CMakeFiles/main.dir/home/omar/pico-sdk/src/rp2_common/hardware_xosc/xosc.c.obj
 .debug_aranges
                0x00000000000006e8       0x40 CMakeFiles/main.dir/home/omar/pico-sdk/src/rp2_common/pico_runtime/runtime.c.obj
 .debug_aranges
                0x0000000000000728       0x48 CMakeFiles/main.dir/home/omar/pico-sdk/src/rp2_common/pico_runtime_init/runtime_init.c.obj
 .debug_aranges
                0x0000000000000770       0x28 CMakeFiles/main.dir/home/omar/pico-sdk/src/rp2_common/pico_runtime_init/runtime_init_clocks.c.obj
 .debug_aranges
                0x0000000000000798       0x60 CMakeFiles/main.dir/home/omar/pico-sdk/src/rp2_common/pico_bit_ops/bit_ops_aeabi.S.obj
 .debug_aranges
                0x00000000000007f8       0x38 CMakeFiles/main.dir/home/omar/pico-sdk/src/rp2_common/pico_bootrom/bootrom.c.obj
 .debug_aranges
                0x0000000000000830       0x40 CMakeFiles/main.dir/home/omar/pico-sdk/src/rp2_common/pico_divider/divider_hardware.S.obj
 .debug_aranges
                0x0000000000000870      0x140 CMakeFiles/main.dir/home/omar/pico-sdk/src/rp2_common/pico_double/double_aeabi_rp2040.S.obj
 .debug_aranges
                0x00000000000009b0       0x20 CMakeFiles/main.dir/home/omar/pico-sdk/src/rp2_common/pico_double/double_init_rom_rp2040.c.obj
 .debug_aranges
                0x00000000000009d0       0xc8 CMakeFiles/main.dir/home/omar/pico-sdk/src/rp2_common/pico_double/double_v1_rom_shim_rp2040.S.obj
 .debug_aranges
                0x0000000000000a98       0x20 CMakeFiles/main.dir/home/omar/pico-sdk/src/rp2_common/pico_int64_ops/pico_int64_ops_aeabi.S.obj
 .debug_aranges
                0x0000000000000ab8      0x130 CMakeFiles/main.dir/home/omar/pico-sdk/src/rp2_common/pico_float/float_aeabi_rp2040.S.obj
 .debug_aranges
                0x0000000000000be8       0x20 CMakeFiles/main.dir/home/omar/pico-sdk/src/rp2_common/pico_float/float_init_rom_rp2040.c.obj
 .debug_aranges
                0x0000000000000c08       0x50 CMakeFiles/main.dir/home/omar/pico-sdk/src/rp2_common/pico_float/float_v1_rom_shim_rp2040.S.obj
 .debug_aranges
                0x0000000000000c58       0x38 CMakeFiles/main.dir/home/omar/pico-sdk/src/rp2_common/pico_mem_ops/mem_ops_aeabi.S.obj
 .debug_aranges
                0x0000000000000c90       0x18 CMakeFiles/main.dir/home/omar/pico-sdk/src/rp2_common/pico_standard_binary_info/standard_binary_info.c.obj
 .debug_aranges
                0x0000000000000ca8       0x90 CMakeFiles/main.dir/home/omar/pico-sdk/src/rp2_common/pico_printf/printf.c.obj
 .debug_aranges
                0x0000000000000d38       0x28 CMakeFiles/main.dir/home/omar/pico-sdk/src/rp2_common/pico_crt0/crt0.S.obj
 .debug_aranges
                0x0000000000000d60       0xa0 CMakeFiles/main.dir/home/omar/pico-sdk/src/rp2_common/pico_clib_interface/newlib_interface.c.obj
 .debug_aranges
                0x0000000000000e00       0xd0 CMakeFiles/main.dir/home/omar/pico-sdk/src/rp2_common/pico_stdio/stdio.c.obj
 .debug_aranges
                0x0000000000000ed0       0x20 /usr/lib/gcc/arm-none-eabi/12.2.1/thumb/v6-m/nofp/libgcc.a(_dvmd_tls.o)
 .debug_aranges
                0x0000000000000ef0       0x20 /usr/lib/gcc/arm-none-eabi/12.2.1/../../../arm-none-eabi/lib/thumb/v6-m/nofp/libg.a(lib_a-strlen-stub.o)

.debug_rnglists
                0x0000000000000000      0xe1e
 .debug_rnglists
                0x0000000000000000       0x14 CMakeFiles/main.dir/main.c.obj
 .debug_rnglists
                0x0000000000000014      0x10a CMakeFiles/main.dir/home/omar/pico-sdk/src/rp2_common/hardware_gpio/gpio.c.obj
 .debug_rnglists
                0x000000000000011e       0x19 CMakeFiles/main.dir/home/omar/pico-sdk/src/rp2_common/pico_platform_panic/panic.c.obj
 .debug_rnglists
                0x0000000000000137       0x31 CMakeFiles/main.dir/home/omar/pico-sdk/src/common/hardware_claim/claim.c.obj
 .debug_rnglists
                0x0000000000000168       0x31 CMakeFiles/main.dir/home/omar/pico-sdk/src/rp2_common/hardware_sync/sync.c.obj
 .debug_rnglists
                0x0000000000000199       0x19 CMakeFiles/main.dir/home/omar/pico-sdk/src/rp2_common/hardware_sync_spin_lock/sync_spin_lock.c.obj
 .debug_rnglists
                0x00000000000001b2      0x108 CMakeFiles/main.dir/home/omar/pico-sdk/src/rp2_common/hardware_irq/irq.c.obj
 .debug_rnglists
                0x00000000000002ba       0x13 CMakeFiles/main.dir/home/omar/pico-sdk/src/common/pico_sync/lock_core.c.obj
 .debug_rnglists
                0x00000000000002cd      0x11d CMakeFiles/main.dir/home/omar/pico-sdk/src/common/pico_sync/mutex.c.obj
 .debug_rnglists
                0x00000000000003ea      0x1e6 CMakeFiles/main.dir/home/omar/pico-sdk/src/common/pico_time/time.c.obj
 .debug_rnglists
                0x00000000000005d0       0xb2 CMakeFiles/main.dir/home/omar/pico-sdk/src/rp2_common/hardware_timer/timer.c.obj
 .debug_rnglists
                0x0000000000000682       0xe2 CMakeFiles/main.dir/home/omar/pico-sdk/src/rp2_common/hardware_clocks/clocks.c.obj
 .debug_rnglists
                0x0000000000000764       0x1a CMakeFiles/main.dir/home/omar/pico-sdk/src/rp2_common/hardware_pll/pll.c.obj
 .debug_rnglists
                0x000000000000077e       0x1f CMakeFiles/main.dir/home/omar/pico-sdk/src/rp2_common/hardware_ticks/ticks.c.obj
 .debug_rnglists
                0x000000000000079d       0x1f CMakeFiles/main.dir/home/omar/pico-sdk/src/rp2_common/hardware_xosc/xosc.c.obj
 .debug_rnglists
                0x00000000000007bc       0x2b CMakeFiles/main.dir/home/omar/pico-sdk/src/rp2_common/pico_runtime/runtime.c.obj
 .debug_rnglists
                0x00000000000007e7       0x31 CMakeFiles/main.dir/home/omar/pico-sdk/src/rp2_common/pico_runtime_init/runtime_init.c.obj
 .debug_rnglists
                0x0000000000000818       0x26 CMakeFiles/main.dir/home/omar/pico-sdk/src/rp2_common/pico_runtime_init/runtime_init_clocks.c.obj
 .debug_rnglists
                0x000000000000083e       0x43 CMakeFiles/main.dir/home/omar/pico-sdk/src/rp2_common/pico_bit_ops/bit_ops_aeabi.S.obj
 .debug_rnglists
                0x0000000000000881       0x31 CMakeFiles/main.dir/home/omar/pico-sdk/src/rp2_common/pico_bootrom/bootrom.c.obj
 .debug_rnglists
                0x00000000000008b2       0x2c CMakeFiles/main.dir/home/omar/pico-sdk/src/rp2_common/pico_divider/divider_hardware.S.obj
 .debug_rnglists
                0x00000000000008de       0xed CMakeFiles/main.dir/home/omar/pico-sdk/src/rp2_common/pico_double/double_aeabi_rp2040.S.obj
 .debug_rnglists
                0x00000000000009cb       0x21 CMakeFiles/main.dir/home/omar/pico-sdk/src/rp2_common/pico_double/double_init_rom_rp2040.c.obj
 .debug_rnglists
                0x00000000000009ec       0x99 CMakeFiles/main.dir/home/omar/pico-sdk/src/rp2_common/pico_double/double_v1_rom_shim_rp2040.S.obj
 .debug_rnglists
                0x0000000000000a85       0xdf CMakeFiles/main.dir/home/omar/pico-sdk/src/rp2_common/pico_float/float_aeabi_rp2040.S.obj
 .debug_rnglists
                0x0000000000000b64       0x20 CMakeFiles/main.dir/home/omar/pico-sdk/src/rp2_common/pico_float/float_init_rom_rp2040.c.obj
 .debug_rnglists
                0x0000000000000b84       0x38 CMakeFiles/main.dir/home/omar/pico-sdk/src/rp2_common/pico_float/float_v1_rom_shim_rp2040.S.obj
 .debug_rnglists
                0x0000000000000bbc       0x25 CMakeFiles/main.dir/home/omar/pico-sdk/src/rp2_common/pico_mem_ops/mem_ops_aeabi.S.obj
 .debug_rnglists
                0x0000000000000be1       0xc2 CMakeFiles/main.dir/home/omar/pico-sdk/src/rp2_common/pico_printf/printf.c.obj
 .debug_rnglists
                0x0000000000000ca3       0x1b CMakeFiles/main.dir/home/omar/pico-sdk/src/rp2_common/pico_crt0/crt0.S.obj
 .debug_rnglists
                0x0000000000000cbe       0x73 CMakeFiles/main.dir/home/omar/pico-sdk/src/rp2_common/pico_clib_interface/newlib_interface.c.obj
 .debug_rnglists