Archive member included to satisfy reference by file (symbol)

/usr/lib/gcc/arm-none-eabi/12.2.1/thumb/v6-m/nofp/libgcc.a(_dvmd_tls.o)
                              CMakeFiles/omar.dir/home/omar/pico-sdk/src/rp2_common/pico_divider/divider_hardware.S.obj (__aeabi_idiv0)
/usr/lib/gcc/arm-none-eabi/12.2.1/../../../arm-none-eabi/lib/thumb/v6-m/nofp/libg.a(lib_a-atexit.o)
                              /usr/lib/gcc/arm-none-eabi/12.2.1/../../../arm-none-eabi/lib/thumb/v6-m/nofp/crt0.o (atexit)
/usr/lib/gcc/arm-none-eabi/12.2.1/../../../arm-none-eabi/lib/thumb/v6-m/nofp/libg.a(lib_a-calloc.o)
                              CMakeFiles/omar.dir/home/omar/pico-sdk/src/rp2_common/pico_malloc/malloc.c.obj (calloc)
/usr/lib/gcc/arm-none-eabi/12.2.1/../../../arm-none-eabi/lib/thumb/v6-m/nofp/libg.a(lib_a-callocr.o)
                              /usr/lib/gcc/arm-none-eabi/12.2.1/../../../arm-none-eabi/lib/thumb/v6-m/nofp/libg.a(lib_a-calloc.o) (_calloc_r)
/usr/lib/gcc/arm-none-eabi/12.2.1/../../../arm-none-eabi/lib/thumb/v6-m/nofp/libg.a(lib_a-fini.o)
                              /usr/lib/gcc/arm-none-eabi/12.2.1/../../../arm-none-eabi/lib/thumb/v6-m/nofp/crt0.o (__libc_fini_array)
/usr/lib/gcc/arm-none-eabi/12.2.1/../../../arm-none-eabi/lib/thumb/v6-m/nofp/libg.a(lib_a-impure.o)
                              /usr/lib/gcc/arm-none-eabi/12.2.1/../../../arm-none-eabi/lib/thumb/v6-m/nofp/libg.a(lib_a-calloc.o) (_impure_ptr)
/usr/lib/gcc/arm-none-eabi/12.2.1/../../../arm-none-eabi/lib/thumb/v6-m/nofp/libg.a(lib_a-init.o)
                              /usr/lib/gcc/arm-none-eabi/12.2.1/../../../arm-none-eabi/lib/thumb/v6-m/nofp/crt0.o (__libc_init_array)
/usr/lib/gcc/arm-none-eabi/12.2.1/../../../arm-none-eabi/lib/thumb/v6-m/nofp/libg.a(lib_a-lcltime_r.o)
                              CMakeFiles/omar.dir/home/omar/pico-sdk/src/common/pico_util/datetime.c.obj (localtime_r)
/usr/lib/gcc/arm-none-eabi/12.2.1/../../../arm-none-eabi/lib/thumb/v6-m/nofp/libg.a(lib_a-malloc.o)
                              CMakeFiles/omar.dir/home/omar/pico-sdk/src/rp2_common/pico_malloc/malloc.c.obj (malloc)
/usr/lib/gcc/arm-none-eabi/12.2.1/../../../arm-none-eabi/lib/thumb/v6-m/nofp/libg.a(lib_a-mallocr.o)
                              /usr/lib/gcc/arm-none-eabi/12.2.1/../../../arm-none-eabi/lib/thumb/v6-m/nofp/libg.a(lib_a-callocr.o) (_malloc_r)
/usr/lib/gcc/arm-none-eabi/12.2.1/../../../arm-none-eabi/lib/thumb/v6-m/nofp/libg.a(lib_a-memcmp.o)
                              CMakeFiles/omar.dir/home/omar/pico-sdk/src/rp2_common/pico_atomic/atomic.c.obj (memcmp)
/usr/lib/gcc/arm-none-eabi/12.2.1/../../../arm-none-eabi/lib/thumb/v6-m/nofp/libg.a(lib_a-mktime.o)
                              CMakeFiles/omar.dir/home/omar/pico-sdk/src/common/pico_util/datetime.c.obj (mktime)
/usr/lib/gcc/arm-none-eabi/12.2.1/../../../arm-none-eabi/lib/thumb/v6-m/nofp/libg.a(lib_a-mlock.o)
                              /usr/lib/gcc/arm-none-eabi/12.2.1/../../../arm-none-eabi/lib/thumb/v6-m/nofp/libg.a(lib_a-mallocr.o) (__malloc_lock)
/usr/lib/gcc/arm-none-eabi/12.2.1/../../../arm-none-eabi/lib/thumb/v6-m/nofp/libg.a(lib_a-month_lengths.o)
                              /usr/lib/gcc/arm-none-eabi/12.2.1/../../../arm-none-eabi/lib/thumb/v6-m/nofp/libg.a(lib_a-lcltime_r.o) (__month_lengths)
/usr/lib/gcc/arm-none-eabi/12.2.1/../../../arm-none-eabi/lib/thumb/v6-m/nofp/libg.a(lib_a-realloc.o)
                              CMakeFiles/omar.dir/home/omar/pico-sdk/src/rp2_common/pico_malloc/malloc.c.obj (realloc)
/usr/lib/gcc/arm-none-eabi/12.2.1/../../../arm-none-eabi/lib/thumb/v6-m/nofp/libg.a(lib_a-reallocr.o)
                              /usr/lib/gcc/arm-none-eabi/12.2.1/../../../arm-none-eabi/lib/thumb/v6-m/nofp/libg.a(lib_a-realloc.o) (_realloc_r)
/usr/lib/gcc/arm-none-eabi/12.2.1/../../../arm-none-eabi/lib/thumb/v6-m/nofp/libg.a(lib_a-sbrkr.o)
                              /usr/lib/gcc/arm-none-eabi/12.2.1/../../../arm-none-eabi/lib/thumb/v6-m/nofp/libg.a(lib_a-mallocr.o) (_sbrk_r)
/usr/lib/gcc/arm-none-eabi/12.2.1/../../../arm-none-eabi/lib/thumb/v6-m/nofp/libg.a(lib_a-strlen-stub.o)
                              CMakeFiles/omar.dir/home/omar/pico-sdk/src/rp2_common/pico_stdio/stdio.c.obj (strlen)
/usr/lib/gcc/arm-none-eabi/12.2.1/../../../arm-none-eabi/lib/thumb/v6-m/nofp/libg.a(lib_a-tzcalc_limits.o)
                              /usr/lib/gcc/arm-none-eabi/12.2.1/../../../arm-none-eabi/lib/thumb/v6-m/nofp/libg.a(lib_a-lcltime_r.o) (__tzcalc_limits)
/usr/lib/gcc/arm-none-eabi/12.2.1/../../../arm-none-eabi/lib/thumb/v6-m/nofp/libg.a(lib_a-tzlock.o)
                              /usr/lib/gcc/arm-none-eabi/12.2.1/../../../arm-none-eabi/lib/thumb/v6-m/nofp/libg.a(lib_a-lcltime_r.o) (__tz_lock)
/usr/lib/gcc/arm-none-eabi/12.2.1/../../../arm-none-eabi/lib/thumb/v6-m/nofp/libg.a(lib_a-tzset.o)
                              /usr/lib/gcc/arm-none-eabi/12.2.1/../../../arm-none-eabi/lib/thumb/v6-m/nofp/libg.a(lib_a-lcltime_r.o) (_tzset_unlocked)
[...]
Memory Configuration

Name             Origin             Length             Attributes
FLASH            0x0000000010000000 0x0000000000200000 xr
RAM              0x0000000020000000 0x0000000000040000 xrw
SCRATCH_X        0x0000000020040000 0x0000000000001000 xrw
SCRATCH_Y        0x0000000020041000 0x0000000000001000 xrw
*default*        0x0000000000000000 0xffffffffffffffff

Linker script and memory map

LOAD /usr/lib/gcc/arm-none-eabi/12.2.1/thumb/v6-m/nofp/crti.o
LOAD /usr/lib/gcc/arm-none-eabi/12.2.1/thumb/v6-m/nofp/crtbegin.o
LOAD /usr/lib/gcc/arm-none-eabi/12.2.1/../../../arm-none-eabi/lib/thumb/v6-m/nofp/crt0.o

.flash_begin    0x0000000010000000        0x0
                0x0000000010000000                __flash_binary_start = .

.boot2          0x0000000010000000      0x100
                0x0000000010000000                __boot2_start__ = .
 *(.boot2)
 .boot2         0x0000000010000000      0x100 /tmp/ccXMnY1c.o
                0x0000000010000100                __boot2_end__ = .
                0x0000000000000001                ASSERT (((__boot2_end__ - __boot2_start__) == 0x100), ERROR: Pico second stage bootloader must be 256 bytes in size)

.text           0x0000000010000100     0x3510
                0x0000000010000100                __logical_binary_start = .
 *(.vectors)
 .vectors       0x0000000010000100       0xd4 CMakeFiles/omar.dir/home/omar/pico-sdk/src/rp2_common/pico_crt0/crt0.S.obj
                0x0000000010000100                __vectors
                0x0000000010000100                __VECTOR_TABLE
                0x00000000100001c0                isr_invalid
                0x00000000100001c0                __default_isrs_start
                0x00000000100001c2                isr_nmi
                0x00000000100001c4                isr_hardfault
                0x00000000100001c6                isr_svcall
                0x00000000100001c8                isr_pendsv
                0x00000000100001ca                isr_systick
                0x00000000100001cc                isr_irq30
                0x00000000100001cc                __unhandled_user_irq
                0x00000000100001cc                isr_irq13
                0x00000000100001cc                isr_irq27
                0x00000000100001cc                isr_irq31
                0x00000000100001cc                isr_irq5
                0x00000000100001cc                isr_irq11
                0x00000000100001cc                isr_irq23
                0x00000000100001cc                isr_irq18
                0x00000000100001cc                isr_irq28
                0x00000000100001cc                isr_irq19
                0x00000000100001cc                isr_irq0
                0x00000000100001cc                isr_irq6
                0x00000000100001cc                isr_irq22
                0x00000000100001cc                isr_irq17
                0x00000000100001cc                isr_irq14
                0x00000000100001cc                isr_irq2
                0x00000000100001cc                isr_irq10
                0x00000000100001cc                isr_irq8
                0x00000000100001cc                isr_irq24
                0x00000000100001cc                isr_irq1
                0x00000000100001cc                isr_irq7
                0x00000000100001cc                isr_irq21
                0x00000000100001cc                isr_irq20
                0x00000000100001cc                isr_irq15
                0x00000000100001cc                isr_irq25
                0x00000000100001cc                isr_irq4
                0x00000000100001cc                isr_irq16
                0x00000000100001cc                isr_irq29
                0x00000000100001cc                isr_irq26
                0x00000000100001cc                __default_isrs_end
                0x00000000100001cc                isr_irq3
                0x00000000100001cc                isr_irq12
                0x00000000100001cc                isr_irq9
                0x00000000100001d2                unhandled_user_irq_num_in_r0
 *(.binary_info_header)
 .binary_info_header
                0x00000000100001d4       0x14 CMakeFiles/omar.dir/home/omar/pico-sdk/src/rp2_common/pico_crt0/crt0.S.obj
                0x00000000100001e8                __binary_info_header_end = .
 *(.embedded_block)
                0x00000000100001e8                __embedded_block_end = .
 *(.reset)
 .reset         0x00000000100001e8       0x9c CMakeFiles/omar.dir/home/omar/pico-sdk/src/rp2_common/pico_crt0/crt0.S.obj
                0x00000000100001e8                _entry_point
 *(.init)
 .init          0x0000000010000284        0x4 /usr/lib/gcc/arm-none-eabi/12.2.1/thumb/v6-m/nofp/crti.o
                0x0000000010000284                _init
 *(EXCLUDE_FILE(*libm.a: *libc.a:*lib_a-mem*.o *libgcc.a:) .text*)
 .text          0x0000000010000288       0x98 /usr/lib/gcc/arm-none-eabi/12.2.1/thumb/v6-m/nofp/crtbegin.o
 .text.main     0x0000000010000320       0x50 CMakeFiles/omar.dir/main.c.obj
                0x0000000010000320                main
 .text.gpio_set_function
                0x0000000010000370       0x34 CMakeFiles/omar.dir/home/omar/pico-sdk/src/rp2_common/hardware_gpio/gpio.c.obj
                0x0000000010000370                gpio_set_function
 .text.gpio_init
                0x00000000100003a4       0x16 CMakeFiles/omar.dir/home/omar/pico-sdk/src/rp2_common/hardware_gpio/gpio.c.obj
                0x00000000100003a4                gpio_init
 *fill*         0x00000000100003ba        0x2 
 .text.panic    0x00000000100003bc       0x30 CMakeFiles/omar.dir/home/omar/pico-sdk/src/rp2_common/pico_platform_panic/panic.c.obj
                0x00000000100003bc                panic
 .text.hw_claim_lock
                0x00000000100003ec       0x18 CMakeFiles/omar.dir/home/omar/pico-sdk/src/common/hardware_claim/claim.c.obj
                0x00000000100003ec                hw_claim_lock
 .text.hw_claim_unlock
                0x0000000010000404       0x14 CMakeFiles/omar.dir/home/omar/pico-sdk/src/common/hardware_claim/claim.c.obj
                0x0000000010000404                hw_claim_unlock
 .text.hw_claim_or_assert
                0x0000000010000418       0x32 CMakeFiles/omar.dir/home/omar/pico-sdk/src/common/hardware_claim/claim.c.obj
                0x0000000010000418                hw_claim_or_assert
 *fill*         0x000000001000044a        0x2 
 .text.next_striped_spin_lock_num
                0x000000001000044c       0x1c CMakeFiles/omar.dir/home/omar/pico-sdk/src/rp2_common/hardware_sync/sync.c.obj
                0x000000001000044c                next_striped_spin_lock_num
 .text.spin_locks_reset
                0x0000000010000468       0x20 CMakeFiles/omar.dir/home/omar/pico-sdk/src/rp2_common/hardware_sync_spin_lock/sync_spin_lock.c.obj
                0x0000000010000468                spin_locks_reset
 .text.set_raw_irq_handler_and_unlock
                0x0000000010000488       0x28 CMakeFiles/omar.dir/home/omar/pico-sdk/src/rp2_common/hardware_irq/irq.c.obj
 .text.nvic_ipr0
                0x00000000100004b0        0x8 CMakeFiles/omar.dir/home/omar/pico-sdk/src/rp2_common/hardware_irq/irq.c.obj
 .text.runtime_init_per_core_irq_priorities
                0x00000000100004b8       0x1c CMakeFiles/omar.dir/home/omar/pico-sdk/src/rp2_common/hardware_irq/irq.c.obj
                0x00000000100004b8                runtime_init_per_core_irq_priorities
 .text.irq_set_mask_n_enabled
                0x00000000100004d4       0x1c CMakeFiles/omar.dir/home/omar/pico-sdk/src/rp2_common/hardware_irq/irq.c.obj
                0x00000000100004d4                irq_set_mask_n_enabled
 .text.irq_set_enabled
                0x00000000100004f0       0x14 CMakeFiles/omar.dir/home/omar/pico-sdk/src/rp2_common/hardware_irq/irq.c.obj
                0x00000000100004f0                irq_set_enabled
 .text.irq_get_vtable_handler
                0x0000000010000504       0x10 CMakeFiles/omar.dir/home/omar/pico-sdk/src/rp2_common/hardware_irq/irq.c.obj
                0x0000000010000504                irq_get_vtable_handler
 .text.irq_set_exclusive_handler
                0x0000000010000514       0x54 CMakeFiles/omar.dir/home/omar/pico-sdk/src/rp2_common/hardware_irq/irq.c.obj
                0x0000000010000514                irq_set_exclusive_handler
 .text.lock_init
                0x0000000010000568       0x10 CMakeFiles/omar.dir/home/omar/pico-sdk/src/common/pico_sync/lock_core.c.obj
                0x0000000010000568                lock_init
 .text.mutex_init
                0x0000000010000578       0x1a CMakeFiles/omar.dir/home/omar/pico-sdk/src/common/pico_sync/mutex.c.obj
                0x0000000010000578                mutex_init
 .text.recursive_mutex_init
                0x0000000010000592       0x1e CMakeFiles/omar.dir/home/omar/pico-sdk/src/common/pico_sync/mutex.c.obj
                0x0000000010000592                recursive_mutex_init
 .text.runtime_init_mutex
                0x00000000100005b0       0x4c CMakeFiles/omar.dir/home/omar/pico-sdk/src/common/pico_sync/mutex.c.obj
                0x00000000100005b0                runtime_init_mutex
 .text.make_alarm_id
                0x00000000100005fc        0x6 CMakeFiles/omar.dir/home/omar/pico-sdk/src/common/pico_time/time.c.obj
 *fill*         0x0000000010000602        0x2 
 .text.sleep_until_callback
                0x0000000010000604       0x30 CMakeFiles/omar.dir/home/omar/pico-sdk/src/common/pico_time/time.c.obj
 .text.alarm_pool_irq_handler
                0x0000000010000634      0x2e0 CMakeFiles/omar.dir/home/omar/pico-sdk/src/common/pico_time/time.c.obj
 .text.ta_enable_irq_handler
                0x0000000010000914       0x2c CMakeFiles/omar.dir/home/omar/pico-sdk/src/common/pico_time/time.c.obj
 .text.alarm_pool_post_alloc_init
                0x0000000010000940       0x78 CMakeFiles/omar.dir/home/omar/pico-sdk/src/common/pico_time/time.c.obj
 .text.alarm_pool_get_default
                0x00000000100009b8       0x2c CMakeFiles/omar.dir/home/omar/pico-sdk/src/common/pico_time/time.c.obj
                0x00000000100009b8                alarm_pool_get_default
 .text.alarm_pool_add_alarm_at_force_in_context
                0x00000000100009e4       0xa4 CMakeFiles/omar.dir/home/omar/pico-sdk/src/common/pico_time/time.c.obj
                0x00000000100009e4                alarm_pool_add_alarm_at_force_in_context
 .text.alarm_pool_add_alarm_at
                0x0000000010000a88       0x3c CMakeFiles/omar.dir/home/omar/pico-sdk/src/common/pico_time/time.c.obj
                0x0000000010000a88                alarm_pool_add_alarm_at
 .text.add_alarm_at
                0x0000000010000ac4       0x2e CMakeFiles/omar.dir/home/omar/pico-sdk/src/common/pico_time/time.c.obj
 *fill*         0x0000000010000af2        0x2 
 .text.alarm_pool_cancel_alarm
                0x0000000010000af4       0x78 CMakeFiles/omar.dir/home/omar/pico-sdk/src/common/pico_time/time.c.obj
                0x0000000010000af4                alarm_pool_cancel_alarm
 .text.cancel_alarm
                0x0000000010000b6c       0x10 CMakeFiles/omar.dir/home/omar/pico-sdk/src/common/pico_time/time.c.obj
 .text.sleep_until
                0x0000000010000b7c       0xc0 CMakeFiles/omar.dir/home/omar/pico-sdk/src/common/pico_time/time.c.obj
                0x0000000010000b7c                sleep_until
 .text.sleep_us
                0x0000000010000c3c       0x24 CMakeFiles/omar.dir/home/omar/pico-sdk/src/common/pico_time/time.c.obj
                0x0000000010000c3c                sleep_us
 .text.sleep_ms
                0x0000000010000c60       0x14 CMakeFiles/omar.dir/home/omar/pico-sdk/src/common/pico_time/time.c.obj
                0x0000000010000c60                sleep_ms
 .text.best_effort_wfe_or_timeout
                0x0000000010000c74       0xc4 CMakeFiles/omar.dir/home/omar/pico-sdk/src/common/pico_time/time.c.obj
                0x0000000010000c74                best_effort_wfe_or_timeout
 .text.alarm_pool_get_default_timer
                0x0000000010000d38        0x8 CMakeFiles/omar.dir/home/omar/pico-sdk/src/common/pico_time/time.c.obj
                0x0000000010000d38                alarm_pool_get_default_timer
 .text.runtime_init_default_alarm_pool
                0x0000000010000d40       0x38 CMakeFiles/omar.dir/home/omar/pico-sdk/src/common/pico_time/time.c.obj
                0x0000000010000d40                runtime_init_default_alarm_pool
 .text.timer_hardware_alarm_claim
                0x0000000010000d78       0x14 CMakeFiles/omar.dir/home/omar/pico-sdk/src/rp2_common/hardware_timer/timer.c.obj
                0x0000000010000d78                timer_hardware_alarm_claim
 .text.timer_time_us_64
                0x0000000010000d8c       0x10 CMakeFiles/omar.dir/home/omar/pico-sdk/src/rp2_common/hardware_timer/timer.c.obj
                0x0000000010000d8c                timer_time_us_64
 .text.timer_busy_wait_until
                0x0000000010000d9c       0x1a CMakeFiles/omar.dir/home/omar/pico-sdk/src/rp2_common/hardware_timer/timer.c.obj
                0x0000000010000d9c                timer_busy_wait_until
 *fill*         0x0000000010000db6        0x2 
 .text.time_us_64
                0x0000000010000db8       0x10 CMakeFiles/omar.dir/home/omar/pico-sdk/src/rp2_common/hardware_timer/timer.c.obj
                0x0000000010000db8                time_us_64
 .text.busy_wait_until
                0x0000000010000dc8       0x14 CMakeFiles/omar.dir/home/omar/pico-sdk/src/rp2_common/hardware_timer/timer.c.obj
                0x0000000010000dc8                busy_wait_until
 .text.clock_configure_internal
                0x0000000010000ddc       0xc4 CMakeFiles/omar.dir/home/omar/pico-sdk/src/rp2_common/hardware_clocks/clocks.c.obj
 .text.clock_configure_int_divider
                0x0000000010000ea0       0x28 CMakeFiles/omar.dir/home/omar/pico-sdk/src/rp2_common/hardware_clocks/clocks.c.obj
                0x0000000010000ea0                clock_configure_int_divider
 .text.clock_configure_undivided
                0x0000000010000ec8       0x12 CMakeFiles/omar.dir/home/omar/pico-sdk/src/rp2_common/hardware_clocks/clocks.c.obj
                0x0000000010000ec8                clock_configure_undivided
 *fill*         0x0000000010000eda        0x2 
 .text.clock_get_hz
                0x0000000010000edc        0xc CMakeFiles/omar.dir/home/omar/pico-sdk/src/rp2_common/hardware_clocks/clocks.c.obj
                0x0000000010000edc                clock_get_hz
 .text.pll_init
                0x0000000010000ee8      0x124 CMakeFiles/omar.dir/home/omar/pico-sdk/src/rp2_common/hardware_pll/pll.c.obj
                0x0000000010000ee8                pll_init
 .text.tick_start
                0x000000001000100c       0x10 CMakeFiles/omar.dir/home/omar/pico-sdk/src/rp2_common/hardware_ticks/ticks.c.obj
                0x000000001000100c                tick_start
 .text.xosc_init
                0x000000001000101c       0x28 CMakeFiles/omar.dir/home/omar/pico-sdk/src/rp2_common/hardware_xosc/xosc.c.obj
                0x000000001000101c                xosc_init
 .text.runtime_run_initializers_from
                0x0000000010001044       0x18 CMakeFiles/omar.dir/home/omar/pico-sdk/src/rp2_common/pico_runtime/runtime.c.obj
 .text.first_per_core_initializer
                0x000000001000105c        0x2 CMakeFiles/omar.dir/home/omar/pico-sdk/src/rp2_common/pico_runtime/runtime.c.obj
 *fill*         0x000000001000105e        0x2 
 .text.runtime_run_initializers
                0x0000000010001060       0x10 CMakeFiles/omar.dir/home/omar/pico-sdk/src/rp2_common/pico_runtime/runtime.c.obj
                0x0000000010001060                runtime_run_initializers
 .text.runtime_init_early_resets
                0x0000000010001070       0x2c CMakeFiles/omar.dir/home/omar/pico-sdk/src/rp2_common/pico_runtime_init/runtime_init.c.obj
                0x0000000010001070                runtime_init_early_resets
 .text.runtime_init_usb_power_down
                0x000000001000109c       0x1c CMakeFiles/omar.dir/home/omar/pico-sdk/src/rp2_common/pico_runtime_init/runtime_init.c.obj
                0x000000001000109c                runtime_init_usb_power_down
 .text.runtime_init_post_clock_resets
                0x00000000100010b8       0x20 CMakeFiles/omar.dir/home/omar/pico-sdk/src/rp2_common/pico_runtime_init/runtime_init.c.obj
                0x00000000100010b8                runtime_init_post_clock_resets
 .text.runtime_init_rp2040_gpio_ie_disable
                0x00000000100010d8       0x14 CMakeFiles/omar.dir/home/omar/pico-sdk/src/rp2_common/pico_runtime_init/runtime_init.c.obj
                0x00000000100010d8                runtime_init_rp2040_gpio_ie_disable
 .text.runtime_init_spin_locks_reset
                0x00000000100010ec        0x8 CMakeFiles/omar.dir/home/omar/pico-sdk/src/rp2_common/pico_runtime_init/runtime_init.c.obj
                0x00000000100010ec                runtime_init_spin_locks_reset
 .text.runtime_init_install_ram_vector_table
                0x00000000100010f4       0x1c CMakeFiles/omar.dir/home/omar/pico-sdk/src/rp2_common/pico_runtime_init/runtime_init.c.obj
                0x00000000100010f4                runtime_init_install_ram_vector_table
 .text.start_all_ticks
                0x0000000010001110       0x28 CMakeFiles/omar.dir/home/omar/pico-sdk/src/rp2_common/pico_runtime_init/runtime_init_clocks.c.obj
 .text.runtime_init_clocks
                0x0000000010001138       0xcc CMakeFiles/omar.dir/home/omar/pico-sdk/src/rp2_common/pico_runtime_init/runtime_init_clocks.c.obj
                0x0000000010001138                runtime_init_clocks
 .text          0x0000000010001204       0x10 CMakeFiles/omar.dir/home/omar/pico-sdk/src/rp2_common/pico_bit_ops/bit_ops_aeabi.S.obj
 .text.rom_func_lookup
                0x0000000010001214       0x10 CMakeFiles/omar.dir/home/omar/pico-sdk/src/rp2_common/pico_bootrom/bootrom.c.obj
                0x0000000010001214                rom_func_lookup
 .text.rom_data_lookup
                0x0000000010001224       0x10 CMakeFiles/omar.dir/home/omar/pico-sdk/src/rp2_common/pico_bootrom/bootrom.c.obj
                0x0000000010001224                rom_data_lookup
 .text.rom_funcs_lookup
                0x0000000010001234       0x36 CMakeFiles/omar.dir/home/omar/pico-sdk/src/rp2_common/pico_bootrom/bootrom.c.obj
                0x0000000010001234                rom_funcs_lookup
 *fill*         0x000000001000126a        0x2 
 .text.__wrap___aeabi_idiv
                0x000000001000126c       0x50 CMakeFiles/omar.dir/home/omar/pico-sdk/src/rp2_common/pico_divider/divider_hardware.S.obj
                0x000000001000126c                __wrap___aeabi_idivmod
                0x000000001000126c                divmod_s32s32
                0x000000001000126c                div_s32s32
                0x000000001000126c                __wrap___aeabi_idiv
                0x0000000010001274                divmod_s32s32_unsafe
                0x00000000100012a0                divmod_s32s32_savestate
 .text.__wrap___aeabi_uidiv
                0x00000000100012bc       0x4c CMakeFiles/omar.dir/home/omar/pico-sdk/src/rp2_common/pico_divider/divider_hardware.S.obj
                0x00000000100012bc                __wrap___aeabi_uidiv
                0x00000000100012bc                __wrap___aeabi_uidivmod
                0x00000000100012bc                div_u32u32
                0x00000000100012bc                divmod_u32u32
                0x00000000100012c4                divmod_u32u32_unsafe
                0x00000000100012ec                divmod_u32u32_savestate
 .text.__wrap___aeabi_ldiv
                0x0000000010001308      0x424 CMakeFiles/omar.dir/home/omar/pico-sdk/src/rp2_common/pico_divider/divider_hardware.S.obj
                0x0000000010001308                div_s64s64
                0x0000000010001308                divmod_s64s64
                0x0000000010001308                __wrap___aeabi_ldivmod
                0x0000000010001338                div_u64u64
                0x0000000010001338                divmod_u64u64
                0x0000000010001338                __wrap___aeabi_uldivmod
                0x0000000010001348                divmod_u64u64_savestate
                0x0000000010001368                divmod_s64s64_unsafe
                0x00000000100013f0                divmod_u64u64_unsafe
 .text.__wrap___aeabi_darithmetic
                0x000000001000172c       0x80 CMakeFiles/omar.dir/home/omar/pico-sdk/src/rp2_common/pico_double/double_aeabi_rp2040.S.obj
                0x000000001000172c                __wrap___aeabi_drsub
                0x0000000010001732                __wrap___aeabi_dsub
                0x0000000010001744                __wrap___aeabi_dadd
                0x0000000010001756                __wrap___aeabi_ddiv
                0x0000000010001792                __wrap___aeabi_dmul
 .text.__wrap___aeabi_cdcmple
                0x00000000100017ac       0x6c CMakeFiles/omar.dir/home/omar/pico-sdk/src/rp2_common/pico_double/double_aeabi_rp2040.S.obj
                0x00000000100017ac                __wrap___aeabi_cdrcmple
                0x00000000100017bc                __wrap___aeabi_cdcmple
                0x00000000100017bc                __wrap___aeabi_cdcmpeq
 .text.__wrap___aeabi_dcmplt
                0x0000000010001818        0xc CMakeFiles/omar.dir/home/omar/pico-sdk/src/rp2_common/pico_double/double_aeabi_rp2040.S.obj
                0x0000000010001818                __wrap___aeabi_dcmplt
 .text.__wrap___aeabi_dcmple
                0x0000000010001824       0x10 CMakeFiles/omar.dir/home/omar/pico-sdk/src/rp2_common/pico_double/double_aeabi_rp2040.S.obj
                0x0000000010001824                __wrap___aeabi_dcmple
 .text.__wrap___aeabi_dcmpge
                0x0000000010001834       0x10 CMakeFiles/omar.dir/home/omar/pico-sdk/src/rp2_common/pico_double/double_aeabi_rp2040.S.obj
                0x0000000010001834                __wrap___aeabi_dcmpge
 .text.__wrap___aeabi_dcmpgt
                0x0000000010001844        0xa CMakeFiles/omar.dir/home/omar/pico-sdk/src/rp2_common/pico_double/double_aeabi_rp2040.S.obj
                0x0000000010001844                __wrap___aeabi_dcmpgt
 .text.__wrap___aeabi_dcmpun
                0x000000001000184e       0x18 CMakeFiles/omar.dir/home/omar/pico-sdk/src/rp2_common/pico_double/double_aeabi_rp2040.S.obj
                0x000000001000184e                __wrap___aeabi_dcmpun
 *fill*         0x0000000010001866        0x2 
 .text.__wrap___aeabi_i2d
                0x0000000010001868       0x38 CMakeFiles/omar.dir/home/omar/pico-sdk/src/rp2_common/pico_double/double_aeabi_rp2040.S.obj
                0x0000000010001868                __wrap___aeabi_ui2d
                0x0000000010001870                __wrap___aeabi_i2d
 .text.__wrap___aeabi_d2iz
                0x00000000100018a0       0x48 CMakeFiles/omar.dir/home/omar/pico-sdk/src/rp2_common/pico_double/double_aeabi_rp2040.S.obj
                0x00000000100018a0                __wrap___aeabi_d2iz
                0x00000000100018a0                double2int_z
 .text.__wrap___aeabi_d2uiz
                0x00000000100018e8       0x18 CMakeFiles/omar.dir/home/omar/pico-sdk/src/rp2_common/pico_double/double_aeabi_rp2040.S.obj
                0x00000000100018e8                double2uint
                0x00000000100018e8                __wrap___aeabi_d2uiz
 .text.__aeabi_double_init
                0x0000000010001900       0xcc CMakeFiles/omar.dir/home/omar/pico-sdk/src/rp2_common/pico_double/double_init_rom_rp2040.c.obj
                0x0000000010001900                __aeabi_double_init
 .text.double_table_shim_on_use_helper
                0x00000000100019cc       0x34 CMakeFiles/omar.dir/home/omar/pico-sdk/src/rp2_common/pico_double/double_v1_rom_shim_rp2040.S.obj
                0x00000000100019cc                double_table_shim_on_use_helper
 .text.__wrap___aeabi_dsub
                0x0000000010001a00       0x10 CMakeFiles/omar.dir/home/omar/pico-sdk/src/rp2_common/pico_double/double_v1_rom_shim_rp2040.S.obj
                0x0000000010001a00                drsub_shim
                0x0000000010001a06                dsub_shim
 .text.dadd_shim
                0x0000000010001a10      0x15c CMakeFiles/omar.dir/home/omar/pico-sdk/src/rp2_common/pico_double/double_v1_rom_shim_rp2040.S.obj
                0x0000000010001a10                dadd_shim
 .text.dmul_shim
                0x0000000010001b6c      0x15c CMakeFiles/omar.dir/home/omar/pico-sdk/src/rp2_common/pico_double/double_v1_rom_shim_rp2040.S.obj
                0x0000000010001b6c                dmul_shim
 .text.ddiv_shim
                0x0000000010001cc8      0x1b0 CMakeFiles/omar.dir/home/omar/pico-sdk/src/rp2_common/pico_double/double_v1_rom_shim_rp2040.S.obj
                0x0000000010001cc8                ddiv_shim
 .text.double2uint_shim
                0x0000000010001e78        0xe CMakeFiles/omar.dir/home/omar/pico-sdk/src/rp2_common/pico_double/double_v1_rom_shim_rp2040.S.obj
                0x0000000010001e78                double2uint_shim
                0x0000000010001e7a                double2ufix_shim
 *fill*         0x0000000010001e86        0x2 
 .text.double2uint64_shim
                0x0000000010001e88       0x70 CMakeFiles/omar.dir/home/omar/pico-sdk/src/rp2_common/pico_double/double_v1_rom_shim_rp2040.S.obj
                0x0000000010001e88                double2uint64_shim
                0x0000000010001e8a                double2ufix64_shim
                0x0000000010001eaa                d2fix_a
 .text.dunpacks
                0x0000000010001ef8       0x3c CMakeFiles/omar.dir/home/omar/pico-sdk/src/rp2_common/pico_double/double_v1_rom_shim_rp2040.S.obj
                0x0000000010001ef8                dunpacks
 .text.__aeabi_lmul
                0x0000000010001f34       0x32 CMakeFiles/omar.dir/home/omar/pico-sdk/src/rp2_common/pico_int64_ops/pico_int64_ops_aeabi.S.obj
                0x0000000010001f34                __wrap___aeabi_lmul
 *fill*         0x0000000010001f66        0x2 
 .text.__aeabi_float_init
                0x0000000010001f68       0xfc CMakeFiles/omar.dir/home/omar/pico-sdk/src/rp2_common/pico_float/float_init_rom_rp2040.c.obj
                0x0000000010001f68                __aeabi_float_init
 .text.float_table_shim_on_use_helper
                0x0000000010002064       0x34 CMakeFiles/omar.dir/home/omar/pico-sdk/src/rp2_common/pico_float/float_v1_rom_shim_rp2040.S.obj
                0x0000000010002064                float_table_shim_on_use_helper
 .text          0x0000000010002098       0x10 CMakeFiles/omar.dir/home/omar/pico-sdk/src/rp2_common/pico_mem_ops/mem_ops_aeabi.S.obj
                0x0000000010002098                __aeabi_mem_init
 .text.memcpy   0x00000000100020a8        0xc CMakeFiles/omar.dir/home/omar/pico-sdk/src/rp2_common/pico_mem_ops/mem_ops_aeabi.S.obj
                0x00000000100020a8                __wrap___aeabi_memcpy
                0x00000000100020a8                __wrap_memcpy
 .text._out_null
                0x00000000100020b4        0x2 CMakeFiles/omar.dir/home/omar/pico-sdk/src/rp2_common/pico_printf/printf.c.obj
 .text._out_fct
                0x00000000100020b6        0xe CMakeFiles/omar.dir/home/omar/pico-sdk/src/rp2_common/pico_printf/printf.c.obj
 .text._atoi    0x00000000100020c4       0x24 CMakeFiles/omar.dir/home/omar/pico-sdk/src/rp2_common/pico_printf/printf.c.obj
 .text._out_rev
                0x00000000100020e8       0xae CMakeFiles/omar.dir/home/omar/pico-sdk/src/rp2_common/pico_printf/printf.c.obj
 .text._ntoa_format
                0x0000000010002196      0x110 CMakeFiles/omar.dir/home/omar/pico-sdk/src/rp2_common/pico_printf/printf.c.obj
 .text._ntoa_long
                0x00000000100022a6       0xbc CMakeFiles/omar.dir/home/omar/pico-sdk/src/rp2_common/pico_printf/printf.c.obj
 .text._ntoa_long_long
                0x0000000010002362      0x10e CMakeFiles/omar.dir/home/omar/pico-sdk/src/rp2_common/pico_printf/printf.c.obj
 .text._etoa    0x0000000010002470      0x420 CMakeFiles/omar.dir/home/omar/pico-sdk/src/rp2_common/pico_printf/printf.c.obj
 .text._ftoa    0x0000000010002890      0x354 CMakeFiles/omar.dir/home/omar/pico-sdk/src/rp2_common/pico_printf/printf.c.obj
 .text._vsnprintf
                0x0000000010002be4      0x65c CMakeFiles/omar.dir/home/omar/pico-sdk/src/rp2_common/pico_printf/printf.c.obj
 .text.vfctprintf
                0x0000000010003240       0x20 CMakeFiles/omar.dir/home/omar/pico-sdk/src/rp2_common/pico_printf/printf.c.obj
                0x0000000010003240                vfctprintf
 .text._exit    0x0000000010003260        0x4 CMakeFiles/omar.dir/home/omar/pico-sdk/src/rp2_common/pico_clib_interface/newlib_interface.c.obj
                0x0000000010003260                _exit
 .text.exit     0x0000000010003264        0x6 CMakeFiles/omar.dir/home/omar/pico-sdk/src/rp2_common/pico_clib_interface/newlib_interface.c.obj
                0x0000000010003264                exit
 *fill*         0x000000001000326a        0x2 
 .text.__assert_func
                0x000000001000326c       0x38 CMakeFiles/omar.dir/home/omar/pico-sdk/src/rp2_common/pico_clib_interface/newlib_interface.c.obj
                0x000000001000326c                __assert_func
 .text.runtime_init
                0x00000000100032a4       0x28 CMakeFiles/omar.dir/home/omar/pico-sdk/src/rp2_common/pico_clib_interface/newlib_interface.c.obj
                0x00000000100032a4                runtime_init
 .text.stdio_out_chars_no_crlf
                0x00000000100032cc        0xe CMakeFiles/omar.dir/home/omar/pico-sdk/src/rp2_common/pico_stdio/stdio.c.obj
 *fill*         0x00000000100032da        0x2 
 .text.stdio_out_chars_crlf
                0x00000000100032dc       0x80 CMakeFiles/omar.dir/home/omar/pico-sdk/src/rp2_common/pico_stdio/stdio.c.obj
 .text.stdio_stack_buffer_flush
                0x000000001000335c       0x44 CMakeFiles/omar.dir/home/omar/pico-sdk/src/rp2_common/pico_stdio/stdio.c.obj
 .text.stdio_buffered_printer
                0x00000000100033a0       0x20 CMakeFiles/omar.dir/home/omar/pico-sdk/src/rp2_common/pico_stdio/stdio.c.obj
 .text.stdout_serialize_begin
                0x00000000100033c0       0x30 CMakeFiles/omar.dir/home/omar/pico-sdk/src/rp2_common/pico_stdio/stdio.c.obj
                0x00000000100033c0                stdout_serialize_begin
 .text.stdout_serialize_end
                0x00000000100033f0       0x10 CMakeFiles/omar.dir/home/omar/pico-sdk/src/rp2_common/pico_stdio/stdio.c.obj
                0x00000000100033f0                stdout_serialize_end
 .text.stdio_put_string
                0x0000000010003400       0x94 CMakeFiles/omar.dir/home/omar/pico-sdk/src/rp2_common/pico_stdio/stdio.c.obj
                0x0000000010003400                stdio_put_string
 .text.stdio_flush
                0x0000000010003494       0x20 CMakeFiles/omar.dir/home/omar/pico-sdk/src/rp2_common/pico_stdio/stdio.c.obj
                0x0000000010003494                stdio_flush
 .text.stdio_init_all
                0x00000000100034b4        0x4 CMakeFiles/omar.dir/home/omar/pico-sdk/src/rp2_common/pico_stdio/stdio.c.obj
                0x00000000100034b4                stdio_init_all
 .text.__wrap_puts
                0x00000000100034b8       0x1e CMakeFiles/omar.dir/home/omar/pico-sdk/src/rp2_common/pico_stdio/stdio.c.obj
                0x00000000100034b8                __wrap_puts
                0x00000000100034b8                stdio_puts
 *fill*         0x00000000100034d6        0x2 
 .text.__wrap_vprintf
                0x00000000100034d8       0x40 CMakeFiles/omar.dir/home/omar/pico-sdk/src/rp2_common/pico_stdio/stdio.c.obj
                0x00000000100034d8                __wrap_vprintf
                0x00000000100034d8                stdio_vprintf
 .text.__wrap_printf
                0x0000000010003518       0x18 CMakeFiles/omar.dir/home/omar/pico-sdk/src/rp2_common/pico_stdio/stdio.c.obj
                0x0000000010003518                stdio_printf
                0x0000000010003518                __wrap_printf
 .text          0x0000000010003530       0x5c /usr/lib/gcc/arm-none-eabi/12.2.1/../../../arm-none-eabi/lib/thumb/v6-m/nofp/libg.a(lib_a-strlen-stub.o)
                0x0000000010003530                strlen
 *(.fini)
 .fini          0x000000001000358c        0x4 /usr/lib/gcc/arm-none-eabi/12.2.1/thumb/v6-m/nofp/crti.o
                0x000000001000358c                _fini
 .fini.__stub   0x0000000010003590       0x40 linker stubs
 *crtbegin.o(.ctors)
 *crtbegin?.o(.ctors)
 *(EXCLUDE_FILE(*crtend.o *crtend?.o) .ctors)
 *(SORT_BY_NAME(.ctors.*))
 *(.ctors)
 *crtbegin.o(.dtors)
 *crtbegin?.o(.dtors)
 *(EXCLUDE_FILE(*crtend.o *crtend?.o) .dtors)
 *(SORT_BY_NAME(.dtors.*))
 *(.dtors)
                0x00000000100035d0                . = ALIGN (0x4)
                0x00000000100035d0                PROVIDE (__preinit_array_start = .)
 *(SORT_BY_NAME(.preinit_array.*))
 .preinit_array.00100
                0x00000000100035d0        0x4 CMakeFiles/omar.dir/home/omar/pico-sdk/src/rp2_common/pico_runtime_init/runtime_init.c.obj
                0x00000000100035d0                __pre_init_runtime_init_early_resets
 .preinit_array.00101
                0x00000000100035d4        0x4 CMakeFiles/omar.dir/home/omar/pico-sdk/src/rp2_common/pico_runtime_init/runtime_init.c.obj
                0x00000000100035d4                __pre_init_runtime_init_usb_power_down
 .preinit_array.00275
                0x00000000100035d8        0x4 CMakeFiles/omar.dir/home/omar/pico-sdk/src/rp2_common/pico_bit_ops/bit_ops_aeabi.S.obj
 .preinit_array.00300
                0x00000000100035dc        0x4 CMakeFiles/omar.dir/home/omar/pico-sdk/src/rp2_common/pico_mem_ops/mem_ops_aeabi.S.obj
 .preinit_array.00350
                0x00000000100035e0        0x4 CMakeFiles/omar.dir/home/omar/pico-sdk/src/rp2_common/pico_double/double_aeabi_rp2040.S.obj
 .preinit_array.00350
                0x00000000100035e4        0x4 CMakeFiles/omar.dir/home/omar/pico-sdk/src/rp2_common/pico_float/float_aeabi_rp2040.S.obj
 .preinit_array.00500
                0x00000000100035e8        0x4 CMakeFiles/omar.dir/home/omar/pico-sdk/src/rp2_common/pico_runtime_init/runtime_init.c.obj
                0x00000000100035e8                __pre_init_runtime_init_clocks
 .preinit_array.00600
                0x00000000100035ec        0x4 CMakeFiles/omar.dir/home/omar/pico-sdk/src/rp2_common/pico_runtime_init/runtime_init.c.obj
                0x00000000100035ec                __pre_init_runtime_init_post_clock_resets
 .preinit_array.00700
                0x00000000100035f0        0x4 CMakeFiles/omar.dir/home/omar/pico-sdk/src/rp2_common/pico_runtime_init/runtime_init.c.obj
                0x00000000100035f0                __pre_init_runtime_init_rp2040_gpio_ie_disable
 .preinit_array.01000
                0x00000000100035f4        0x4 CMakeFiles/omar.dir/home/omar/pico-sdk/src/rp2_common/pico_runtime_init/runtime_init.c.obj
                0x00000000100035f4                __pre_init_runtime_init_spin_locks_reset
 .preinit_array.01100
                0x00000000100035f8        0x4 CMakeFiles/omar.dir/home/omar/pico-sdk/src/common/pico_sync/mutex.c.obj
                0x00000000100035f8                __pre_init_runtime_init_mutex
 .preinit_array.10080
                0x00000000100035fc        0x4 CMakeFiles/omar.dir/home/omar/pico-sdk/src/rp2_common/pico_runtime_init/runtime_init.c.obj
                0x00000000100035fc                __pre_init_runtime_init_install_ram_vector_table
 .preinit_array.11000
                0x0000000010003600        0x4 CMakeFiles/omar.dir/home/omar/pico-sdk/src/common/pico_time/time.c.obj
                0x0000000010003600                __pre_init_runtime_init_default_alarm_pool
 .preinit_array.YYYYY
                0x0000000010003604        0x4 CMakeFiles/omar.dir/home/omar/pico-sdk/src/rp2_common/pico_runtime/runtime.c.obj
                0x0000000010003604                __pre_init_first_per_core_initializer
 .preinit_array.ZZZZZ.01200
                0x0000000010003608        0x4 CMakeFiles/omar.dir/home/omar/pico-sdk/src/rp2_common/hardware_irq/irq.c.obj
                0x0000000010003608                __pre_init_runtime_init_per_core_irq_priorities
 *(.preinit_array)
                0x000000001000360c                PROVIDE (__preinit_array_end = .)
                0x000000001000360c                . = ALIGN (0x4)
                0x000000001000360c                PROVIDE (__init_array_start = .)
 *(SORT_BY_NAME(.init_array.*))
 *(.init_array)
 .init_array    0x000000001000360c        0x4 /usr/lib/gcc/arm-none-eabi/12.2.1/thumb/v6-m/nofp/crtbegin.o
                0x0000000010003610                PROVIDE (__init_array_end = .)
                0x0000000010003610                . = ALIGN (0x4)
                0x0000000010003610                PROVIDE (__fini_array_start = .)
 *(SORT_BY_NAME(.fini_array.*))
 *(.fini_array)
                0x0000000010003610                PROVIDE (__fini_array_end = .)
 *(.eh_frame*)
 .eh_frame      0x0000000010003610        0x0 /usr/lib/gcc/arm-none-eabi/12.2.1/thumb/v6-m/nofp/crtbegin.o
                0x0000000010003610                . = ALIGN (0x4)

.glue_7         0x0000000010003610        0x0
 .glue_7        0x0000000010003610        0x0 linker stubs

.glue_7t        0x0000000010003610        0x0
 .glue_7t       0x0000000010003610        0x0 linker stubs

.vfp11_veneer   0x0000000010003610        0x0
 .vfp11_veneer  0x0000000010003610        0x0 linker stubs

.v4_bx          0x0000000010003610        0x0
 .v4_bx         0x0000000010003610        0x0 linker stubs

.iplt           0x0000000010003610        0x0
 .iplt          0x0000000010003610        0x0 /usr/lib/gcc/arm-none-eabi/12.2.1/thumb/v6-m/nofp/crtbegin.o

.rodata         0x0000000010003610      0x7c4
 *(EXCLUDE_FILE(*libm.a: *libc.a:*lib_a-mem*.o *libgcc.a:) .rodata*)
 .rodata.panic.str1.4
                0x0000000010003610       0x12 CMakeFiles/omar.dir/home/omar/pico-sdk/src/rp2_common/pico_platform_panic/panic.c.obj
 *fill*         0x0000000010003622        0x2 
 .rodata.resolve_j_16.str1.4
                0x0000000010003624       0x4e CMakeFiles/omar.dir/home/omar/pico-sdk/src/rp2_common/hardware_irq/irq.c.obj
 *fill*         0x0000000010003672        0x2 
 .rodata.irq_set_exclusive_handler.str1.4
                0x0000000010003674       0x36 CMakeFiles/omar.dir/home/omar/pico-sdk/src/rp2_common/hardware_irq/irq.c.obj
 *fill*         0x00000000100036aa        0x2 
 .rodata.__func__.6
                0x00000000100036ac       0x1a CMakeFiles/omar.dir/home/omar/pico-sdk/src/rp2_common/hardware_irq/irq.c.obj
 *fill*         0x00000000100036c6        0x2 
 .rodata.runtime_init_mutex.str1.4
                0x00000000100036c8       0x51 CMakeFiles/omar.dir/home/omar/pico-sdk/src/common/pico_sync/mutex.c.obj
 *fill*         0x0000000010003719        0x3 
 .rodata.str1.4
                0x000000001000371c       0x51 CMakeFiles/omar.dir/home/omar/pico-sdk/src/common/pico_sync/mutex.c.obj
 *fill*         0x000000001000376d        0x3 
 .rodata.__func__.1
                0x0000000010003770        0xb CMakeFiles/omar.dir/home/omar/pico-sdk/src/common/pico_sync/mutex.c.obj
 *fill*         0x000000001000377b        0x1 
 .rodata.__func__.3
                0x000000001000377c       0x18 CMakeFiles/omar.dir/home/omar/pico-sdk/src/common/pico_sync/mutex.c.obj
 .rodata.__func__.6
                0x0000000010003794       0x13 CMakeFiles/omar.dir/home/omar/pico-sdk/src/common/pico_sync/mutex.c.obj
 *fill*         0x00000000100037a7        0x1 
 .rodata.alarm_pool_irq_handler.str1.4
                0x00000000100037a8       0x5c CMakeFiles/omar.dir/home/omar/pico-sdk/src/common/pico_time/time.c.obj
 .rodata.alarm_pool_get_default.str1.4
                0x0000000010003804       0x21 CMakeFiles/omar.dir/home/omar/pico-sdk/src/common/pico_time/time.c.obj
 *fill*         0x0000000010003825        0x3 
 .rodata.sleep_until.str1.4
                0x0000000010003828       0x4d CMakeFiles/omar.dir/home/omar/pico-sdk/src/common/pico_time/time.c.obj
 *fill*         0x0000000010003875        0x3 
 .rodata.__func__.1
                0x0000000010003878       0x17 CMakeFiles/omar.dir/home/omar/pico-sdk/src/common/pico_time/time.c.obj
 *fill*         0x000000001000388f        0x1 
 .rodata.__func__.2
                0x0000000010003890       0x17 CMakeFiles/omar.dir/home/omar/pico-sdk/src/common/pico_time/time.c.obj
 *fill*         0x00000000100038a7        0x1 
 .rodata.timer_hardware_alarm_claim.str1.4
                0x00000000100038a8       0x22 CMakeFiles/omar.dir/home/omar/pico-sdk/src/rp2_common/hardware_timer/timer.c.obj
 *fill*         0x00000000100038ca        0x2 
 .rodata.pll_init.str1.4
                0x00000000100038cc      0x10c CMakeFiles/omar.dir/home/omar/pico-sdk/src/rp2_common/hardware_pll/pll.c.obj
 .rodata.__func__.0
                0x00000000100039d8        0x9 CMakeFiles/omar.dir/home/omar/pico-sdk/src/rp2_common/hardware_pll/pll.c.obj
 *fill*         0x00000000100039e1        0x3 
 .rodata.__aeabi_double_init.str1.4
                0x00000000100039e4       0x8c CMakeFiles/omar.dir/home/omar/pico-sdk/src/rp2_common/pico_double/double_init_rom_rp2040.c.obj
 .rodata.__func__.0
                0x0000000010003a70       0x14 CMakeFiles/omar.dir/home/omar/pico-sdk/src/rp2_common/pico_double/double_init_rom_rp2040.c.obj
 .rodata.__aeabi_float_init.str1.4
                0x0000000010003a84       0x7a CMakeFiles/omar.dir/home/omar/pico-sdk/src/rp2_common/pico_float/float_init_rom_rp2040.c.obj
                                         0x7e (size before relaxing)
 *fill*         0x0000000010003afe        0x2 
 .rodata.__func__.0
                0x0000000010003b00       0x13 CMakeFiles/omar.dir/home/omar/pico-sdk/src/rp2_common/pico_float/float_init_rom_rp2040.c.obj
 *fill*         0x0000000010003b13        0x1 
 .rodata.str1.4
                0x0000000010003b14       0x2c CMakeFiles/omar.dir/home/omar/pico-sdk/src/rp2_common/pico_standard_binary_info/standard_binary_info.c.obj
 .rodata.__bi_84
                0x0000000010003b40        0xc CMakeFiles/omar.dir/home/omar/pico-sdk/src/rp2_common/pico_standard_binary_info/standard_binary_info.c.obj
 .rodata.__bi_54
                0x0000000010003b4c        0xc CMakeFiles/omar.dir/home/omar/pico-sdk/src/rp2_common/pico_standard_binary_info/standard_binary_info.c.obj
 .rodata.__bi_48
                0x0000000010003b58        0xc CMakeFiles/omar.dir/home/omar/pico-sdk/src/rp2_common/pico_standard_binary_info/standard_binary_info.c.obj
 .rodata.__bi_42
                0x0000000010003b64        0xc CMakeFiles/omar.dir/home/omar/pico-sdk/src/rp2_common/pico_standard_binary_info/standard_binary_info.c.obj
 .rodata.__bi_34
                0x0000000010003b70        0xc CMakeFiles/omar.dir/home/omar/pico-sdk/src/rp2_common/pico_standard_binary_info/standard_binary_info.c.obj
 .rodata.__bi_26
                0x0000000010003b7c        0xc CMakeFiles/omar.dir/home/omar/pico-sdk/src/rp2_common/pico_standard_binary_info/standard_binary_info.c.obj
 .rodata._ftoa.str1.4
                0x0000000010003b88       0x15 CMakeFiles/omar.dir/home/omar/pico-sdk/src/rp2_common/pico_printf/printf.c.obj
 *fill*         0x0000000010003b9d        0x3 
 .rodata._vsnprintf
                0x0000000010003ba0      0x19c CMakeFiles/omar.dir/home/omar/pico-sdk/src/rp2_common/pico_printf/printf.c.obj
 *fill*         0x0000000010003d3c        0x4 
 .rodata.pow10.0
                0x0000000010003d40       0x50 CMakeFiles/omar.dir/home/omar/pico-sdk/src/rp2_common/pico_printf/printf.c.obj
 .rodata.__assert_func.str1.4
                0x0000000010003d90       0x3f CMakeFiles/omar.dir/home/omar/pico-sdk/src/rp2_common/pico_clib_interface/newlib_interface.c.obj
                                         0x43 (size before relaxing)
 *fill*         0x0000000010003dcf        0x1 
 .rodata.crlf_str.0
                0x0000000010003dd0        0x2 CMakeFiles/omar.dir/home/omar/pico-sdk/src/rp2_common/pico_stdio/stdio.c.obj
                0x0000000010003dd4                . = ALIGN (0x4)
 *fill*         0x0000000010003dd2        0x2 
 *(SORT_BY_ALIGNMENT(SORT_BY_NAME(.flashdata*)))
                0x0000000010003dd4                . = ALIGN (0x4)

.ARM.extab
 *(.ARM.extab* .gnu.linkonce.armextab.*)
                0x0000000010003dd4                __exidx_start = .

.ARM.exidx
 *(.ARM.exidx* .gnu.linkonce.armexidx.*)
                0x0000000010003dd4                __exidx_end = .
                0x0000000010003dd4                . = ALIGN (0x4)
                0x0000000010003dd4                __binary_info_start = .

.binary_info    0x0000000010003dd4       0x18
 *(.binary_info.keep.*)
 .binary_info.keep.__bi_ptr84
                0x0000000010003dd4        0x4 CMakeFiles/omar.dir/home/omar/pico-sdk/src/rp2_common/pico_standard_binary_info/standard_binary_info.c.obj
 .binary_info.keep.__bi_ptr54
                0x0000000010003dd8        0x4 CMakeFiles/omar.dir/home/omar/pico-sdk/src/rp2_common/pico_standard_binary_info/standard_binary_info.c.obj
 .binary_info.keep.__bi_ptr48
                0x0000000010003ddc        0x4 CMakeFiles/omar.dir/home/omar/pico-sdk/src/rp2_common/pico_standard_binary_info/standard_binary_info.c.obj
 .binary_info.keep.__bi_ptr42
                0x0000000010003de0        0x4 CMakeFiles/omar.dir/home/omar/pico-sdk/src/rp2_common/pico_standard_binary_info/standard_binary_info.c.obj
 .binary_info.keep.__bi_ptr34
                0x0000000010003de4        0x4 CMakeFiles/omar.dir/home/omar/pico-sdk/src/rp2_common/pico_standard_binary_info/standard_binary_info.c.obj
 .binary_info.keep.__bi_ptr26
                0x0000000010003de8        0x4 CMakeFiles/omar.dir/home/omar/pico-sdk/src/rp2_common/pico_standard_binary_info/standard_binary_info.c.obj
 *(.binary_info.*)
                0x0000000010003dec                __binary_info_end = .

.rel.dyn        0x0000000010003dec        0x0
 .rel.iplt      0x0000000010003dec        0x0 /usr/lib/gcc/arm-none-eabi/12.2.1/thumb/v6-m/nofp/crtbegin.o
                0x0000000010003dec                . = ALIGN (0x4)

.ram_vector_table
                0x0000000020000000       0xc0
 *(.ram_vector_table)
 .ram_vector_table
                0x0000000020000000       0xc0 CMakeFiles/omar.dir/home/omar/pico-sdk/src/rp2_common/pico_runtime_init/runtime_init.c.obj
                0x0000000020000000                ram_vector_table

.uninitialized_data
                0x00000000200000c0        0x0
                0x00000000200000c0                . = ALIGN (0x4)
 *(.uninitialized_data*)

.data           0x00000000200000c0      0x1c8 load address 0x0000000010003dec
                0x00000000200000c0                __data_start__ = .
 *(vtable)
 *(.time_critical*)
 .time_critical.mutex_try_enter
                0x00000000200000c0       0x48 CMakeFiles/omar.dir/home/omar/pico-sdk/src/common/pico_sync/mutex.c.obj
                0x00000000200000c0                mutex_try_enter
 .time_critical.mutex_enter_block_until
                0x0000000020000108       0x90 CMakeFiles/omar.dir/home/omar/pico-sdk/src/common/pico_sync/mutex.c.obj
                0x0000000020000108                mutex_enter_block_until
 .time_critical.mutex_try_enter_block_until
                0x0000000020000198       0x34 CMakeFiles/omar.dir/home/omar/pico-sdk/src/common/pico_sync/mutex.c.obj
                0x0000000020000198                mutex_try_enter_block_until
 .time_critical.mutex_exit
                0x00000000200001cc       0x4c CMakeFiles/omar.dir/home/omar/pico-sdk/src/common/pico_sync/mutex.c.obj
                0x00000000200001cc                mutex_exit
 *(.text*)
 .text          0x0000000020000218        0x4 /usr/lib/gcc/arm-none-eabi/12.2.1/thumb/v6-m/nofp/libgcc.a(_dvmd_tls.o)
                0x0000000020000218                __aeabi_ldiv0
                0x0000000020000218                __aeabi_idiv0
 *fill*         0x000000002000021c        0x4 
 .text.__stub   0x0000000020000220       0x20 linker stubs
                0x0000000020000240                . = ALIGN (0x4)
 *(.rodata*)
                0x0000000020000240                . = ALIGN (0x4)
 *(.data*)
 .data.striped_spin_lock_num
                0x0000000020000240        0x1 CMakeFiles/omar.dir/home/omar/pico-sdk/src/rp2_common/hardware_sync/sync.c.obj
 *fill*         0x0000000020000241        0x3 
 .data.default_alarm_pool
                0x0000000020000244       0x18 CMakeFiles/omar.dir/home/omar/pico-sdk/src/common/pico_time/time.c.obj
 *fill*         0x000000002000025c        0x4 
 .data.aeabi_bits_funcs
                0x0000000020000260       0x10 CMakeFiles/omar.dir/home/omar/pico-sdk/src/rp2_common/pico_bit_ops/bit_ops_aeabi.S.obj
                0x0000000020000260                aeabi_bits_funcs
                0x0000000020000270                aeabi_bits_funcs_end
 .data.aeabi_mem_funcs
                0x0000000020000270       0x10 CMakeFiles/omar.dir/home/omar/pico-sdk/src/rp2_common/pico_mem_ops/mem_ops_aeabi.S.obj
                0x0000000020000270                aeabi_mem_funcs
                0x0000000020000280                aeabi_mem_funcs_end
                0x0000000020000280                . = ALIGN (0x4)
 *(.after_data.*)
                0x0000000020000280                . = ALIGN (0x4)
                0x0000000020000280                PROVIDE (__mutex_array_start = .)
 *(SORT_BY_NAME(.mutex_array.*))
 *(.mutex_array)
 .mutex_array   0x0000000020000280        0x8 CMakeFiles/omar.dir/home/omar/pico-sdk/src/rp2_common/pico_stdio/stdio.c.obj
                0x0000000020000288                PROVIDE (__mutex_array_end = .)
                0x0000000020000288                . = ALIGN (0x4)
 *(.jcr)
                0x0000000020000288                . = ALIGN (0x4)

.tm_clone_table
                0x0000000020000288        0x0 load address 0x0000000010003fb4
 .tm_clone_table
                0x0000000020000288        0x0 /usr/lib/gcc/arm-none-eabi/12.2.1/thumb/v6-m/nofp/crtbegin.o
 .tm_clone_table
                0x0000000020000288        0x0 /usr/lib/gcc/arm-none-eabi/12.2.1/thumb/v6-m/nofp/crtend.o

.igot.plt       0x0000000020000288        0x0 load address 0x0000000010003fb4
 .igot.plt      0x0000000020000288        0x0 /usr/lib/gcc/arm-none-eabi/12.2.1/thumb/v6-m/nofp/crtbegin.o

.tdata          0x0000000020000288        0x0 load address 0x0000000010003fb4
                0x0000000020000288                . = ALIGN (0x4)
 *(.tdata .tdata.* .gnu.linkonce.td.*)
                0x0000000020000288                __tdata_end = .
                0x0000000020000288                PROVIDE (__data_end__ = .)
                0x0000000010003dec                __etext = LOADADDR (.data)

.tbss           0x0000000020000288        0x0 load address 0x0000000010003fb4
                0x0000000020000288                . = ALIGN (0x4)
                0x0000000020000288                __bss_start__ = .
                0x0000000020000288                __tls_base = .
 *(.tbss .tbss.* .gnu.linkonce.tb.*)
 *(.tcommon)
                0x0000000020000288                __tls_end = .

.bss            0x0000000020000288      0x3e8 load address 0x0000000010003fb4
                0x0000000020000288                . = ALIGN (0x4)
                0x0000000020000288                __tbss_end = .
 *(SORT_BY_ALIGNMENT(SORT_BY_NAME(.bss*)))
 .bss.default_alarm_pool_entries
                0x0000000020000288      0x180 CMakeFiles/omar.dir/home/omar/pico-sdk/src/common/pico_time/time.c.obj
 .bss           0x0000000020000408       0x1c /usr/lib/gcc/arm-none-eabi/12.2.1/thumb/v6-m/nofp/crtbegin.o
 .bss.claimed   0x0000000020000424        0x1 CMakeFiles/omar.dir/home/omar/pico-sdk/src/rp2_common/hardware_timer/timer.c.obj
 *fill*         0x0000000020000425        0x3 
 .bss.configured_freq
                0x0000000020000428       0x28 CMakeFiles/omar.dir/home/omar/pico-sdk/src/rp2_common/hardware_clocks/clocks.c.obj
 .bss.drivers   0x0000000020000450        0x4 CMakeFiles/omar.dir/home/omar/pico-sdk/src/rp2_common/pico_stdio/stdio.c.obj
 .bss.filter    0x0000000020000454        0x4 CMakeFiles/omar.dir/home/omar/pico-sdk/src/rp2_common/pico_stdio/stdio.c.obj
 .bss.pools     0x0000000020000458       0x10 CMakeFiles/omar.dir/home/omar/pico-sdk/src/common/pico_time/time.c.obj
 .bss.sd_table  0x0000000020000468      0x100 CMakeFiles/omar.dir/home/omar/pico-sdk/src/rp2_common/pico_double/double_init_rom_rp2040.c.obj
                0x0000000020000468                sd_table
 .bss.sf_clz_func
                0x0000000020000568        0x4 CMakeFiles/omar.dir/home/omar/pico-sdk/src/rp2_common/pico_double/double_init_rom_rp2040.c.obj
                0x0000000020000568                sf_clz_func
 .bss.sf_table  0x000000002000056c      0x100 CMakeFiles/omar.dir/home/omar/pico-sdk/src/rp2_common/pico_float/float_init_rom_rp2040.c.obj
                0x000000002000056c                sf_table
 .bss.sleep_notifier
                0x000000002000066c        0x4 CMakeFiles/omar.dir/home/omar/pico-sdk/src/common/pico_time/time.c.obj
 *(COMMON)
                0x0000000020000670                . = ALIGN (0x4)
                0x0000000020000670                __bss_end__ = .

.heap           0x0000000020000670    0x3f990 load address 0x0000000010003fb4
                0x0000000020000670                __end__ = .
                0x0000000020000670                end = __end__
 *(.heap*)
 .heap          0x0000000020000670      0x800 CMakeFiles/omar.dir/home/omar/pico-sdk/src/rp2_common/pico_crt0/crt0.S.obj
                0x0000000020040000                . = (ORIGIN (RAM) + LENGTH (RAM))
 *fill*         0x0000000020000e70    0x3f190 
                0x0000000020040000                __HeapLimit = .

.scratch_x      0x0000000020040000        0x0 load address 0x0000000010003fb4
                0x0000000020040000                __scratch_x_start__ = .
 *(.scratch_x.*)
                0x0000000020040000                . = ALIGN (0x4)
                0x0000000020040000                __scratch_x_end__ = .
                0x0000000010003fb4                __scratch_x_source__ = LOADADDR (.scratch_x)

.scratch_y      0x0000000020041000        0x0 load address 0x0000000010003fb4
                0x0000000020041000                __scratch_y_start__ = .
 *(.scratch_y.*)
                0x0000000020041000                . = ALIGN (0x4)
                0x0000000020041000                __scratch_y_end__ = .
                0x0000000010003fb4                __scratch_y_source__ = LOADADDR (.scratch_y)

.stack1_dummy
 *(.stack1*)

.stack_dummy    0x0000000020041000      0x800
 *(.stack*)
 .stack         0x0000000020041000      0x800 CMakeFiles/omar.dir/home/omar/pico-sdk/src/rp2_common/pico_crt0/crt0.S.obj

.flash_end      0x0000000010003fb4        0x0
 *(.embedded_end_block*)
                0x0000000010003fb4                PROVIDE (__flash_binary_end = .)
                0x0000000020040000                __StackLimit = (ORIGIN (RAM) + LENGTH (RAM))
                0x0000000020041000                __StackOneTop = (ORIGIN (SCRATCH_X) + LENGTH (SCRATCH_X))
                0x0000000020042000                __StackTop = (ORIGIN (SCRATCH_Y) + LENGTH (SCRATCH_Y))
                0x0000000020041000                __StackOneBottom = (__StackOneTop - SIZEOF (.stack1_dummy))
                0x0000000020041800                __StackBottom = (__StackTop - SIZEOF (.stack_dummy))
                0x0000000020042000                PROVIDE (__stack = __StackTop)
                [!provide]                        PROVIDE (__heap_start = __end__)
                [!provide]                        PROVIDE (__heap_end = __HeapLimit)
                [!provide]                        PROVIDE (__tls_align = MAX (ALIGNOF (.tdata), ALIGNOF (.tbss)))
                [!provide]                        PROVIDE (__tls_size_align = (((__tls_size + __tls_align) - 0x1) & ~ ((__tls_align - 0x1))))
                [!provide]                        PROVIDE (__arm32_tls_tcb_offset = MAX (0x8, __tls_align))
                [!provide]                        PROVIDE (_end = __end__)
                [!provide]                        PROVIDE (__llvm_libc_heap_limit = __HeapLimit)
                0x0000000000000001                ASSERT ((__StackLimit >= __HeapLimit), region RAM overflowed)
                0x0000000000000001                ASSERT (((__binary_info_header_end - __logical_binary_start) <= 0x100), Binary info must be in first 256 bytes of the binary)
LOAD CMakeFiles/omar.dir/main.c.obj
LOAD CMakeFiles/omar.dir/home/omar/pico-sdk/src/rp2_common/pico_stdlib/stdlib.c.obj
LOAD CMakeFiles/omar.dir/home/omar/pico-sdk/src/rp2_common/hardware_gpio/gpio.c.obj
LOAD CMakeFiles/omar.dir/home/omar/pico-sdk/src/rp2040/pico_platform/platform.c.obj
LOAD CMakeFiles/omar.dir/home/omar/pico-sdk/src/rp2_common/pico_platform_panic/panic.c.obj
LOAD CMakeFiles/omar.dir/home/omar/pico-sdk/src/common/hardware_claim/claim.c.obj
LOAD CMakeFiles/omar.dir/home/omar/pico-sdk/src/rp2_common/hardware_sync/sync.c.obj
LOAD CMakeFiles/omar.dir/home/omar/pico-sdk/src/rp2_common/hardware_sync_spin_lock/sync_spin_lock.c.obj
LOAD CMakeFiles/omar.dir/home/omar/pico-sdk/src/rp2_common/hardware_irq/irq.c.obj
LOAD CMakeFiles/omar.dir/home/omar/pico-sdk/src/rp2_common/hardware_irq/irq_handler_chain.S.obj
LOAD CMakeFiles/omar.dir/home/omar/pico-sdk/src/common/pico_sync/sem.c.obj
LOAD CMakeFiles/omar.dir/home/omar/pico-sdk/src/common/pico_sync/lock_core.c.obj
LOAD CMakeFiles/omar.dir/home/omar/pico-sdk/src/common/pico_sync/mutex.c.obj
LOAD CMakeFiles/omar.dir/home/omar/pico-sdk/src/common/pico_sync/critical_section.c.obj
LOAD CMakeFiles/omar.dir/home/omar/pico-sdk/src/common/pico_time/time.c.obj
LOAD CMakeFiles/omar.dir/home/omar/pico-sdk/src/common/pico_time/timeout_helper.c.obj
LOAD CMakeFiles/omar.dir/home/omar/pico-sdk/src/rp2_common/hardware_timer/timer.c.obj
LOAD CMakeFiles/omar.dir/home/omar/pico-sdk/src/common/pico_util/datetime.c.obj
LOAD CMakeFiles/omar.dir/home/omar/pico-sdk/src/common/pico_util/pheap.c.obj
LOAD CMakeFiles/omar.dir/home/omar/pico-sdk/src/common/pico_util/queue.c.obj
LOAD CMakeFiles/omar.dir/home/omar/pico-sdk/src/rp2_common/hardware_uart/uart.c.obj
LOAD CMakeFiles/omar.dir/home/omar/pico-sdk/src/rp2_common/hardware_clocks/clocks.c.obj
LOAD CMakeFiles/omar.dir/home/omar/pico-sdk/src/rp2_common/hardware_pll/pll.c.obj
LOAD CMakeFiles/omar.dir/home/omar/pico-sdk/src/rp2_common/hardware_vreg/vreg.c.obj
LOAD CMakeFiles/omar.dir/home/omar/pico-sdk/src/rp2_common/hardware_watchdog/watchdog.c.obj
LOAD CMakeFiles/omar.dir/home/omar/pico-sdk/src/rp2_common/hardware_ticks/ticks.c.obj
LOAD CMakeFiles/omar.dir/home/omar/pico-sdk/src/rp2_common/hardware_xosc/xosc.c.obj
LOAD CMakeFiles/omar.dir/home/omar/pico-sdk/src/rp2_common/hardware_divider/divider.S.obj
LOAD CMakeFiles/omar.dir/home/omar/pico-sdk/src/rp2_common/pico_runtime/runtime.c.obj
LOAD CMakeFiles/omar.dir/home/omar/pico-sdk/src/rp2_common/pico_runtime_init/runtime_init.c.obj
LOAD CMakeFiles/omar.dir/home/omar/pico-sdk/src/rp2_common/pico_runtime_init/runtime_init_clocks.c.obj
LOAD CMakeFiles/omar.dir/home/omar/pico-sdk/src/rp2_common/pico_runtime_init/runtime_init_stack_guard.c.obj
LOAD CMakeFiles/omar.dir/home/omar/pico-sdk/src/rp2_common/pico_bit_ops/bit_ops_aeabi.S.obj
LOAD CMakeFiles/omar.dir/home/omar/pico-sdk/src/rp2_common/pico_bootrom/bootrom.c.obj
LOAD CMakeFiles/omar.dir/home/omar/pico-sdk/src/rp2_common/pico_bootrom/bootrom_lock.c.obj
LOAD CMakeFiles/omar.dir/home/omar/pico-sdk/src/rp2_common/hardware_boot_lock/boot_lock.c.obj
LOAD CMakeFiles/omar.dir/home/omar/pico-sdk/src/rp2_common/pico_divider/divider_hardware.S.obj
LOAD CMakeFiles/omar.dir/home/omar/pico-sdk/src/rp2_common/pico_double/double_aeabi_rp2040.S.obj
LOAD CMakeFiles/omar.dir/home/omar/pico-sdk/src/rp2_common/pico_double/double_init_rom_rp2040.c.obj
LOAD CMakeFiles/omar.dir/home/omar/pico-sdk/src/rp2_common/pico_double/double_math.c.obj
LOAD CMakeFiles/omar.dir/home/omar/pico-sdk/src/rp2_common/pico_double/double_v1_rom_shim_rp2040.S.obj
LOAD CMakeFiles/omar.dir/home/omar/pico-sdk/src/rp2_common/pico_int64_ops/pico_int64_ops_aeabi.S.obj
LOAD CMakeFiles/omar.dir/home/omar/pico-sdk/src/rp2_common/pico_float/float_aeabi_rp2040.S.obj
LOAD CMakeFiles/omar.dir/home/omar/pico-sdk/src/rp2_common/pico_float/float_init_rom_rp2040.c.obj
LOAD CMakeFiles/omar.dir/home/omar/pico-sdk/src/rp2_common/pico_float/float_math.c.obj
LOAD CMakeFiles/omar.dir/home/omar/pico-sdk/src/rp2_common/pico_float/float_v1_rom_shim_rp2040.S.obj
LOAD CMakeFiles/omar.dir/home/omar/pico-sdk/src/rp2_common/pico_malloc/malloc.c.obj
LOAD CMakeFiles/omar.dir/home/omar/pico-sdk/src/rp2_common/pico_mem_ops/mem_ops_aeabi.S.obj
LOAD CMakeFiles/omar.dir/home/omar/pico-sdk/src/rp2_common/pico_atomic/atomic.c.obj
LOAD CMakeFiles/omar.dir/home/omar/pico-sdk/src/rp2_common/pico_cxx_options/new_delete.cpp.obj
LOAD CMakeFiles/omar.dir/home/omar/pico-sdk/src/rp2_common/pico_standard_binary_info/standard_binary_info.c.obj
LOAD CMakeFiles/omar.dir/home/omar/pico-sdk/src/rp2_common/pico_printf/printf.c.obj
LOAD CMakeFiles/omar.dir/home/omar/pico-sdk/src/rp2_common/pico_crt0/crt0.S.obj
LOAD CMakeFiles/omar.dir/home/omar/pico-sdk/src/rp2_common/pico_clib_interface/newlib_interface.c.obj
LOAD CMakeFiles/omar.dir/home/omar/pico-sdk/src/rp2_common/pico_stdio/stdio.c.obj
LOAD /tmp/ccXMnY1c.o
LOAD /usr/lib/gcc/arm-none-eabi/12.2.1/../../../arm-none-eabi/lib/thumb/v6-m/nofp/libstdc++.a
LOAD /usr/lib/gcc/arm-none-eabi/12.2.1/../../../arm-none-eabi/lib/thumb/v6-m/nofp/libm.a
START GROUP
LOAD /usr/lib/gcc/arm-none-eabi/12.2.1/thumb/v6-m/nofp/libgcc.a
LOAD /usr/lib/gcc/arm-none-eabi/12.2.1/../../../arm-none-eabi/lib/thumb/v6-m/nofp/libg.a
LOAD /usr/lib/gcc/arm-none-eabi/12.2.1/../../../arm-none-eabi/lib/thumb/v6-m/nofp/libc.a
END GROUP
START GROUP
LOAD /usr/lib/gcc/arm-none-eabi/12.2.1/thumb/v6-m/nofp/libgcc.a
LOAD /usr/lib/gcc/arm-none-eabi/12.2.1/../../../arm-none-eabi/lib/thumb/v6-m/nofp/libc.a
LOAD /usr/lib/gcc/arm-none-eabi/12.2.1/../../../arm-none-eabi/lib/thumb/v6-m/nofp/libnosys.a
END GROUP
LOAD /usr/lib/gcc/arm-none-eabi/12.2.1/thumb/v6-m/nofp/crtend.o
LOAD /usr/lib/gcc/arm-none-eabi/12.2.1/thumb/v6-m/nofp/crtn.o
OUTPUT(omar.elf elf32-littlearm)
LOAD linker stubs

.ARM.attributes
                0x0000000000000000       0x28
 .ARM.attributes
                0x0000000000000000       0x1e /usr/lib/gcc/arm-none-eabi/12.2.1/thumb/v6-m/nofp/crti.o
 .ARM.attributes
                0x000000000000001e       0x2c /usr/lib/gcc/arm-none-eabi/12.2.1/thumb/v6-m/nofp/crtbegin.o
 .ARM.attributes
                0x000000000000004a       0x2c CMakeFiles/omar.dir/main.c.obj
 .ARM.attributes
                0x0000000000000076       0x2c CMakeFiles/omar.dir/home/omar/pico-sdk/src/rp2_common/hardware_gpio/gpio.c.obj
 .ARM.attributes
                0x00000000000000a2       0x2c CMakeFiles/omar.dir/home/omar/pico-sdk/src/rp2_common/pico_platform_panic/panic.c.obj
 .ARM.attributes
                0x00000000000000ce       0x2c CMakeFiles/omar.dir/home/omar/pico-sdk/src/common/hardware_claim/claim.c.obj
 .ARM.attributes
                0x00000000000000fa       0x2c CMakeFiles/omar.dir/home/omar/pico-sdk/src/rp2_common/hardware_sync/sync.c.obj
 .ARM.attributes
                0x0000000000000126       0x2c CMakeFiles/omar.dir/home/omar/pico-sdk/src/rp2_common/hardware_sync_spin_lock/sync_spin_lock.c.obj
 .ARM.attributes
                0x0000000000000152       0x2c CMakeFiles/omar.dir/home/omar/pico-sdk/src/rp2_common/hardware_irq/irq.c.obj
 .ARM.attributes
                0x000000000000017e       0x2c CMakeFiles/omar.dir/home/omar/pico-sdk/src/common/pico_sync/lock_core.c.obj
 .ARM.attributes
                0x00000000000001aa       0x2c CMakeFiles/omar.dir/home/omar/pico-sdk/src/common/pico_sync/mutex.c.obj
 .ARM.attributes
                0x00000000000001d6       0x2c CMakeFiles/omar.dir/home/omar/pico-sdk/src/common/pico_time/time.c.obj
 .ARM.attributes
                0x0000000000000202       0x2c CMakeFiles/omar.dir/home/omar/pico-sdk/src/rp2_common/hardware_timer/timer.c.obj
 .ARM.attributes
                0x000000000000022e       0x2c CMakeFiles/omar.dir/home/omar/pico-sdk/src/rp2_common/hardware_clocks/clocks.c.obj
 .ARM.attributes
                0x000000000000025a       0x2c CMakeFiles/omar.dir/home/omar/pico-sdk/src/rp2_common/hardware_pll/pll.c.obj
 .ARM.attributes
                0x0000000000000286       0x2c CMakeFiles/omar.dir/home/omar/pico-sdk/src/rp2_common/hardware_ticks/ticks.c.obj
 .ARM.attributes
                0x00000000000002b2       0x2c CMakeFiles/omar.dir/home/omar/pico-sdk/src/rp2_common/hardware_xosc/xosc.c.obj
 .ARM.attributes
                0x00000000000002de       0x2c CMakeFiles/omar.dir/home/omar/pico-sdk/src/rp2_common/pico_runtime/runtime.c.obj
 .ARM.attributes
                0x000000000000030a       0x2c CMakeFiles/omar.dir/home/omar/pico-sdk/src/rp2_common/pico_runtime_init/runtime_init.c.obj
 .ARM.attributes
                0x0000000000000336       0x2c CMakeFiles/omar.dir/home/omar/pico-sdk/src/rp2_common/pico_runtime_init/runtime_init_clocks.c.obj
 .ARM.attributes
                0x0000000000000362       0x22 CMakeFiles/omar.dir/home/omar/pico-sdk/src/rp2_common/pico_bit_ops/bit_ops_aeabi.S.obj
 .ARM.attributes
                0x0000000000000384       0x2c CMakeFiles/omar.dir/home/omar/pico-sdk/src/rp2_common/pico_bootrom/bootrom.c.obj
 .ARM.attributes
                0x00000000000003b0       0x22 CMakeFiles/omar.dir/home/omar/pico-sdk/src/rp2_common/pico_divider/divider_hardware.S.obj
 .ARM.attributes
                0x00000000000003d2       0x22 CMakeFiles/omar.dir/home/omar/pico-sdk/src/rp2_common/pico_double/double_aeabi_rp2040.S.obj
 .ARM.attributes
                0x00000000000003f4       0x2c CMakeFiles/omar.dir/home/omar/pico-sdk/src/rp2_common/pico_double/double_init_rom_rp2040.c.obj
 .ARM.attributes
                0x0000000000000420       0x22 CMakeFiles/omar.dir/home/omar/pico-sdk/src/rp2_common/pico_double/double_v1_rom_shim_rp2040.S.obj
 .ARM.attributes
                0x0000000000000442       0x22 CMakeFiles/omar.dir/home/omar/pico-sdk/src/rp2_common/pico_int64_ops/pico_int64_ops_aeabi.S.obj
 .ARM.attributes
                0x0000000000000464       0x22 CMakeFiles/omar.dir/home/omar/pico-sdk/src/rp2_common/pico_float/float_aeabi_rp2040.S.obj
 .ARM.attributes
                0x0000000000000486       0x2c CMakeFiles/omar.dir/home/omar/pico-sdk/src/rp2_common/pico_float/float_init_rom_rp2040.c.obj
 .ARM.attributes
                0x00000000000004b2       0x22 CMakeFiles/omar.dir/home/omar/pico-sdk/src/rp2_common/pico_float/float_v1_rom_shim_rp2040.S.obj
 .ARM.attributes
                0x00000000000004d4       0x22 CMakeFiles/omar.dir/home/omar/pico-sdk/src/rp2_common/pico_mem_ops/mem_ops_aeabi.S.obj
 .ARM.attributes
                0x00000000000004f6       0x2c CMakeFiles/omar.dir/home/omar/pico-sdk/src/rp2_common/pico_standard_binary_info/standard_binary_info.c.obj
 .ARM.attributes
                0x0000000000000522       0x2c CMakeFiles/omar.dir/home/omar/pico-sdk/src/rp2_common/pico_printf/printf.c.obj
 .ARM.attributes
                0x000000000000054e       0x22 CMakeFiles/omar.dir/home/omar/pico-sdk/src/rp2_common/pico_crt0/crt0.S.obj
 .ARM.attributes
                0x0000000000000570       0x2c CMakeFiles/omar.dir/home/omar/pico-sdk/src/rp2_common/pico_clib_interface/newlib_interface.c.obj
 .ARM.attributes
                0x000000000000059c       0x2c CMakeFiles/omar.dir/home/omar/pico-sdk/src/rp2_common/pico_stdio/stdio.c.obj
 .ARM.attributes
                0x00000000000005c8       0x22 /tmp/ccXMnY1c.o
 .ARM.attributes
                0x00000000000005ea       0x1e /usr/lib/gcc/arm-none-eabi/12.2.1/thumb/v6-m/nofp/libgcc.a(_dvmd_tls.o)
 .ARM.attributes
                0x0000000000000608       0x2c /usr/lib/gcc/arm-none-eabi/12.2.1/../../../arm-none-eabi/lib/thumb/v6-m/nofp/libg.a(lib_a-strlen-stub.o)
 .ARM.attributes
                0x0000000000000634       0x2c /usr/lib/gcc/arm-none-eabi/12.2.1/thumb/v6-m/nofp/crtend.o

.comment        0x0000000000000000       0x59
 .comment       0x0000000000000000       0x26 /usr/lib/gcc/arm-none-eabi/12.2.1/thumb/v6-m/nofp/crtbegin.o
                                         0x27 (size before relaxing)
 .comment       0x0000000000000026       0x27 CMakeFiles/omar.dir/main.c.obj
 .comment       0x0000000000000026       0x27 CMakeFiles/omar.dir/home/omar/pico-sdk/src/rp2_common/hardware_gpio/gpio.c.obj
 .comment       0x0000000000000026       0x27 CMakeFiles/omar.dir/home/omar/pico-sdk/src/rp2_common/pico_platform_panic/panic.c.obj
 .comment       0x0000000000000026       0x27 CMakeFiles/omar.dir/home/omar/pico-sdk/src/common/hardware_claim/claim.c.obj
 .comment       0x0000000000000026       0x27 CMakeFiles/omar.dir/home/omar/pico-sdk/src/rp2_common/hardware_sync/sync.c.obj
 .comment       0x0000000000000026       0x27 CMakeFiles/omar.dir/home/omar/pico-sdk/src/rp2_common/hardware_sync_spin_lock/sync_spin_lock.c.obj
 .comment       0x0000000000000026       0x27 CMakeFiles/omar.dir/home/omar/pico-sdk/src/rp2_common/hardware_irq/irq.c.obj
 .comment       0x0000000000000026       0x27 CMakeFiles/omar.dir/home/omar/pico-sdk/src/common/pico_sync/lock_core.c.obj
 .comment       0x0000000000000026       0x27 CMakeFiles/omar.dir/home/omar/pico-sdk/src/common/pico_sync/mutex.c.obj
 .comment       0x0000000000000026       0x27 CMakeFiles/omar.dir/home/omar/pico-sdk/src/common/pico_time/time.c.obj
 .comment       0x0000000000000026       0x27 CMakeFiles/omar.dir/home/omar/pico-sdk/src/rp2_common/hardware_timer/timer.c.obj
 .comment       0x0000000000000026       0x27 CMakeFiles/omar.dir/home/omar/pico-sdk/src/rp2_common/hardware_clocks/clocks.c.obj
 .comment       0x0000000000000026       0x27 CMakeFiles/omar.dir/home/omar/pico-sdk/src/rp2_common/hardware_pll/pll.c.obj
 .comment       0x0000000000000026       0x27 CMakeFiles/omar.dir/home/omar/pico-sdk/src/rp2_common/hardware_ticks/ticks.c.obj
 .comment       0x0000000000000026       0x27 CMakeFiles/omar.dir/home/omar/pico-sdk/src/rp2_common/hardware_xosc/xosc.c.obj
 .comment       0x0000000000000026       0x27 CMakeFiles/omar.dir/home/omar/pico-sdk/src/rp2_common/pico_runtime/runtime.c.obj
 .comment       0x0000000000000026       0x27 CMakeFiles/omar.dir/home/omar/pico-sdk/src/rp2_common/pico_runtime_init/runtime_init.c.obj
 .comment       0x0000000000000026       0x27 CMakeFiles/omar.dir/home/omar/pico-sdk/src/rp2_common/pico_runtime_init/runtime_init_clocks.c.obj
 .comment       0x0000000000000026       0x27 CMakeFiles/omar.dir/home/omar/pico-sdk/src/rp2_common/pico_bootrom/bootrom.c.obj
 .comment       0x0000000000000026       0x27 CMakeFiles/omar.dir/home/omar/pico-sdk/src/rp2_common/pico_double/double_init_rom_rp2040.c.obj
 .comment       0x0000000000000026       0x27 CMakeFiles/omar.dir/home/omar/pico-sdk/src/rp2_common/pico_float/float_init_rom_rp2040.c.obj
 .comment       0x0000000000000026       0x27 CMakeFiles/omar.dir/home/omar/pico-sdk/src/rp2_common/pico_standard_binary_info/standard_binary_info.c.obj
 .comment       0x0000000000000026       0x27 CMakeFiles/omar.dir/home/omar/pico-sdk/src/rp2_common/pico_printf/printf.c.obj
 .comment       0x0000000000000026       0x27 CMakeFiles/omar.dir/home/omar/pico-sdk/src/rp2_common/pico_clib_interface/newlib_interface.c.obj
 .comment       0x0000000000000026       0x27 CMakeFiles/omar.dir/home/omar/pico-sdk/src/rp2_common/pico_stdio/stdio.c.obj
 .comment       0x0000000000000026       0x33 /usr/lib/gcc/arm-none-eabi/12.2.1/../../../arm-none-eabi/lib/thumb/v6-m/nofp/libg.a(lib_a-strlen-stub.o)
                                         0x34 (size before relaxing)
 .comment       0x0000000000000059       0x27 /usr/lib/gcc/arm-none-eabi/12.2.1/thumb/v6-m/nofp/crtend.o

.debug_info     0x0000000000000000    0x135b9
 .debug_info    0x0000000000000000      0x772 CMakeFiles/omar.dir/main.c.obj
 .debug_info    0x0000000000000772     0x1ca0 CMakeFiles/omar.dir/home/omar/pico-sdk/src/rp2_common/hardware_gpio/gpio.c.obj
 .debug_info    0x0000000000002412      0x1b4 CMakeFiles/omar.dir/home/omar/pico-sdk/src/rp2_common/pico_platform_panic/panic.c.obj
 .debug_info    0x00000000000025c6      0x699 CMakeFiles/omar.dir/home/omar/pico-sdk/src/common/hardware_claim/claim.c.obj
 .debug_info    0x0000000000002c5f      0x42e CMakeFiles/omar.dir/home/omar/pico-sdk/src/rp2_common/hardware_sync/sync.c.obj
 .debug_info    0x000000000000308d      0x2eb CMakeFiles/omar.dir/home/omar/pico-sdk/src/rp2_common/hardware_sync_spin_lock/sync_spin_lock.c.obj
 .debug_info    0x0000000000003378     0x1f34 CMakeFiles/omar.dir/home/omar/pico-sdk/src/rp2_common/hardware_irq/irq.c.obj
 .debug_info    0x00000000000052ac      0x1a3 CMakeFiles/omar.dir/home/omar/pico-sdk/src/common/pico_sync/lock_core.c.obj
 .debug_info    0x000000000000544f     0x1e3c CMakeFiles/omar.dir/home/omar/pico-sdk/src/common/pico_sync/mutex.c.obj
 .debug_info    0x000000000000728b     0x32e1 CMakeFiles/omar.dir/home/omar/pico-sdk/src/common/pico_time/time.c.obj
 .debug_info    0x000000000000a56c     0x18fa CMakeFiles/omar.dir/home/omar/pico-sdk/src/rp2_common/hardware_timer/timer.c.obj
 .debug_info    0x000000000000be66     0x14ba CMakeFiles/omar.dir/home/omar/pico-sdk/src/rp2_common/hardware_clocks/clocks.c.obj
 .debug_info    0x000000000000d320      0x637 CMakeFiles/omar.dir/home/omar/pico-sdk/src/rp2_common/hardware_pll/pll.c.obj
 .debug_info    0x000000000000d957      0x29a CMakeFiles/omar.dir/home/omar/pico-sdk/src/rp2_common/hardware_ticks/ticks.c.obj
 .debug_info    0x000000000000dbf1      0x1b8 CMakeFiles/omar.dir/home/omar/pico-sdk/src/rp2_common/hardware_xosc/xosc.c.obj
 .debug_info    0x000000000000dda9      0x1b0 CMakeFiles/omar.dir/home/omar/pico-sdk/src/rp2_common/pico_runtime/runtime.c.obj
 .debug_info    0x000000000000df59      0x795 CMakeFiles/omar.dir/home/omar/pico-sdk/src/rp2_common/pico_runtime_init/runtime_init.c.obj
 .debug_info    0x000000000000e6ee      0x74d CMakeFiles/omar.dir/home/omar/pico-sdk/src/rp2_common/pico_runtime_init/runtime_init_clocks.c.obj
 .debug_info    0x000000000000ee3b       0x23 CMakeFiles/omar.dir/home/omar/pico-sdk/src/rp2_common/pico_bit_ops/bit_ops_aeabi.S.obj
 .debug_info    0x000000000000ee5e      0x3a6 CMakeFiles/omar.dir/home/omar/pico-sdk/src/rp2_common/pico_bootrom/bootrom.c.obj
 .debug_info    0x000000000000f204       0x23 CMakeFiles/omar.dir/home/omar/pico-sdk/src/rp2_common/pico_divider/divider_hardware.S.obj
 .debug_info    0x000000000000f227       0x23 CMakeFiles/omar.dir/home/omar/pico-sdk/src/rp2_common/pico_double/double_aeabi_rp2040.S.obj
 .debug_info    0x000000000000f24a      0x31c CMakeFiles/omar.dir/home/omar/pico-sdk/src/rp2_common/pico_double/double_init_rom_rp2040.c.obj
 .debug_info    0x000000000000f566       0x23 CMakeFiles/omar.dir/home/omar/pico-sdk/src/rp2_common/pico_double/double_v1_rom_shim_rp2040.S.obj
 .debug_info    0x000000000000f589       0x24 CMakeFiles/omar.dir/home/omar/pico-sdk/src/rp2_common/pico_int64_ops/pico_int64_ops_aeabi.S.obj
 .debug_info    0x000000000000f5ad       0x23 CMakeFiles/omar.dir/home/omar/pico-sdk/src/rp2_common/pico_float/float_aeabi_rp2040.S.obj
 .debug_info    0x000000000000f5d0      0x31d CMakeFiles/omar.dir/home/omar/pico-sdk/src/rp2_common/pico_float/float_init_rom_rp2040.c.obj
 .debug_info    0x000000000000f8ed       0x23 CMakeFiles/omar.dir/home/omar/pico-sdk/src/rp2_common/pico_float/float_v1_rom_shim_rp2040.S.obj
 .debug_info    0x000000000000f910       0x23 CMakeFiles/omar.dir/home/omar/pico-sdk/src/rp2_common/pico_mem_ops/mem_ops_aeabi.S.obj
 .debug_info    0x000000000000f933      0x25e CMakeFiles/omar.dir/home/omar/pico-sdk/src/rp2_common/pico_standard_binary_info/standard_binary_info.c.obj
 .debug_info    0x000000000000fb91     0x198b CMakeFiles/omar.dir/home/omar/pico-sdk/src/rp2_common/pico_printf/printf.c.obj
 .debug_info    0x000000000001151c       0x23 CMakeFiles/omar.dir/home/omar/pico-sdk/src/rp2_common/pico_crt0/crt0.S.obj
 .debug_info    0x000000000001153f      0xb9a CMakeFiles/omar.dir/home/omar/pico-sdk/src/rp2_common/pico_clib_interface/newlib_interface.c.obj
 .debug_info    0x00000000000120d9     0x13b9 CMakeFiles/omar.dir/home/omar/pico-sdk/src/rp2_common/pico_stdio/stdio.c.obj
 .debug_info    0x0000000000013492       0x39 /usr/lib/gcc/arm-none-eabi/12.2.1/thumb/v6-m/nofp/libgcc.a(_dvmd_tls.o)
 .debug_info    0x00000000000134cb       0xee /usr/lib/gcc/arm-none-eabi/12.2.1/../../../arm-none-eabi/lib/thumb/v6-m/nofp/libg.a(lib_a-strlen-stub.o)

.debug_abbrev   0x0000000000000000     0x456f
 .debug_abbrev  0x0000000000000000      0x1ee CMakeFiles/omar.dir/main.c.obj
 .debug_abbrev  0x00000000000001ee      0x42d CMakeFiles/omar.dir/home/omar/pico-sdk/src/rp2_common/hardware_gpio/gpio.c.obj
 .debug_abbrev  0x000000000000061b      0x12d CMakeFiles/omar.dir/home/omar/pico-sdk/src/rp2_common/pico_platform_panic/panic.c.obj
 .debug_abbrev  0x0000000000000748      0x2b4 CMakeFiles/omar.dir/home/omar/pico-sdk/src/common/hardware_claim/claim.c.obj
 .debug_abbrev  0x00000000000009fc      0x1f4 CMakeFiles/omar.dir/home/omar/pico-sdk/src/rp2_common/hardware_sync/sync.c.obj
 .debug_abbrev  0x0000000000000bf0      0x1f0 CMakeFiles/omar.dir/home/omar/pico-sdk/src/rp2_common/hardware_sync_spin_lock/sync_spin_lock.c.obj
 .debug_abbrev  0x0000000000000de0      0x5d8 CMakeFiles/omar.dir/home/omar/pico-sdk/src/rp2_common/hardware_irq/irq.c.obj
 .debug_abbrev  0x00000000000013b8      0x116 CMakeFiles/omar.dir/home/omar/pico-sdk/src/common/pico_sync/lock_core.c.obj
 .debug_abbrev  0x00000000000014ce      0x41b CMakeFiles/omar.dir/home/omar/pico-sdk/src/common/pico_sync/mutex.c.obj
 .debug_abbrev  0x00000000000018e9      0x632 CMakeFiles/omar.dir/home/omar/pico-sdk/src/common/pico_time/time.c.obj
 .debug_abbrev  0x0000000000001f1b      0x473 CMakeFiles/omar.dir/home/omar/pico-sdk/src/rp2_common/hardware_timer/timer.c.obj
 .debug_abbrev  0x000000000000238e      0x431 CMakeFiles/omar.dir/home/omar/pico-sdk/src/rp2_common/hardware_clocks/clocks.c.obj
 .debug_abbrev  0x00000000000027bf      0x20e CMakeFiles/omar.dir/home/omar/pico-sdk/src/rp2_common/hardware_pll/pll.c.obj
 .debug_abbrev  0x00000000000029cd      0x152 CMakeFiles/omar.dir/home/omar/pico-sdk/src/rp2_common/hardware_ticks/ticks.c.obj
 .debug_abbrev  0x0000000000002b1f      0x11d CMakeFiles/omar.dir/home/omar/pico-sdk/src/rp2_common/hardware_xosc/xosc.c.obj
 .debug_abbrev  0x0000000000002c3c      0x149 CMakeFiles/omar.dir/home/omar/pico-sdk/src/rp2_common/pico_runtime/runtime.c.obj
 .debug_abbrev  0x0000000000002d85      0x20f CMakeFiles/omar.dir/home/omar/pico-sdk/src/rp2_common/pico_runtime_init/runtime_init.c.obj
 .debug_abbrev  0x0000000000002f94      0x2b3 CMakeFiles/omar.dir/home/omar/pico-sdk/src/rp2_common/pico_runtime_init/runtime_init_clocks.c.obj
 .debug_abbrev  0x0000000000003247       0x12 CMakeFiles/omar.dir/home/omar/pico-sdk/src/rp2_common/pico_bit_ops/bit_ops_aeabi.S.obj
 .debug_abbrev  0x0000000000003259      0x1a0 CMakeFiles/omar.dir/home/omar/pico-sdk/src/rp2_common/pico_bootrom/bootrom.c.obj
 .debug_abbrev  0x00000000000033f9       0x12 CMakeFiles/omar.dir/home/omar/pico-sdk/src/rp2_common/pico_divider/divider_hardware.S.obj
 .debug_abbrev  0x000000000000340b       0x12 CMakeFiles/omar.dir/home/omar/pico-sdk/src/rp2_common/pico_double/double_aeabi_rp2040.S.obj
 .debug_abbrev  0x000000000000341d      0x1ab CMakeFiles/omar.dir/home/omar/pico-sdk/src/rp2_common/pico_double/double_init_rom_rp2040.c.obj
 .debug_abbrev  0x00000000000035c8       0x12 CMakeFiles/omar.dir/home/omar/pico-sdk/src/rp2_common/pico_double/double_v1_rom_shim_rp2040.S.obj
 .debug_abbrev  0x00000000000035da       0x14 CMakeFiles/omar.dir/home/omar/pico-sdk/src/rp2_common/pico_int64_ops/pico_int64_ops_aeabi.S.obj
 .debug_abbrev  0x00000000000035ee       0x12 CMakeFiles/omar.dir/home/omar/pico-sdk/src/rp2_common/pico_float/float_aeabi_rp2040.S.obj
 .debug_abbrev  0x0000000000003600      0x1ae CMakeFiles/omar.dir/home/omar/pico-sdk/src/rp2_common/pico_float/float_init_rom_rp2040.c.obj
 .debug_abbrev  0x00000000000037ae       0x12 CMakeFiles/omar.dir/home/omar/pico-sdk/src/rp2_common/pico_float/float_v1_rom_shim_rp2040.S.obj
 .debug_abbrev  0x00000000000037c0       0x12 CMakeFiles/omar.dir/home/omar/pico-sdk/src/rp2_common/pico_mem_ops/mem_ops_aeabi.S.obj
 .debug_abbrev  0x00000000000037d2       0xb8 CMakeFiles/omar.dir/home/omar/pico-sdk/src/rp2_common/pico_standard_binary_info/standard_binary_info.c.obj
 .debug_abbrev  0x000000000000388a      0x3a7 CMakeFiles/omar.dir/home/omar/pico-sdk/src/rp2_common/pico_printf/printf.c.obj
 .debug_abbrev  0x0000000000003c31       0x12 CMakeFiles/omar.dir/home/omar/pico-sdk/src/rp2_common/pico_crt0/crt0.S.obj
 .debug_abbrev  0x0000000000003c43      0x35f CMakeFiles/omar.dir/home/omar/pico-sdk/src/rp2_common/pico_clib_interface/newlib_interface.c.obj
 .debug_abbrev  0x0000000000003fa2      0x51f CMakeFiles/omar.dir/home/omar/pico-sdk/src/rp2_common/pico_stdio/stdio.c.obj
 .debug_abbrev  0x00000000000044c1       0x1f /usr/lib/gcc/arm-none-eabi/12.2.1/thumb/v6-m/nofp/libgcc.a(_dvmd_tls.o)
 .debug_abbrev  0x00000000000044e0       0x8f /usr/lib/gcc/arm-none-eabi/12.2.1/../../../arm-none-eabi/lib/thumb/v6-m/nofp/libg.a(lib_a-strlen-stub.o)

.debug_loclists
                0x0000000000000000     0x7713
 .debug_loclists
                0x0000000000000000      0x144 CMakeFiles/omar.dir/main.c.obj
 .debug_loclists
                0x0000000000000144      0xd35 CMakeFiles/omar.dir/home/omar/pico-sdk/src/rp2_common/hardware_gpio/gpio.c.obj
 .debug_loclists
                0x0000000000000e79      0x27b CMakeFiles/omar.dir/home/omar/pico-sdk/src/common/hardware_claim/claim.c.obj
 .debug_loclists
                0x00000000000010f4       0xc7 CMakeFiles/omar.dir/home/omar/pico-sdk/src/rp2_common/hardware_sync/sync.c.obj
 .debug_loclists
                0x00000000000011bb       0x9c CMakeFiles/omar.dir/home/omar/pico-sdk/src/rp2_common/hardware_sync_spin_lock/sync_spin_lock.c.obj
 .debug_loclists
                0x0000000000001257      0xc13 CMakeFiles/omar.dir/home/omar/pico-sdk/src/rp2_common/hardware_irq/irq.c.obj
 .debug_loclists
                0x0000000000001e6a       0x4a CMakeFiles/omar.dir/home/omar/pico-sdk/src/common/pico_sync/lock_core.c.obj
 .debug_loclists
                0x0000000000001eb4      0xa50 CMakeFiles/omar.dir/home/omar/pico-sdk/src/common/pico_sync/mutex.c.obj
 .debug_loclists
                0x0000000000002904     0x15b9 CMakeFiles/omar.dir/home/omar/pico-sdk/src/common/pico_time/time.c.obj
 .debug_loclists
                0x0000000000003ebd      0x892 CMakeFiles/omar.dir/home/omar/pico-sdk/src/rp2_common/hardware_timer/timer.c.obj
 .debug_loclists
                0x000000000000474f      0x89f CMakeFiles/omar.dir/home/omar/pico-sdk/src/rp2_common/hardware_clocks/clocks.c.obj
 .debug_loclists
                0x0000000000004fee      0x217 CMakeFiles/omar.dir/home/omar/pico-sdk/src/rp2_common/hardware_pll/pll.c.obj
 .debug_loclists
                0x0000000000005205       0x41 CMakeFiles/omar.dir/home/omar/pico-sdk/src/rp2_common/hardware_ticks/ticks.c.obj
 .debug_loclists
                0x0000000000005246       0x48 CMakeFiles/omar.dir/home/omar/pico-sdk/src/rp2_common/hardware_xosc/xosc.c.obj
 .debug_loclists
                0x000000000000528e       0x52 CMakeFiles/omar.dir/home/omar/pico-sdk/src/rp2_common/pico_runtime/runtime.c.obj
 .debug_loclists
                0x00000000000052e0       0xba CMakeFiles/omar.dir/home/omar/pico-sdk/src/rp2_common/pico_runtime_init/runtime_init.c.obj
 .debug_loclists
                0x000000000000539a       0x7b CMakeFiles/omar.dir/home/omar/pico-sdk/src/rp2_common/pico_runtime_init/runtime_init_clocks.c.obj
 .debug_loclists
                0x0000000000005415      0x16b CMakeFiles/omar.dir/home/omar/pico-sdk/src/rp2_common/pico_bootrom/bootrom.c.obj
 .debug_loclists
                0x0000000000005580       0x60 CMakeFiles/omar.dir/home/omar/pico-sdk/src/rp2_common/pico_double/double_init_rom_rp2040.c.obj
 .debug_loclists
                0x00000000000055e0       0x4f CMakeFiles/omar.dir/home/omar/pico-sdk/src/rp2_common/pico_float/float_init_rom_rp2040.c.obj
 .debug_loclists
                0x000000000000562f     0x1640 CMakeFiles/omar.dir/home/omar/pico-sdk/src/rp2_common/pico_printf/printf.c.obj
 .debug_loclists
                0x0000000000006c6f      0x387 CMakeFiles/omar.dir/home/omar/pico-sdk/src/rp2_common/pico_clib_interface/newlib_interface.c.obj
 .debug_loclists
                0x0000000000006ff6      0x71d CMakeFiles/omar.dir/home/omar/pico-sdk/src/rp2_common/pico_stdio/stdio.c.obj

.debug_aranges  0x0000000000000000      0xf10
 .debug_aranges
                0x0000000000000000       0x20 CMakeFiles/omar.dir/main.c.obj
 .debug_aranges
                0x0000000000000020      0x128 CMakeFiles/omar.dir/home/omar/pico-sdk/src/rp2_common/hardware_gpio/gpio.c.obj
 .debug_aranges
                0x0000000000000148       0x28 CMakeFiles/omar.dir/home/omar/pico-sdk/src/rp2_common/pico_platform_panic/panic.c.obj
 .debug_aranges
                0x0000000000000170       0x48 CMakeFiles/omar.dir/home/omar/pico-sdk/src/common/hardware_claim/claim.c.obj
 .debug_aranges
                0x00000000000001b8       0x48 CMakeFiles/omar.dir/home/omar/pico-sdk/src/rp2_common/hardware_sync/sync.c.obj
 .debug_aranges
                0x0000000000000200       0x28 CMakeFiles/omar.dir/home/omar/pico-sdk/src/rp2_common/hardware_sync_spin_lock/sync_spin_lock.c.obj
 .debug_aranges
                0x0000000000000228       0xe0 CMakeFiles/omar.dir/home/omar/pico-sdk/src/rp2_common/hardware_irq/irq.c.obj
 .debug_aranges
                0x0000000000000308       0x20 CMakeFiles/omar.dir/home/omar/pico-sdk/src/common/pico_sync/lock_core.c.obj
 .debug_aranges
                0x0000000000000328       0x98 CMakeFiles/omar.dir/home/omar/pico-sdk/src/common/pico_sync/mutex.c.obj
 .debug_aranges
                0x00000000000003c0      0x110 CMakeFiles/omar.dir/home/omar/pico-sdk/src/common/pico_time/time.c.obj
 .debug_aranges
                0x00000000000004d0       0xf0 CMakeFiles/omar.dir/home/omar/pico-sdk/src/rp2_common/hardware_timer/timer.c.obj
 .debug_aranges
                0x00000000000005c0       0xa0 CMakeFiles/omar.dir/home/omar/pico-sdk/src/rp2_common/hardware_clocks/clocks.c.obj
 .debug_aranges
                0x0000000000000660       0x28 CMakeFiles/omar.dir/home/omar/pico-sdk/src/rp2_common/hardware_pll/pll.c.obj
 .debug_aranges
                0x0000000000000688       0x30 CMakeFiles/omar.dir/home/omar/pico-sdk/src/rp2_common/hardware_ticks/ticks.c.obj
 .debug_aranges
                0x00000000000006b8       0x30 CMakeFiles/omar.dir/home/omar/pico-sdk/src/rp2_common/hardware_xosc/xosc.c.obj
 .debug_aranges
                0x00000000000006e8       0x40 CMakeFiles/omar.dir/home/omar/pico-sdk/src/rp2_common/pico_runtime/runtime.c.obj
 .debug_aranges
                0x0000000000000728       0x48 CMakeFiles/omar.dir/home/omar/pico-sdk/src/rp2_common/pico_runtime_init/runtime_init.c.obj
 .debug_aranges
                0x0000000000000770       0x28 CMakeFiles/omar.dir/home/omar/pico-sdk/src/rp2_common/pico_runtime_init/runtime_init_clocks.c.obj
 .debug_aranges
                0x0000000000000798       0x60 CMakeFiles/omar.dir/home/omar/pico-sdk/src/rp2_common/pico_bit_ops/bit_ops_aeabi.S.obj
 .debug_aranges
                0x00000000000007f8       0x38 CMakeFiles/omar.dir/home/omar/pico-sdk/src/rp2_common/pico_bootrom/bootrom.c.obj
 .debug_aranges
                0x0000000000000830       0x40 CMakeFiles/omar.dir/home/omar/pico-sdk/src/rp2_common/pico_divider/divider_hardware.S.obj
 .debug_aranges
                0x0000000000000870      0x140 CMakeFiles/omar.dir/home/omar/pico-sdk/src/rp2_common/pico_double/double_aeabi_rp2040.S.obj
 .debug_aranges
                0x00000000000009b0       0x20 CMakeFiles/omar.dir/home/omar/pico-sdk/src/rp2_common/pico_double/double_init_rom_rp2040.c.obj
 .debug_aranges
                0x00000000000009d0       0xc8 CMakeFiles/omar.dir/home/omar/pico-sdk/src/rp2_common/pico_double/double_v1_rom_shim_rp2040.S.obj
 .debug_aranges
                0x0000000000000a98       0x20 CMakeFiles/omar.dir/home/omar/pico-sdk/src/rp2_common/pico_int64_ops/pico_int64_ops_aeabi.S.obj
 .debug_aranges
                0x0000000000000ab8      0x130 CMakeFiles/omar.dir/home/omar/pico-sdk/src/rp2_common/pico_float/float_aeabi_rp2040.S.obj
 .debug_aranges
                0x0000000000000be8       0x20 CMakeFiles/omar.dir/home/omar/pico-sdk/src/rp2_common/pico_float/float_init_rom_rp2040.c.obj
 .debug_aranges
                0x0000000000000c08       0x50 CMakeFiles/omar.dir/home/omar/pico-sdk/src/rp2_common/pico_float/float_v1_rom_shim_rp2040.S.obj
 .debug_aranges
                0x0000000000000c58       0x38 CMakeFiles/omar.dir/home/omar/pico-sdk/src/rp2_common/pico_mem_ops/mem_ops_aeabi.S.obj
 .debug_aranges
                0x0000000000000c90       0x18 CMakeFiles/omar.dir/home/omar/pico-sdk/src/rp2_common/pico_standard_binary_info/standard_binary_info.c.obj
 .debug_aranges
                0x0000000000000ca8       0x90 CMakeFiles/omar.dir/home/omar/pico-sdk/src/rp2_common/pico_printf/printf.c.obj
 .debug_aranges
                0x0000000000000d38       0x28 CMakeFiles/omar.dir/home/omar/pico-sdk/src/rp2_common/pico_crt0/crt0.S.obj
 .debug_aranges
                0x0000000000000d60       0xa0 CMakeFiles/omar.dir/home/omar/pico-sdk/src/rp2_common/pico_clib_interface/newlib_interface.c.obj
 .debug_aranges
                0x0000000000000e00       0xd0 CMakeFiles/omar.dir/home/omar/pico-sdk/src/rp2_common/pico_stdio/stdio.c.obj
 .debug_aranges
                0x0000000000000ed0       0x20 /usr/lib/gcc/arm-none-eabi/12.2.1/thumb/v6-m/nofp/libgcc.a(_dvmd_tls.o)
 .debug_aranges
                0x0000000000000ef0       0x20 /usr/lib/gcc/arm-none-eabi/12.2.1/../../../arm-none-eabi/lib/thumb/v6-m/nofp/libg.a(lib_a-strlen-stub.o)

.debug_rnglists
                0x0000000000000000      0xe1d
 .debug_rnglists
                0x0000000000000000       0x13 CMakeFiles/omar.dir/main.c.obj
 .debug_rnglists
                0x0000000000000013      0x10a CMakeFiles/omar.dir/home/omar/pico-sdk/src/rp2_common/hardware_gpio/gpio.c.obj
 .debug_rnglists
                0x000000000000011d       0x19 CMakeFiles/omar.dir/home/omar/pico-sdk/src/rp2_common/pico_platform_panic/panic.c.obj
 .debug_rnglists
                0x0000000000000136       0x31 CMakeFiles/omar.dir/home/omar/pico-sdk/src/common/hardware_claim/claim.c.obj
 .debug_rnglists
                0x0000000000000167       0x31 CMakeFiles/omar.dir/home/omar/pico-sdk/src/rp2_common/hardware_sync/sync.c.obj
 .debug_rnglists
                0x0000000000000198       0x19 CMakeFiles/omar.dir/home/omar/pico-sdk/src/rp2_common/hardware_sync_spin_lock/sync_spin_lock.c.obj
 .debug_rnglists
                0x00000000000001b1      0x108 CMakeFiles/omar.dir/home/omar/pico-sdk/src/rp2_common/hardware_irq/irq.c.obj
 .debug_rnglists
                0x00000000000002b9       0x13 CMakeFiles/omar.dir/home/omar/pico-sdk/src/common/pico_sync/lock_core.c.obj
 .debug_rnglists
                0x00000000000002cc      0x11d CMakeFiles/omar.dir/home/omar/pico-sdk/src/common/pico_sync/mutex.c.obj
 .debug_rnglists
                0x00000000000003e9      0x1e6 CMakeFiles/omar.dir/home/omar/pico-sdk/src/common/pico_time/time.c.obj
 .debug_rnglists
                0x00000000000005cf       0xb2 CMakeFiles/omar.dir/home/omar/pico-sdk/src/rp2_common/hardware_timer/timer.c.obj
 .debug_rnglists
                0x0000000000000681       0xe2 CMakeFiles/omar.dir/home/omar/pico-sdk/src/rp2_common/hardware_clocks/clocks.c.obj
 .debug_rnglists
                0x0000000000000763       0x1a CMakeFiles/omar.dir/home/omar/pico-sdk/src/rp2_common/hardware_pll/pll.c.obj
 .debug_rnglists
                0x000000000000077d       0x1f CMakeFiles/omar.dir/home/omar/pico-sdk/src/rp2_common/hardware_ticks/ticks.c.obj
 .debug_rnglists
                0x000000000000079c       0x1f CMakeFiles/omar.dir/home/omar/pico-sdk/src/rp2_common/hardware_xosc/xosc.c.obj
 .debug_rnglists
                0x00000000000007bb       0x2b CMakeFiles/omar.dir/home/omar/pico-sdk/src/rp2_common/pico_runtime/runtime.c.obj
 .debug_rnglists
                0x00000000000007e6       0x31 CMakeFiles/omar.dir/home/omar/pico-sdk/src/rp2_common/pico_runtime_init/runtime_init.c.obj
 .debug_rnglists
                0x0000000000000817       0x26 CMakeFiles/omar.dir/home/omar/pico-sdk/src/rp2_common/pico_runtime_init/runtime_init_clocks.c.obj
 .debug_rnglists
                0x000000000000083d       0x43 CMakeFiles/omar.dir/home/omar/pico-sdk/src/rp2_common/pico_bit_ops/bit_ops_aeabi.S.obj
 .debug_rnglists
                0x0000000000000880       0x31 CMakeFiles/omar.dir/home/omar/pico-sdk/src/rp2_common/pico_bootrom/bootrom.c.obj
 .debug_rnglists
                0x00000000000008b1       0x2c CMakeFiles/omar.dir/home/omar/pico-sdk/src/rp2_common/pico_divider/divider_hardware.S.obj
 .debug_rnglists
                0x00000000000008dd       0xed CMakeFiles/omar.dir/home/omar/pico-sdk/src/rp2_common/pico_double/double_aeabi_rp2040.S.obj
 .debug_rnglists
                0x00000000000009ca       0x21 CMakeFiles/omar.dir/home/omar/pico-sdk/src/rp2_common/pico_double/double_init_rom_rp2040.c.obj
 .debug_rnglists
                0x00000000000009eb       0x99 CMakeFiles/omar.dir/home/omar/pico-sdk/src/rp2_common/pico_double/double_v1_rom_shim_rp2040.S.obj
 .debug_rnglists
                0x0000000000000a84       0xdf CMakeFiles/omar.dir/home/omar/pico-sdk/src/rp2_common/pico_float/float_aeabi_rp2040.S.obj
 .debug_rnglists
                0x0000000000000b63       0x20 CMakeFiles/omar.dir/home/omar/pico-sdk/src/rp2_common/pico_float/float_init_rom_rp2040.c.obj
 .debug_rnglists
                0x0000000000000b83       0x38 CMakeFiles/omar.dir/home/omar/pico-sdk/src/rp2_common/pico_float/float_v1_rom_shim_rp2040.S.obj
 .debug_rnglists
                0x0000000000000bbb       0x25 CMakeFiles/omar.dir/home/omar/pico-sdk/src/rp2_common/pico_mem_ops/mem_ops_aeabi.S.obj
 .debug_rnglists
                0x0000000000000be0       0xc2 CMakeFiles/omar.dir/home/omar/pico-sdk/src/rp2_common/pico_printf/printf.c.obj
 .debug_rnglists
                0x0000000000000ca2       0x1b CMakeFiles/omar.dir/home/omar/pico-sdk/src/rp2_common/pico_crt0/crt0.S.obj
 .debug_rnglists
                0x0000000000000cbd       0x73 CMakeFiles/omar.dir/home/omar/pico-sdk/src/rp2_common/pico_clib_interface/newlib_interface.c.obj
 .debug_rnglists
                0x0000000000000d30       0xed CMakeFiles/omar.dir/home/omar/pico-sdk/src/rp2_common/pico_stdio/stdio.c.obj

.debug_line     0x0000000000000000     0xc8f5